Archive member included to satisfy reference by file (symbol)

/home/itorius/.eclipse/com.st.stm32cube.ide.mcu.rcp.product_1.13.1_139062292_linux_gtk_x86_64/plugins/com.st.stm32cube.ide.mcu.externaltools.gnu-tools-for-stm32.11.3.rel1.linux64_1.1.1.202309131626/tools/bin/../lib/gcc/arm-none-eabi/11.3.1/../../../../arm-none-eabi/lib/thumb/v8-m.main+fp/hard/librdimon_nano.a(rdimon-syscalls.o)
                              /home/itorius/.eclipse/com.st.stm32cube.ide.mcu.rcp.product_1.13.1_139062292_linux_gtk_x86_64/plugins/com.st.stm32cube.ide.mcu.externaltools.gnu-tools-for-stm32.11.3.rel1.linux64_1.1.1.202309131626/tools/bin/../lib/gcc/arm-none-eabi/11.3.1/../../../../arm-none-eabi/lib/thumb/v8-m.main+fp/hard/rdimon-crt0.o (initialise_monitor_handles)
/home/itorius/.eclipse/com.st.stm32cube.ide.mcu.rcp.product_1.13.1_139062292_linux_gtk_x86_64/plugins/com.st.stm32cube.ide.mcu.externaltools.gnu-tools-for-stm32.11.3.rel1.linux64_1.1.1.202309131626/tools/bin/../lib/gcc/arm-none-eabi/11.3.1/../../../../arm-none-eabi/lib/thumb/v8-m.main+fp/hard/libc_nano.a(libc_a-exit.o)
                              /home/itorius/.eclipse/com.st.stm32cube.ide.mcu.rcp.product_1.13.1_139062292_linux_gtk_x86_64/plugins/com.st.stm32cube.ide.mcu.externaltools.gnu-tools-for-stm32.11.3.rel1.linux64_1.1.1.202309131626/tools/bin/../lib/gcc/arm-none-eabi/11.3.1/../../../../arm-none-eabi/lib/thumb/v8-m.main+fp/hard/rdimon-crt0.o (exit)
/home/itorius/.eclipse/com.st.stm32cube.ide.mcu.rcp.product_1.13.1_139062292_linux_gtk_x86_64/plugins/com.st.stm32cube.ide.mcu.externaltools.gnu-tools-for-stm32.11.3.rel1.linux64_1.1.1.202309131626/tools/bin/../lib/gcc/arm-none-eabi/11.3.1/../../../../arm-none-eabi/lib/thumb/v8-m.main+fp/hard/libc_nano.a(libc_a-findfp.o)
                              /home/itorius/.eclipse/com.st.stm32cube.ide.mcu.rcp.product_1.13.1_139062292_linux_gtk_x86_64/plugins/com.st.stm32cube.ide.mcu.externaltools.gnu-tools-for-stm32.11.3.rel1.linux64_1.1.1.202309131626/tools/bin/../lib/gcc/arm-none-eabi/11.3.1/../../../../arm-none-eabi/lib/thumb/v8-m.main+fp/hard/librdimon_nano.a(rdimon-syscalls.o) (__sinit)
/home/itorius/.eclipse/com.st.stm32cube.ide.mcu.rcp.product_1.13.1_139062292_linux_gtk_x86_64/plugins/com.st.stm32cube.ide.mcu.externaltools.gnu-tools-for-stm32.11.3.rel1.linux64_1.1.1.202309131626/tools/bin/../lib/gcc/arm-none-eabi/11.3.1/../../../../arm-none-eabi/lib/thumb/v8-m.main+fp/hard/libc_nano.a(libc_a-fwalk.o)
                              /home/itorius/.eclipse/com.st.stm32cube.ide.mcu.rcp.product_1.13.1_139062292_linux_gtk_x86_64/plugins/com.st.stm32cube.ide.mcu.externaltools.gnu-tools-for-stm32.11.3.rel1.linux64_1.1.1.202309131626/tools/bin/../lib/gcc/arm-none-eabi/11.3.1/../../../../arm-none-eabi/lib/thumb/v8-m.main+fp/hard/libc_nano.a(libc_a-findfp.o) (_fwalk_sglue)
/home/itorius/.eclipse/com.st.stm32cube.ide.mcu.rcp.product_1.13.1_139062292_linux_gtk_x86_64/plugins/com.st.stm32cube.ide.mcu.externaltools.gnu-tools-for-stm32.11.3.rel1.linux64_1.1.1.202309131626/tools/bin/../lib/gcc/arm-none-eabi/11.3.1/../../../../arm-none-eabi/lib/thumb/v8-m.main+fp/hard/libc_nano.a(libc_a-printf.o)
                              ./Core/Src/main.o (printf)
/home/itorius/.eclipse/com.st.stm32cube.ide.mcu.rcp.product_1.13.1_139062292_linux_gtk_x86_64/plugins/com.st.stm32cube.ide.mcu.externaltools.gnu-tools-for-stm32.11.3.rel1.linux64_1.1.1.202309131626/tools/bin/../lib/gcc/arm-none-eabi/11.3.1/../../../../arm-none-eabi/lib/thumb/v8-m.main+fp/hard/libc_nano.a(libc_a-putchar.o)
                              ./Core/Src/main.o (putchar)
/home/itorius/.eclipse/com.st.stm32cube.ide.mcu.rcp.product_1.13.1_139062292_linux_gtk_x86_64/plugins/com.st.stm32cube.ide.mcu.externaltools.gnu-tools-for-stm32.11.3.rel1.linux64_1.1.1.202309131626/tools/bin/../lib/gcc/arm-none-eabi/11.3.1/../../../../arm-none-eabi/lib/thumb/v8-m.main+fp/hard/libc_nano.a(libc_a-stdio.o)
                              /home/itorius/.eclipse/com.st.stm32cube.ide.mcu.rcp.product_1.13.1_139062292_linux_gtk_x86_64/plugins/com.st.stm32cube.ide.mcu.externaltools.gnu-tools-for-stm32.11.3.rel1.linux64_1.1.1.202309131626/tools/bin/../lib/gcc/arm-none-eabi/11.3.1/../../../../arm-none-eabi/lib/thumb/v8-m.main+fp/hard/libc_nano.a(libc_a-findfp.o) (__sread)
/home/itorius/.eclipse/com.st.stm32cube.ide.mcu.rcp.product_1.13.1_139062292_linux_gtk_x86_64/plugins/com.st.stm32cube.ide.mcu.externaltools.gnu-tools-for-stm32.11.3.rel1.linux64_1.1.1.202309131626/tools/bin/../lib/gcc/arm-none-eabi/11.3.1/../../../../arm-none-eabi/lib/thumb/v8-m.main+fp/hard/libc_nano.a(libc_a-memset.o)
                              /home/itorius/.eclipse/com.st.stm32cube.ide.mcu.rcp.product_1.13.1_139062292_linux_gtk_x86_64/plugins/com.st.stm32cube.ide.mcu.externaltools.gnu-tools-for-stm32.11.3.rel1.linux64_1.1.1.202309131626/tools/bin/../lib/gcc/arm-none-eabi/11.3.1/../../../../arm-none-eabi/lib/thumb/v8-m.main+fp/hard/rdimon-crt0.o (memset)
[...]
Memory Configuration

Name             Origin             Length             Attributes
RAM              0x0000000020000000 0x0000000000030000 xrw
RAM2             0x0000000020030000 0x0000000000010000 xrw
FLASH            0x0000000008000000 0x0000000000040000 xr
*default*        0x0000000000000000 0xffffffffffffffff

Linker script and memory map

LOAD /home/itorius/.eclipse/com.st.stm32cube.ide.mcu.rcp.product_1.13.1_139062292_linux_gtk_x86_64/plugins/com.st.stm32cube.ide.mcu.externaltools.gnu-tools-for-stm32.11.3.rel1.linux64_1.1.1.202309131626/tools/bin/../lib/gcc/arm-none-eabi/11.3.1/thumb/v8-m.main+fp/hard/crti.o
LOAD /home/itorius/.eclipse/com.st.stm32cube.ide.mcu.rcp.product_1.13.1_139062292_linux_gtk_x86_64/plugins/com.st.stm32cube.ide.mcu.externaltools.gnu-tools-for-stm32.11.3.rel1.linux64_1.1.1.202309131626/tools/bin/../lib/gcc/arm-none-eabi/11.3.1/thumb/v8-m.main+fp/hard/crtbegin.o
LOAD /home/itorius/.eclipse/com.st.stm32cube.ide.mcu.rcp.product_1.13.1_139062292_linux_gtk_x86_64/plugins/com.st.stm32cube.ide.mcu.externaltools.gnu-tools-for-stm32.11.3.rel1.linux64_1.1.1.202309131626/tools/bin/../lib/gcc/arm-none-eabi/11.3.1/../../../../arm-none-eabi/lib/thumb/v8-m.main+fp/hard/rdimon-crt0.o
LOAD ./Core/Src/main.o
LOAD ./Core/Src/stm32l5xx_hal_msp.o
LOAD ./Core/Src/stm32l5xx_it.o
LOAD ./Core/Src/sysmem.o
LOAD ./Core/Src/system_stm32l5xx.o
LOAD ./Core/Startup/startup_stm32l552cctx.o
LOAD ./Drivers/STM32L5xx_HAL_Driver/Src/stm32l5xx_hal.o
LOAD ./Drivers/STM32L5xx_HAL_Driver/Src/stm32l5xx_hal_cortex.o
LOAD ./Drivers/STM32L5xx_HAL_Driver/Src/stm32l5xx_hal_dma.o
LOAD ./Drivers/STM32L5xx_HAL_Driver/Src/stm32l5xx_hal_dma_ex.o
LOAD ./Drivers/STM32L5xx_HAL_Driver/Src/stm32l5xx_hal_exti.o
LOAD ./Drivers/STM32L5xx_HAL_Driver/Src/stm32l5xx_hal_flash.o
LOAD ./Drivers/STM32L5xx_HAL_Driver/Src/stm32l5xx_hal_flash_ex.o
LOAD ./Drivers/STM32L5xx_HAL_Driver/Src/stm32l5xx_hal_flash_ramfunc.o
LOAD ./Drivers/STM32L5xx_HAL_Driver/Src/stm32l5xx_hal_gpio.o
LOAD ./Drivers/STM32L5xx_HAL_Driver/Src/stm32l5xx_hal_i2c.o
LOAD ./Drivers/STM32L5xx_HAL_Driver/Src/stm32l5xx_hal_i2c_ex.o
LOAD ./Drivers/STM32L5xx_HAL_Driver/Src/stm32l5xx_hal_icache.o
LOAD ./Drivers/STM32L5xx_HAL_Driver/Src/stm32l5xx_hal_pwr.o
LOAD ./Drivers/STM32L5xx_HAL_Driver/Src/stm32l5xx_hal_pwr_ex.o
LOAD ./Drivers/STM32L5xx_HAL_Driver/Src/stm32l5xx_hal_rcc.o
LOAD ./Drivers/STM32L5xx_HAL_Driver/Src/stm32l5xx_hal_rcc_ex.o
LOAD ./Drivers/STM32L5xx_HAL_Driver/Src/stm32l5xx_hal_tim.o
LOAD ./Drivers/STM32L5xx_HAL_Driver/Src/stm32l5xx_hal_tim_ex.o
LOAD ./Drivers/STM32L5xx_HAL_Driver/Src/stm32l5xx_hal_uart.o
LOAD ./Drivers/STM32L5xx_HAL_Driver/Src/stm32l5xx_hal_uart_ex.o
LOAD /home/itorius/.eclipse/com.st.stm32cube.ide.mcu.rcp.product_1.13.1_139062292_linux_gtk_x86_64/plugins/com.st.stm32cube.ide.mcu.externaltools.gnu-tools-for-stm32.11.3.rel1.linux64_1.1.1.202309131626/tools/bin/../lib/gcc/arm-none-eabi/11.3.1/../../../../arm-none-eabi/lib/thumb/v8-m.main+fp/hard/librdimon_nano.a
START GROUP
LOAD /home/itorius/.eclipse/com.st.stm32cube.ide.mcu.rcp.product_1.13.1_139062292_linux_gtk_x86_64/plugins/com.st.stm32cube.ide.mcu.externaltools.gnu-tools-for-stm32.11.3.rel1.linux64_1.1.1.202309131626/tools/bin/../lib/gcc/arm-none-eabi/11.3.1/../../../../arm-none-eabi/lib/thumb/v8-m.main+fp/hard/libc_nano.a
LOAD /home/itorius/.eclipse/com.st.stm32cube.ide.mcu.rcp.product_1.13.1_139062292_linux_gtk_x86_64/plugins/com.st.stm32cube.ide.mcu.externaltools.gnu-tools-for-stm32.11.3.rel1.linux64_1.1.1.202309131626/tools/bin/../lib/gcc/arm-none-eabi/11.3.1/../../../../arm-none-eabi/lib/thumb/v8-m.main+fp/hard/libm.a
END GROUP
START GROUP
LOAD /home/itorius/.eclipse/com.st.stm32cube.ide.mcu.rcp.product_1.13.1_139062292_linux_gtk_x86_64/plugins/com.st.stm32cube.ide.mcu.externaltools.gnu-tools-for-stm32.11.3.rel1.linux64_1.1.1.202309131626/tools/bin/../lib/gcc/arm-none-eabi/11.3.1/thumb/v8-m.main+fp/hard/libgcc.a
LOAD /home/itorius/.eclipse/com.st.stm32cube.ide.mcu.rcp.product_1.13.1_139062292_linux_gtk_x86_64/plugins/com.st.stm32cube.ide.mcu.externaltools.gnu-tools-for-stm32.11.3.rel1.linux64_1.1.1.202309131626/tools/bin/../lib/gcc/arm-none-eabi/11.3.1/../../../../arm-none-eabi/lib/thumb/v8-m.main+fp/hard/libc_nano.a
END GROUP
START GROUP
LOAD /home/itorius/.eclipse/com.st.stm32cube.ide.mcu.rcp.product_1.13.1_139062292_linux_gtk_x86_64/plugins/com.st.stm32cube.ide.mcu.externaltools.gnu-tools-for-stm32.11.3.rel1.linux64_1.1.1.202309131626/tools/bin/../lib/gcc/arm-none-eabi/11.3.1/thumb/v8-m.main+fp/hard/libgcc.a
LOAD /home/itorius/.eclipse/com.st.stm32cube.ide.mcu.rcp.product_1.13.1_139062292_linux_gtk_x86_64/plugins/com.st.stm32cube.ide.mcu.externaltools.gnu-tools-for-stm32.11.3.rel1.linux64_1.1.1.202309131626/tools/bin/../lib/gcc/arm-none-eabi/11.3.1/../../../../arm-none-eabi/lib/thumb/v8-m.main+fp/hard/libc_nano.a
LOAD /home/itorius/.eclipse/com.st.stm32cube.ide.mcu.rcp.product_1.13.1_139062292_linux_gtk_x86_64/plugins/com.st.stm32cube.ide.mcu.externaltools.gnu-tools-for-stm32.11.3.rel1.linux64_1.1.1.202309131626/tools/bin/../lib/gcc/arm-none-eabi/11.3.1/../../../../arm-none-eabi/lib/thumb/v8-m.main+fp/hard/libnosys.a
END GROUP
START GROUP
LOAD /home/itorius/.eclipse/com.st.stm32cube.ide.mcu.rcp.product_1.13.1_139062292_linux_gtk_x86_64/plugins/com.st.stm32cube.ide.mcu.externaltools.gnu-tools-for-stm32.11.3.rel1.linux64_1.1.1.202309131626/tools/bin/../lib/gcc/arm-none-eabi/11.3.1/thumb/v8-m.main+fp/hard/libgcc.a
LOAD /home/itorius/.eclipse/com.st.stm32cube.ide.mcu.rcp.product_1.13.1_139062292_linux_gtk_x86_64/plugins/com.st.stm32cube.ide.mcu.externaltools.gnu-tools-for-stm32.11.3.rel1.linux64_1.1.1.202309131626/tools/bin/../lib/gcc/arm-none-eabi/11.3.1/../../../../arm-none-eabi/lib/thumb/v8-m.main+fp/hard/libc_nano.a
LOAD /home/itorius/.eclipse/com.st.stm32cube.ide.mcu.rcp.product_1.13.1_139062292_linux_gtk_x86_64/plugins/com.st.stm32cube.ide.mcu.externaltools.gnu-tools-for-stm32.11.3.rel1.linux64_1.1.1.202309131626/tools/bin/../lib/gcc/arm-none-eabi/11.3.1/../../../../arm-none-eabi/lib/thumb/v8-m.main+fp/hard/librdimon_nano.a
END GROUP
START GROUP
LOAD /home/itorius/.eclipse/com.st.stm32cube.ide.mcu.rcp.product_1.13.1_139062292_linux_gtk_x86_64/plugins/com.st.stm32cube.ide.mcu.externaltools.gnu-tools-for-stm32.11.3.rel1.linux64_1.1.1.202309131626/tools/bin/../lib/gcc/arm-none-eabi/11.3.1/thumb/v8-m.main+fp/hard/libgcc.a
LOAD /home/itorius/.eclipse/com.st.stm32cube.ide.mcu.rcp.product_1.13.1_139062292_linux_gtk_x86_64/plugins/com.st.stm32cube.ide.mcu.externaltools.gnu-tools-for-stm32.11.3.rel1.linux64_1.1.1.202309131626/tools/bin/../lib/gcc/arm-none-eabi/11.3.1/../../../../arm-none-eabi/lib/thumb/v8-m.main+fp/hard/libc_nano.a
LOAD /home/itorius/.eclipse/com.st.stm32cube.ide.mcu.rcp.product_1.13.1_139062292_linux_gtk_x86_64/plugins/com.st.stm32cube.ide.mcu.externaltools.gnu-tools-for-stm32.11.3.rel1.linux64_1.1.1.202309131626/tools/bin/../lib/gcc/arm-none-eabi/11.3.1/../../../../arm-none-eabi/lib/thumb/v8-m.main+fp/hard/librdimon_nano.a
LOAD /home/itorius/.eclipse/com.st.stm32cube.ide.mcu.rcp.product_1.13.1_139062292_linux_gtk_x86_64/plugins/com.st.stm32cube.ide.mcu.externaltools.gnu-tools-for-stm32.11.3.rel1.linux64_1.1.1.202309131626/tools/bin/../lib/gcc/arm-none-eabi/11.3.1/../../../../arm-none-eabi/lib/thumb/v8-m.main+fp/hard/libnosys.a
END GROUP
LOAD /home/itorius/.eclipse/com.st.stm32cube.ide.mcu.rcp.product_1.13.1_139062292_linux_gtk_x86_64/plugins/com.st.stm32cube.ide.mcu.externaltools.gnu-tools-for-stm32.11.3.rel1.linux64_1.1.1.202309131626/tools/bin/../lib/gcc/arm-none-eabi/11.3.1/thumb/v8-m.main+fp/hard/crtend.o
LOAD /home/itorius/.eclipse/com.st.stm32cube.ide.mcu.rcp.product_1.13.1_139062292_linux_gtk_x86_64/plugins/com.st.stm32cube.ide.mcu.externaltools.gnu-tools-for-stm32.11.3.rel1.linux64_1.1.1.202309131626/tools/bin/../lib/gcc/arm-none-eabi/11.3.1/thumb/v8-m.main+fp/hard/crtn.o
                0x0000000020030000                _estack = (ORIGIN (RAM) + LENGTH (RAM))
                0x0000000000000200                _Min_Heap_Size = 0x200
                0x0000000000000400                _Min_Stack_Size = 0x400

.isr_vector     0x0000000008000000      0x1f4
                0x0000000008000000                . = ALIGN (0x4)
 *(.isr_vector)
 .isr_vector    0x0000000008000000      0x1f4 ./Core/Startup/startup_stm32l552cctx.o
                0x0000000008000000                g_pfnVectors
                0x00000000080001f4                . = ALIGN (0x4)

.text           0x00000000080001f4     0x5d0c
                0x00000000080001f4                . = ALIGN (0x4)
 *(.text)
 .text          0x00000000080001f4       0x40 /home/itorius/.eclipse/com.st.stm32cube.ide.mcu.rcp.product_1.13.1_139062292_linux_gtk_x86_64/plugins/com.st.stm32cube.ide.mcu.externaltools.gnu-tools-for-stm32.11.3.rel1.linux64_1.1.1.202309131626/tools/bin/../lib/gcc/arm-none-eabi/11.3.1/thumb/v8-m.main+fp/hard/crtbegin.o
 .text          0x0000000008000234       0x10 /home/itorius/.eclipse/com.st.stm32cube.ide.mcu.rcp.product_1.13.1_139062292_linux_gtk_x86_64/plugins/com.st.stm32cube.ide.mcu.externaltools.gnu-tools-for-stm32.11.3.rel1.linux64_1.1.1.202309131626/tools/bin/../lib/gcc/arm-none-eabi/11.3.1/../../../../arm-none-eabi/lib/thumb/v8-m.main+fp/hard/libc_nano.a(libc_a-strlen.o)
                0x0000000008000234                strlen
 .text          0x0000000008000244       0x30 /home/itorius/.eclipse/com.st.stm32cube.ide.mcu.rcp.product_1.13.1_139062292_linux_gtk_x86_64/plugins/com.st.stm32cube.ide.mcu.externaltools.gnu-tools-for-stm32.11.3.rel1.linux64_1.1.1.202309131626/tools/bin/../lib/gcc/arm-none-eabi/11.3.1/thumb/v8-m.main+fp/hard/libgcc.a(_aeabi_uldivmod.o)
                0x0000000008000244                __aeabi_uldivmod
 .text          0x0000000008000274      0x2ec /home/itorius/.eclipse/com.st.stm32cube.ide.mcu.rcp.product_1.13.1_139062292_linux_gtk_x86_64/plugins/com.st.stm32cube.ide.mcu.externaltools.gnu-tools-for-stm32.11.3.rel1.linux64_1.1.1.202309131626/tools/bin/../lib/gcc/arm-none-eabi/11.3.1/thumb/v8-m.main+fp/hard/libgcc.a(_udivmoddi4.o)
                0x0000000008000274                __udivmoddi4
 .text          0x0000000008000560        0x4 /home/itorius/.eclipse/com.st.stm32cube.ide.mcu.rcp.product_1.13.1_139062292_linux_gtk_x86_64/plugins/com.st.stm32cube.ide.mcu.externaltools.gnu-tools-for-stm32.11.3.rel1.linux64_1.1.1.202309131626/tools/bin/../lib/gcc/arm-none-eabi/11.3.1/thumb/v8-m.main+fp/hard/libgcc.a(_dvmd_tls.o)
                0x0000000008000560                __aeabi_ldiv0
                0x0000000008000560                __aeabi_idiv0
 *(.text*)
 .text.HAL_UART_TxCpltCallback
                0x0000000008000564       0x1c ./Core/Src/main.o
                0x0000000008000564                HAL_UART_TxCpltCallback
 .text.main     0x0000000008000580       0x90 ./Core/Src/main.o
                0x0000000008000580                main
 .text.SystemClock_Config
                0x0000000008000610       0x9c ./Core/Src/main.o
                0x0000000008000610                SystemClock_Config
 .text.MX_I2C2_Init
                0x00000000080006ac       0x80 ./Core/Src/main.o
 .text.MX_ICACHE_Init
                0x000000000800072c       0x26 ./Core/Src/main.o
 *fill*         0x0000000008000752        0x2 
 .text.MX_USART2_UART_Init
                0x0000000008000754       0x98 ./Core/Src/main.o
 .text.MX_GPIO_Init
                0x00000000080007ec       0xb0 ./Core/Src/main.o
 .text.Error_Handler
                0x000000000800089c        0xa ./Core/Src/main.o
                0x000000000800089c                Error_Handler
 *fill*         0x00000000080008a6        0x2 
 .text.HAL_MspInit
                0x00000000080008a8       0x48 ./Core/Src/stm32l5xx_hal_msp.o
                0x00000000080008a8                HAL_MspInit
 .text.HAL_I2C_MspInit
                0x00000000080008f0       0xbc ./Core/Src/stm32l5xx_hal_msp.o
                0x00000000080008f0                HAL_I2C_MspInit
 .text.HAL_UART_MspInit
                0x00000000080009ac       0xcc ./Core/Src/stm32l5xx_hal_msp.o
                0x00000000080009ac                HAL_UART_MspInit
 .text.NMI_Handler
                0x0000000008000a78        0x6 ./Core/Src/stm32l5xx_it.o
                0x0000000008000a78                NMI_Handler
 .text.HardFault_Handler
                0x0000000008000a7e        0x6 ./Core/Src/stm32l5xx_it.o
                0x0000000008000a7e                HardFault_Handler
 .text.MemManage_Handler
                0x0000000008000a84        0x6 ./Core/Src/stm32l5xx_it.o
                0x0000000008000a84                MemManage_Handler
 .text.BusFault_Handler
                0x0000000008000a8a        0x6 ./Core/Src/stm32l5xx_it.o
                0x0000000008000a8a                BusFault_Handler
 .text.UsageFault_Handler
                0x0000000008000a90        0x6 ./Core/Src/stm32l5xx_it.o
                0x0000000008000a90                UsageFault_Handler
 .text.SVC_Handler
                0x0000000008000a96        0xe ./Core/Src/stm32l5xx_it.o
                0x0000000008000a96                SVC_Handler
 .text.DebugMon_Handler
                0x0000000008000aa4        0xe ./Core/Src/stm32l5xx_it.o
                0x0000000008000aa4                DebugMon_Handler
 .text.PendSV_Handler
                0x0000000008000ab2        0xe ./Core/Src/stm32l5xx_it.o
                0x0000000008000ab2                PendSV_Handler
 .text.SysTick_Handler
                0x0000000008000ac0        0xc ./Core/Src/stm32l5xx_it.o
                0x0000000008000ac0                SysTick_Handler
 .text.USART2_IRQHandler
                0x0000000008000acc       0x14 ./Core/Src/stm32l5xx_it.o
                0x0000000008000acc                USART2_IRQHandler
 .text._sbrk    0x0000000008000ae0       0x6c ./Core/Src/sysmem.o
                0x0000000008000ae0                _sbrk
 .text.SystemInit
                0x0000000008000b4c       0x24 ./Core/Src/system_stm32l5xx.o
                0x0000000008000b4c                SystemInit
 .text.SystemCoreClockUpdate
                0x0000000008000b70      0x15c ./Core/Src/system_stm32l5xx.o
                0x0000000008000b70                SystemCoreClockUpdate
 .text.Reset_Handler
                0x0000000008000ccc       0x50 ./Core/Startup/startup_stm32l552cctx.o
                0x0000000008000ccc                Reset_Handler
 .text.Default_Handler
                0x0000000008000d1c        0x2 ./Core/Startup/startup_stm32l552cctx.o
                0x0000000008000d1c                EXTI2_IRQHandler
                0x0000000008000d1c                TIM8_TRG_COM_IRQHandler
                0x0000000008000d1c                TIM8_CC_IRQHandler
                0x0000000008000d1c                EXTI5_IRQHandler
                0x0000000008000d1c                FLASH_S_IRQHandler
                0x0000000008000d1c                EXTI13_IRQHandler
                0x0000000008000d1c                TIM1_CC_IRQHandler
                0x0000000008000d1c                TSC_IRQHandler
                0x0000000008000d1c                TAMP_IRQHandler
                0x0000000008000d1c                TIM6_IRQHandler
                0x0000000008000d1c                EXTI12_IRQHandler
                0x0000000008000d1c                DMA2_Channel8_IRQHandler
                0x0000000008000d1c                EXTI3_IRQHandler
                0x0000000008000d1c                EXTI8_IRQHandler
                0x0000000008000d1c                LPTIM2_IRQHandler
                0x0000000008000d1c                DFSDM1_FLT1_IRQHandler
                0x0000000008000d1c                USB_FS_IRQHandler
                0x0000000008000d1c                I2C3_ER_IRQHandler
                0x0000000008000d1c                DFSDM1_FLT2_IRQHandler
                0x0000000008000d1c                DMAMUX1_IRQHandler
                0x0000000008000d1c                LPTIM3_IRQHandler
                0x0000000008000d1c                EXTI0_IRQHandler
                0x0000000008000d1c                I2C2_EV_IRQHandler
                0x0000000008000d1c                FPU_IRQHandler
                0x0000000008000d1c                FDCAN1_IT1_IRQHandler
                0x0000000008000d1c                ADC1_2_IRQHandler
                0x0000000008000d1c                SPI1_IRQHandler
                0x0000000008000d1c                OCTOSPI1_IRQHandler
                0x0000000008000d1c                TIM8_UP_IRQHandler
                0x0000000008000d1c                RCC_S_IRQHandler
                0x0000000008000d1c                DMA2_Channel2_IRQHandler
                0x0000000008000d1c                DMA1_Channel4_IRQHandler
                0x0000000008000d1c                SAI2_IRQHandler
                0x0000000008000d1c                DFSDM1_FLT3_IRQHandler
                0x0000000008000d1c                EXTI15_IRQHandler
                0x0000000008000d1c                TIM17_IRQHandler
                0x0000000008000d1c                USART3_IRQHandler
                0x0000000008000d1c                RTC_IRQHandler
                0x0000000008000d1c                EXTI9_IRQHandler
                0x0000000008000d1c                DMA1_Channel7_IRQHandler
                0x0000000008000d1c                UART5_IRQHandler
                0x0000000008000d1c                TIM4_IRQHandler
                0x0000000008000d1c                DMA2_Channel1_IRQHandler
                0x0000000008000d1c                I2C1_EV_IRQHandler
                0x0000000008000d1c                DMA1_Channel6_IRQHandler
                0x0000000008000d1c                TIM16_IRQHandler
                0x0000000008000d1c                UART4_IRQHandler
                0x0000000008000d1c                DMA2_Channel4_IRQHandler
                0x0000000008000d1c                SecureFault_Handler
                0x0000000008000d1c                TIM3_IRQHandler
                0x0000000008000d1c                RCC_IRQHandler
                0x0000000008000d1c                TIM1_TRG_COM_IRQHandler
                0x0000000008000d1c                DMA1_Channel1_IRQHandler
                0x0000000008000d1c                Default_Handler
                0x0000000008000d1c                DMA2_Channel7_IRQHandler
                0x0000000008000d1c                DMA1_Channel8_IRQHandler
                0x0000000008000d1c                TIM7_IRQHandler
                0x0000000008000d1c                SDMMC1_IRQHandler
                0x0000000008000d1c                TIM5_IRQHandler
                0x0000000008000d1c                UCPD1_IRQHandler
                0x0000000008000d1c                TIM15_IRQHandler
                0x0000000008000d1c                I2C3_EV_IRQHandler
                0x0000000008000d1c                PVD_PVM_IRQHandler
                0x0000000008000d1c                SPI2_IRQHandler
                0x0000000008000d1c                EXTI14_IRQHandler
                0x0000000008000d1c                EXTI11_IRQHandler
                0x0000000008000d1c                DMA2_Channel5_IRQHandler
                0x0000000008000d1c                CRS_IRQHandler
                0x0000000008000d1c                DMA1_Channel5_IRQHandler
                0x0000000008000d1c                EXTI4_IRQHandler
                0x0000000008000d1c                RTC_S_IRQHandler
                0x0000000008000d1c                RNG_IRQHandler
                0x0000000008000d1c                DMAMUX1_S_IRQHandler
                0x0000000008000d1c                DMA1_Channel3_IRQHandler
                0x0000000008000d1c                COMP_IRQHandler
                0x0000000008000d1c                TIM1_UP_IRQHandler
                0x0000000008000d1c                WWDG_IRQHandler
                0x0000000008000d1c                I2C4_EV_IRQHandler
                0x0000000008000d1c                LPUART1_IRQHandler
                0x0000000008000d1c                DMA2_Channel6_IRQHandler
                0x0000000008000d1c                FDCAN1_IT0_IRQHandler
                0x0000000008000d1c                TIM2_IRQHandler
                0x0000000008000d1c                TAMP_S_IRQHandler
                0x0000000008000d1c                EXTI7_IRQHandler
                0x0000000008000d1c                TIM1_BRK_IRQHandler
                0x0000000008000d1c                DAC_IRQHandler
                0x0000000008000d1c                EXTI1_IRQHandler
                0x0000000008000d1c                GTZC_IRQHandler
                0x0000000008000d1c                DFSDM1_FLT0_IRQHandler
                0x0000000008000d1c                I2C2_ER_IRQHandler
                0x0000000008000d1c                DMA1_Channel2_IRQHandler
                0x0000000008000d1c                TIM8_BRK_IRQHandler
                0x0000000008000d1c                FLASH_IRQHandler
                0x0000000008000d1c                USART1_IRQHandler
                0x0000000008000d1c                EXTI10_IRQHandler
                0x0000000008000d1c                SPI3_IRQHandler
                0x0000000008000d1c                I2C1_ER_IRQHandler
                0x0000000008000d1c                FMC_IRQHandler
                0x0000000008000d1c                EXTI6_IRQHandler
                0x0000000008000d1c                LPTIM1_IRQHandler
                0x0000000008000d1c                I2C4_ER_IRQHandler
                0x0000000008000d1c                ICACHE_IRQHandler
                0x0000000008000d1c                SAI1_IRQHandler
                0x0000000008000d1c                HASH_IRQHandler
                0x0000000008000d1c                DMA2_Channel3_IRQHandler
 .text.HAL_Init
                0x0000000008000d1e       0x34 ./Drivers/STM32L5xx_HAL_Driver/Src/stm32l5xx_hal.o
                0x0000000008000d1e                HAL_Init
 *fill*         0x0000000008000d52        0x2 
 .text.HAL_InitTick
                0x0000000008000d54       0x78 ./Drivers/STM32L5xx_HAL_Driver/Src/stm32l5xx_hal.o
                0x0000000008000d54                HAL_InitTick
 .text.HAL_IncTick
                0x0000000008000dcc       0x28 ./Drivers/STM32L5xx_HAL_Driver/Src/stm32l5xx_hal.o
                0x0000000008000dcc                HAL_IncTick
 .text.HAL_GetTick
                0x0000000008000df4       0x18 ./Drivers/STM32L5xx_HAL_Driver/Src/stm32l5xx_hal.o
                0x0000000008000df4                HAL_GetTick
 .text.HAL_Delay
                0x0000000008000e0c       0x48 ./Drivers/STM32L5xx_HAL_Driver/Src/stm32l5xx_hal.o
                0x0000000008000e0c                HAL_Delay
 .text.__NVIC_SetPriorityGrouping
                0x0000000008000e54       0x48 ./Drivers/STM32L5xx_HAL_Driver/Src/stm32l5xx_hal_cortex.o
 .text.__NVIC_GetPriorityGrouping
                0x0000000008000e9c       0x1c ./Drivers/STM32L5xx_HAL_Driver/Src/stm32l5xx_hal_cortex.o
 .text.__NVIC_EnableIRQ
                0x0000000008000eb8       0x3c ./Drivers/STM32L5xx_HAL_Driver/Src/stm32l5xx_hal_cortex.o
 .text.__NVIC_SetPriority
                0x0000000008000ef4       0x54 ./Drivers/STM32L5xx_HAL_Driver/Src/stm32l5xx_hal_cortex.o
 .text.NVIC_EncodePriority
                0x0000000008000f48       0x66 ./Drivers/STM32L5xx_HAL_Driver/Src/stm32l5xx_hal_cortex.o
 *fill*         0x0000000008000fae        0x2 
 .text.SysTick_Config
                0x0000000008000fb0       0x44 ./Drivers/STM32L5xx_HAL_Driver/Src/stm32l5xx_hal_cortex.o
 .text.HAL_NVIC_SetPriorityGrouping
                0x0000000008000ff4       0x16 ./Drivers/STM32L5xx_HAL_Driver/Src/stm32l5xx_hal_cortex.o
                0x0000000008000ff4                HAL_NVIC_SetPriorityGrouping
 .text.HAL_NVIC_SetPriority
                0x000000000800100a       0x34 ./Drivers/STM32L5xx_HAL_Driver/Src/stm32l5xx_hal_cortex.o
                0x000000000800100a                HAL_NVIC_SetPriority
 .text.HAL_NVIC_EnableIRQ
                0x000000000800103e       0x1c ./Drivers/STM32L5xx_HAL_Driver/Src/stm32l5xx_hal_cortex.o
                0x000000000800103e                HAL_NVIC_EnableIRQ
 .text.HAL_SYSTICK_Config
                0x000000000800105a       0x18 ./Drivers/STM32L5xx_HAL_Driver/Src/stm32l5xx_hal_cortex.o
                0x000000000800105a                HAL_SYSTICK_Config
 .text.HAL_DMA_Abort
                0x0000000008001072       0xb8 ./Drivers/STM32L5xx_HAL_Driver/Src/stm32l5xx_hal_dma.o
                0x0000000008001072                HAL_DMA_Abort
 .text.HAL_DMA_Abort_IT
                0x000000000800112a       0xbe ./Drivers/STM32L5xx_HAL_Driver/Src/stm32l5xx_hal_dma.o
                0x000000000800112a                HAL_DMA_Abort_IT
 .text.HAL_GPIO_Init
                0x00000000080011e8      0x300 ./Drivers/STM32L5xx_HAL_Driver/Src/stm32l5xx_hal_gpio.o
                0x00000000080011e8                HAL_GPIO_Init
 .text.HAL_GPIO_WritePin
                0x00000000080014e8       0x30 ./Drivers/STM32L5xx_HAL_Driver/Src/stm32l5xx_hal_gpio.o
                0x00000000080014e8                HAL_GPIO_WritePin
 .text.HAL_I2C_Init
                0x0000000008001518      0x11e ./Drivers/STM32L5xx_HAL_Driver/Src/stm32l5xx_hal_i2c.o
                0x0000000008001518                HAL_I2C_Init
 .text.HAL_I2CEx_ConfigAnalogFilter
                0x0000000008001636       0x96 ./Drivers/STM32L5xx_HAL_Driver/Src/stm32l5xx_hal_i2c_ex.o
                0x0000000008001636                HAL_I2CEx_ConfigAnalogFilter
 .text.HAL_I2CEx_ConfigDigitalFilter
                0x00000000080016cc       0x98 ./Drivers/STM32L5xx_HAL_Driver/Src/stm32l5xx_hal_i2c_ex.o
                0x00000000080016cc                HAL_I2CEx_ConfigDigitalFilter
 .text.HAL_ICACHE_ConfigAssociativityMode
                0x0000000008001764       0x40 ./Drivers/STM32L5xx_HAL_Driver/Src/stm32l5xx_hal_icache.o
                0x0000000008001764                HAL_ICACHE_ConfigAssociativityMode
 .text.HAL_ICACHE_Enable
                0x00000000080017a4       0x20 ./Drivers/STM32L5xx_HAL_Driver/Src/stm32l5xx_hal_icache.o
                0x00000000080017a4                HAL_ICACHE_Enable
 .text.HAL_PWREx_GetVoltageRange
                0x00000000080017c4       0x1c ./Drivers/STM32L5xx_HAL_Driver/Src/stm32l5xx_hal_pwr_ex.o
                0x00000000080017c4                HAL_PWREx_GetVoltageRange
 .text.HAL_PWREx_ControlVoltageScaling
                0x00000000080017e0       0xb8 ./Drivers/STM32L5xx_HAL_Driver/Src/stm32l5xx_hal_pwr_ex.o
                0x00000000080017e0                HAL_PWREx_ControlVoltageScaling
 .text.HAL_PWREx_DisableUCPDDeadBattery
                0x0000000008001898       0x20 ./Drivers/STM32L5xx_HAL_Driver/Src/stm32l5xx_hal_pwr_ex.o
                0x0000000008001898                HAL_PWREx_DisableUCPDDeadBattery
 .text.HAL_PWREx_SMPS_GetEffectiveMode
                0x00000000080018b8       0x48 ./Drivers/STM32L5xx_HAL_Driver/Src/stm32l5xx_hal_pwr_ex.o
                0x00000000080018b8                HAL_PWREx_SMPS_GetEffectiveMode
 .text.HAL_RCC_OscConfig
                0x0000000008001900      0x9ac ./Drivers/STM32L5xx_HAL_Driver/Src/stm32l5xx_hal_rcc.o
                0x0000000008001900                HAL_RCC_OscConfig
 .text.HAL_RCC_ClockConfig
                0x00000000080022ac      0x270 ./Drivers/STM32L5xx_HAL_Driver/Src/stm32l5xx_hal_rcc.o
                0x00000000080022ac                HAL_RCC_ClockConfig
 .text.HAL_RCC_GetSysClockFreq
                0x000000000800251c      0x13c ./Drivers/STM32L5xx_HAL_Driver/Src/stm32l5xx_hal_rcc.o
                0x000000000800251c                HAL_RCC_GetSysClockFreq
 .text.HAL_RCC_GetHCLKFreq
                0x0000000008002658       0x28 ./Drivers/STM32L5xx_HAL_Driver/Src/stm32l5xx_hal_rcc.o
                0x0000000008002658                HAL_RCC_GetHCLKFreq
 .text.HAL_RCC_GetPCLK1Freq
                0x0000000008002680       0x28 ./Drivers/STM32L5xx_HAL_Driver/Src/stm32l5xx_hal_rcc.o
                0x0000000008002680                HAL_RCC_GetPCLK1Freq
 .text.HAL_RCC_GetPCLK2Freq
                0x00000000080026a8       0x28 ./Drivers/STM32L5xx_HAL_Driver/Src/stm32l5xx_hal_rcc.o
                0x00000000080026a8                HAL_RCC_GetPCLK2Freq
 .text.RCC_SetFlashLatencyFromMSIRange
                0x00000000080026d0       0xc8 ./Drivers/STM32L5xx_HAL_Driver/Src/stm32l5xx_hal_rcc.o
 .text.RCC_GetSysClockFreqFromPLLSource
                0x0000000008002798       0xdc ./Drivers/STM32L5xx_HAL_Driver/Src/stm32l5xx_hal_rcc.o
 .text.HAL_RCCEx_PeriphCLKConfig
                0x0000000008002874      0x708 ./Drivers/STM32L5xx_HAL_Driver/Src/stm32l5xx_hal_rcc_ex.o
                0x0000000008002874                HAL_RCCEx_PeriphCLKConfig
 .text.RCCEx_PLLSAI1_Config
                0x0000000008002f7c      0x1cc ./Drivers/STM32L5xx_HAL_Driver/Src/stm32l5xx_hal_rcc_ex.o
 .text.RCCEx_PLLSAI2_Config
                0x0000000008003148      0x158 ./Drivers/STM32L5xx_HAL_Driver/Src/stm32l5xx_hal_rcc_ex.o
 .text.HAL_UART_Init
                0x00000000080032a0       0xa0 ./Drivers/STM32L5xx_HAL_Driver/Src/stm32l5xx_hal_uart.o
                0x00000000080032a0                HAL_UART_Init
 .text.HAL_UART_Transmit_IT
                0x0000000008003340      0x128 ./Drivers/STM32L5xx_HAL_Driver/Src/stm32l5xx_hal_uart.o
                0x0000000008003340                HAL_UART_Transmit_IT
 .text.HAL_UART_IRQHandler
                0x0000000008003468      0x648 ./Drivers/STM32L5xx_HAL_Driver/Src/stm32l5xx_hal_uart.o
                0x0000000008003468                HAL_UART_IRQHandler
 .text.HAL_UART_ErrorCallback
                0x0000000008003ab0       0x14 ./Drivers/STM32L5xx_HAL_Driver/Src/stm32l5xx_hal_uart.o
                0x0000000008003ab0                HAL_UART_ErrorCallback
 .text.HAL_UARTEx_RxEventCallback
                0x0000000008003ac4       0x18 ./Drivers/STM32L5xx_HAL_Driver/Src/stm32l5xx_hal_uart.o
                0x0000000008003ac4                HAL_UARTEx_RxEventCallback
 .text.UART_SetConfig
                0x0000000008003adc      0x600 ./Drivers/STM32L5xx_HAL_Driver/Src/stm32l5xx_hal_uart.o
                0x0000000008003adc                UART_SetConfig
 .text.UART_AdvFeatureConfig
                0x00000000080040dc      0x144 ./Drivers/STM32L5xx_HAL_Driver/Src/stm32l5xx_hal_uart.o
                0x00000000080040dc                UART_AdvFeatureConfig
 .text.UART_CheckIdleState
                0x0000000008004220      0x154 ./Drivers/STM32L5xx_HAL_Driver/Src/stm32l5xx_hal_uart.o
                0x0000000008004220                UART_CheckIdleState
 .text.UART_WaitOnFlagUntilTimeout
                0x0000000008004374       0xce ./Drivers/STM32L5xx_HAL_Driver/Src/stm32l5xx_hal_uart.o
                0x0000000008004374                UART_WaitOnFlagUntilTimeout
 .text.UART_EndRxTransfer
                0x0000000008004442       0xcc ./Drivers/STM32L5xx_HAL_Driver/Src/stm32l5xx_hal_uart.o
 .text.UART_DMAAbortOnError
                0x000000000800450e       0x2c ./Drivers/STM32L5xx_HAL_Driver/Src/stm32l5xx_hal_uart.o
 .text.UART_TxISR_8BIT
                0x000000000800453a       0xb8 ./Drivers/STM32L5xx_HAL_Driver/Src/stm32l5xx_hal_uart.o
 .text.UART_TxISR_16BIT
                0x00000000080045f2       0xc2 ./Drivers/STM32L5xx_HAL_Driver/Src/stm32l5xx_hal_uart.o
 .text.UART_TxISR_8BIT_FIFOEN
                0x00000000080046b4       0xe0 ./Drivers/STM32L5xx_HAL_Driver/Src/stm32l5xx_hal_uart.o
 .text.UART_TxISR_16BIT_FIFOEN
                0x0000000008004794       0xea ./Drivers/STM32L5xx_HAL_Driver/Src/stm32l5xx_hal_uart.o
 .text.UART_EndTransmit_IT
                0x000000000800487e       0x56 ./Drivers/STM32L5xx_HAL_Driver/Src/stm32l5xx_hal_uart.o
 .text.HAL_UARTEx_WakeupCallback
                0x00000000080048d4       0x14 ./Drivers/STM32L5xx_HAL_Driver/Src/stm32l5xx_hal_uart_ex.o
                0x00000000080048d4                HAL_UARTEx_WakeupCallback
 .text.HAL_UARTEx_RxFifoFullCallback
                0x00000000080048e8       0x14 ./Drivers/STM32L5xx_HAL_Driver/Src/stm32l5xx_hal_uart_ex.o
                0x00000000080048e8                HAL_UARTEx_RxFifoFullCallback
 .text.HAL_UARTEx_TxFifoEmptyCallback
                0x00000000080048fc       0x14 ./Drivers/STM32L5xx_HAL_Driver/Src/stm32l5xx_hal_uart_ex.o
                0x00000000080048fc                HAL_UARTEx_TxFifoEmptyCallback
 .text.HAL_UARTEx_DisableFifoMode
                0x0000000008004910       0x72 ./Drivers/STM32L5xx_HAL_Driver/Src/stm32l5xx_hal_uart_ex.o
                0x0000000008004910                HAL_UARTEx_DisableFifoMode
 .text.HAL_UARTEx_SetTxFifoThreshold
                0x0000000008004982       0x7c ./Drivers/STM32L5xx_HAL_Driver/Src/stm32l5xx_hal_uart_ex.o
                0x0000000008004982                HAL_UARTEx_SetTxFifoThreshold
 .text.HAL_UARTEx_SetRxFifoThreshold
                0x00000000080049fe       0x7c ./Drivers/STM32L5xx_HAL_Driver/Src/stm32l5xx_hal_uart_ex.o
                0x00000000080049fe                HAL_UARTEx_SetRxFifoThreshold
 *fill*         0x0000000008004a7a        0x2 
 .text.UARTEx_SetNbDataToProcess
                0x0000000008004a7c       0x9c ./Drivers/STM32L5xx_HAL_Driver/Src/stm32l5xx_hal_uart_ex.o
 .text.findslot
                0x0000000008004b18       0x34 /home/itorius/.eclipse/com.st.stm32cube.ide.mcu.rcp.product_1.13.1_139062292_linux_gtk_x86_64/plugins/com.st.stm32cube.ide.mcu.externaltools.gnu-tools-for-stm32.11.3.rel1.linux64_1.1.1.202309131626/tools/bin/../lib/gcc/arm-none-eabi/11.3.1/../../../../arm-none-eabi/lib/thumb/v8-m.main+fp/hard/librdimon_nano.a(rdimon-syscalls.o)
 .text.error    0x0000000008004b4c       0x1c /home/itorius/.eclipse/com.st.stm32cube.ide.mcu.rcp.product_1.13.1_139062292_linux_gtk_x86_64/plugins/com.st.stm32cube.ide.mcu.externaltools.gnu-tools-for-stm32.11.3.rel1.linux64_1.1.1.202309131626/tools/bin/../lib/gcc/arm-none-eabi/11.3.1/../../../../arm-none-eabi/lib/thumb/v8-m.main+fp/hard/librdimon_nano.a(rdimon-syscalls.o)
 .text.checkerror
                0x0000000008004b68        0xa /home/itorius/.eclipse/com.st.stm32cube.ide.mcu.rcp.product_1.13.1_139062292_linux_gtk_x86_64/plugins/com.st.stm32cube.ide.mcu.externaltools.gnu-tools-for-stm32.11.3.rel1.linux64_1.1.1.202309131626/tools/bin/../lib/gcc/arm-none-eabi/11.3.1/../../../../arm-none-eabi/lib/thumb/v8-m.main+fp/hard/librdimon_nano.a(rdimon-syscalls.o)
 .text._swiread
                0x0000000008004b72       0x20 /home/itorius/.eclipse/com.st.stm32cube.ide.mcu.rcp.product_1.13.1_139062292_linux_gtk_x86_64/plugins/com.st.stm32cube.ide.mcu.externaltools.gnu-tools-for-stm32.11.3.rel1.linux64_1.1.1.202309131626/tools/bin/../lib/gcc/arm-none-eabi/11.3.1/../../../../arm-none-eabi/lib/thumb/v8-m.main+fp/hard/librdimon_nano.a(rdimon-syscalls.o)
                0x0000000008004b72                _swiread
 .text._read    0x0000000008004b92       0x38 /home/itorius/.eclipse/com.st.stm32cube.ide.mcu.rcp.product_1.13.1_139062292_linux_gtk_x86_64/plugins/com.st.stm32cube.ide.mcu.externaltools.gnu-tools-for-stm32.11.3.rel1.linux64_1.1.1.202309131626/tools/bin/../lib/gcc/arm-none-eabi/11.3.1/../../../../arm-none-eabi/lib/thumb/v8-m.main+fp/hard/librdimon_nano.a(rdimon-syscalls.o)
                0x0000000008004b92                _read
 .text._swilseek
                0x0000000008004bca       0x78 /home/itorius/.eclipse/com.st.stm32cube.ide.mcu.rcp.product_1.13.1_139062292_linux_gtk_x86_64/plugins/com.st.stm32cube.ide.mcu.externaltools.gnu-tools-for-stm32.11.3.rel1.linux64_1.1.1.202309131626/tools/bin/../lib/gcc/arm-none-eabi/11.3.1/../../../../arm-none-eabi/lib/thumb/v8-m.main+fp/hard/librdimon_nano.a(rdimon-syscalls.o)
                0x0000000008004bca                _swilseek
 .text._lseek   0x0000000008004c42        0x4 /home/itorius/.eclipse/com.st.stm32cube.ide.mcu.rcp.product_1.13.1_139062292_linux_gtk_x86_64/plugins/com.st.stm32cube.ide.mcu.externaltools.gnu-tools-for-stm32.11.3.rel1.linux64_1.1.1.202309131626/tools/bin/../lib/gcc/arm-none-eabi/11.3.1/../../../../arm-none-eabi/lib/thumb/v8-m.main+fp/hard/librdimon_nano.a(rdimon-syscalls.o)
                0x0000000008004c42                _lseek
 .text._swiwrite
                0x0000000008004c46       0x20 /home/itorius/.eclipse/com.st.stm32cube.ide.mcu.rcp.product_1.13.1_139062292_linux_gtk_x86_64/plugins/com.st.stm32cube.ide.mcu.externaltools.gnu-tools-for-stm32.11.3.rel1.linux64_1.1.1.202309131626/tools/bin/../lib/gcc/arm-none-eabi/11.3.1/../../../../arm-none-eabi/lib/thumb/v8-m.main+fp/hard/librdimon_nano.a(rdimon-syscalls.o)
                0x0000000008004c46                _swiwrite
 .text._write   0x0000000008004c66       0x48 /home/itorius/.eclipse/com.st.stm32cube.ide.mcu.rcp.product_1.13.1_139062292_linux_gtk_x86_64/plugins/com.st.stm32cube.ide.mcu.externaltools.gnu-tools-for-stm32.11.3.rel1.linux64_1.1.1.202309131626/tools/bin/../lib/gcc/arm-none-eabi/11.3.1/../../../../arm-none-eabi/lib/thumb/v8-m.main+fp/hard/librdimon_nano.a(rdimon-syscalls.o)
                0x0000000008004c66                _write
 .text._swiclose
                0x0000000008004cae       0x1a /home/itorius/.eclipse/com.st.stm32cube.ide.mcu.rcp.product_1.13.1_139062292_linux_gtk_x86_64/plugins/com.st.stm32cube.ide.mcu.externaltools.gnu-tools-for-stm32.11.3.rel1.linux64_1.1.1.202309131626/tools/bin/../lib/gcc/arm-none-eabi/11.3.1/../../../../arm-none-eabi/lib/thumb/v8-m.main+fp/hard/librdimon_nano.a(rdimon-syscalls.o)
                0x0000000008004cae                _swiclose
 .text._close   0x0000000008004cc8       0x4c /home/itorius/.eclipse/com.st.stm32cube.ide.mcu.rcp.product_1.13.1_139062292_linux_gtk_x86_64/plugins/com.st.stm32cube.ide.mcu.externaltools.gnu-tools-for-stm32.11.3.rel1.linux64_1.1.1.202309131626/tools/bin/../lib/gcc/arm-none-eabi/11.3.1/../../../../arm-none-eabi/lib/thumb/v8-m.main+fp/hard/librdimon_nano.a(rdimon-syscalls.o)
                0x0000000008004cc8                _close
 .text._swistat
                0x0000000008004d14       0x42 /home/itorius/.eclipse/com.st.stm32cube.ide.mcu.rcp.product_1.13.1_139062292_linux_gtk_x86_64/plugins/com.st.stm32cube.ide.mcu.externaltools.gnu-tools-for-stm32.11.3.rel1.linux64_1.1.1.202309131626/tools/bin/../lib/gcc/arm-none-eabi/11.3.1/../../../../arm-none-eabi/lib/thumb/v8-m.main+fp/hard/librdimon_nano.a(rdimon-syscalls.o)
                0x0000000008004d14                _swistat
 .text._fstat   0x0000000008004d56       0x1c /home/itorius/.eclipse/com.st.stm32cube.ide.mcu.rcp.product_1.13.1_139062292_linux_gtk_x86_64/plugins/com.st.stm32cube.ide.mcu.externaltools.gnu-tools-for-stm32.11.3.rel1.linux64_1.1.1.202309131626/tools/bin/../lib/gcc/arm-none-eabi/11.3.1/../../../../arm-none-eabi/lib/thumb/v8-m.main+fp/hard/librdimon_nano.a(rdimon-syscalls.o)
                0x0000000008004d56                _fstat
 .text._stat    0x0000000008004d72       0x3a /home/itorius/.eclipse/com.st.stm32cube.ide.mcu.rcp.product_1.13.1_139062292_linux_gtk_x86_64/plugins/com.st.stm32cube.ide.mcu.externaltools.gnu-tools-for-stm32.11.3.rel1.linux64_1.1.1.202309131626/tools/bin/../lib/gcc/arm-none-eabi/11.3.1/../../../../arm-none-eabi/lib/thumb/v8-m.main+fp/hard/librdimon_nano.a(rdimon-syscalls.o)
                0x0000000008004d72                _stat
 .text._swiopen
                0x0000000008004dac       0xb4 /home/itorius/.eclipse/com.st.stm32cube.ide.mcu.rcp.product_1.13.1_139062292_linux_gtk_x86_64/plugins/com.st.stm32cube.ide.mcu.externaltools.gnu-tools-for-stm32.11.3.rel1.linux64_1.1.1.202309131626/tools/bin/../lib/gcc/arm-none-eabi/11.3.1/../../../../arm-none-eabi/lib/thumb/v8-m.main+fp/hard/librdimon_nano.a(rdimon-syscalls.o)
                0x0000000008004dac                _swiopen
 .text._get_semihosting_exts
                0x0000000008004e60       0xb8 /home/itorius/.eclipse/com.st.stm32cube.ide.mcu.rcp.product_1.13.1_139062292_linux_gtk_x86_64/plugins/com.st.stm32cube.ide.mcu.externaltools.gnu-tools-for-stm32.11.3.rel1.linux64_1.1.1.202309131626/tools/bin/../lib/gcc/arm-none-eabi/11.3.1/../../../../arm-none-eabi/lib/thumb/v8-m.main+fp/hard/librdimon_nano.a(rdimon-syscalls.o)
                0x0000000008004e60                _get_semihosting_exts
 .text.initialise_semihosting_exts
                0x0000000008004f18       0x34 /home/itorius/.eclipse/com.st.stm32cube.ide.mcu.rcp.product_1.13.1_139062292_linux_gtk_x86_64/plugins/com.st.stm32cube.ide.mcu.externaltools.gnu-tools-for-stm32.11.3.rel1.linux64_1.1.1.202309131626/tools/bin/../lib/gcc/arm-none-eabi/11.3.1/../../../../arm-none-eabi/lib/thumb/v8-m.main+fp/hard/librdimon_nano.a(rdimon-syscalls.o)
 .text._has_ext_stdout_stderr
                0x0000000008004f4c       0x18 /home/itorius/.eclipse/com.st.stm32cube.ide.mcu.rcp.product_1.13.1_139062292_linux_gtk_x86_64/plugins/com.st.stm32cube.ide.mcu.externaltools.gnu-tools-for-stm32.11.3.rel1.linux64_1.1.1.202309131626/tools/bin/../lib/gcc/arm-none-eabi/11.3.1/../../../../arm-none-eabi/lib/thumb/v8-m.main+fp/hard/librdimon_nano.a(rdimon-syscalls.o)
                0x0000000008004f4c                _has_ext_stdout_stderr
 .text.initialise_monitor_handles
                0x0000000008004f64       0xc0 /home/itorius/.eclipse/com.st.stm32cube.ide.mcu.rcp.product_1.13.1_139062292_linux_gtk_x86_64/plugins/com.st.stm32cube.ide.mcu.externaltools.gnu-tools-for-stm32.11.3.rel1.linux64_1.1.1.202309131626/tools/bin/../lib/gcc/arm-none-eabi/11.3.1/../../../../arm-none-eabi/lib/thumb/v8-m.main+fp/hard/librdimon_nano.a(rdimon-syscalls.o)
                0x0000000008004f64                initialise_monitor_handles
 .text._isatty  0x0000000008005024       0x38 /home/itorius/.eclipse/com.st.stm32cube.ide.mcu.rcp.product_1.13.1_139062292_linux_gtk_x86_64/plugins/com.st.stm32cube.ide.mcu.externaltools.gnu-tools-for-stm32.11.3.rel1.linux64_1.1.1.202309131626/tools/bin/../lib/gcc/arm-none-eabi/11.3.1/../../../../arm-none-eabi/lib/thumb/v8-m.main+fp/hard/librdimon_nano.a(rdimon-syscalls.o)
                0x0000000008005024                _isatty
 .text.std      0x000000000800505c       0x6c /home/itorius/.eclipse/com.st.stm32cube.ide.mcu.rcp.product_1.13.1_139062292_linux_gtk_x86_64/plugins/com.st.stm32cube.ide.mcu.externaltools.gnu-tools-for-stm32.11.3.rel1.linux64_1.1.1.202309131626/tools/bin/../lib/gcc/arm-none-eabi/11.3.1/../../../../arm-none-eabi/lib/thumb/v8-m.main+fp/hard/libc_nano.a(libc_a-findfp.o)
 .text.stdio_exit_handler
                0x00000000080050c8       0x18 /home/itorius/.eclipse/com.st.stm32cube.ide.mcu.rcp.product_1.13.1_139062292_linux_gtk_x86_64/plugins/com.st.stm32cube.ide.mcu.externaltools.gnu-tools-for-stm32.11.3.rel1.linux64_1.1.1.202309131626/tools/bin/../lib/gcc/arm-none-eabi/11.3.1/../../../../arm-none-eabi/lib/thumb/v8-m.main+fp/hard/libc_nano.a(libc_a-findfp.o)
 .text.cleanup_stdio
                0x00000000080050e0       0x40 /home/itorius/.eclipse/com.st.stm32cube.ide.mcu.rcp.product_1.13.1_139062292_linux_gtk_x86_64/plugins/com.st.stm32cube.ide.mcu.externaltools.gnu-tools-for-stm32.11.3.rel1.linux64_1.1.1.202309131626/tools/bin/../lib/gcc/arm-none-eabi/11.3.1/../../../../arm-none-eabi/lib/thumb/v8-m.main+fp/hard/libc_nano.a(libc_a-findfp.o)
 .text.global_stdio_init.part.0
                0x0000000008005120       0x3c /home/itorius/.eclipse/com.st.stm32cube.ide.mcu.rcp.product_1.13.1_139062292_linux_gtk_x86_64/plugins/com.st.stm32cube.ide.mcu.externaltools.gnu-tools-for-stm32.11.3.rel1.linux64_1.1.1.202309131626/tools/bin/../lib/gcc/arm-none-eabi/11.3.1/../../../../arm-none-eabi/lib/thumb/v8-m.main+fp/hard/libc_nano.a(libc_a-findfp.o)
 .text.__sfp_lock_acquire
                0x000000000800515c        0xc /home/itorius/.eclipse/com.st.stm32cube.ide.mcu.rcp.product_1.13.1_139062292_linux_gtk_x86_64/plugins/com.st.stm32cube.ide.mcu.externaltools.gnu-tools-for-stm32.11.3.rel1.linux64_1.1.1.202309131626/tools/bin/../lib/gcc/arm-none-eabi/11.3.1/../../../../arm-none-eabi/lib/thumb/v8-m.main+fp/hard/libc_nano.a(libc_a-findfp.o)
                0x000000000800515c                __sfp_lock_acquire
 .text.__sfp_lock_release
                0x0000000008005168        0xc /home/itorius/.eclipse/com.st.stm32cube.ide.mcu.rcp.product_1.13.1_139062292_linux_gtk_x86_64/plugins/com.st.stm32cube.ide.mcu.externaltools.gnu-tools-for-stm32.11.3.rel1.linux64_1.1.1.202309131626/tools/bin/../lib/gcc/arm-none-eabi/11.3.1/../../../../arm-none-eabi/lib/thumb/v8-m.main+fp/hard/libc_nano.a(libc_a-findfp.o)
                0x0000000008005168                __sfp_lock_release
 .text.__sinit  0x0000000008005174       0x30 /home/itorius/.eclipse/com.st.stm32cube.ide.mcu.rcp.product_1.13.1_139062292_linux_gtk_x86_64/plugins/com.st.stm32cube.ide.mcu.externaltools.gnu-tools-for-stm32.11.3.rel1.linux64_1.1.1.202309131626/tools/bin/../lib/gcc/arm-none-eabi/11.3.1/../../../../arm-none-eabi/lib/thumb/v8-m.main+fp/hard/libc_nano.a(libc_a-findfp.o)
                0x0000000008005174                __sinit
 .text._fwalk_sglue
                0x00000000080051a4       0x3c /home/itorius/.eclipse/com.st.stm32cube.ide.mcu.rcp.product_1.13.1_139062292_linux_gtk_x86_64/plugins/com.st.stm32cube.ide.mcu.externaltools.gnu-tools-for-stm32.11.3.rel1.linux64_1.1.1.202309131626/tools/bin/../lib/gcc/arm-none-eabi/11.3.1/../../../../arm-none-eabi/lib/thumb/v8-m.main+fp/hard/libc_nano.a(libc_a-fwalk.o)
                0x00000000080051a4                _fwalk_sglue
 .text.printf   0x00000000080051e0       0x24 /home/itorius/.eclipse/com.st.stm32cube.ide.mcu.rcp.product_1.13.1_139062292_linux_gtk_x86_64/plugins/com.st.stm32cube.ide.mcu.externaltools.gnu-tools-for-stm32.11.3.rel1.linux64_1.1.1.202309131626/tools/bin/../lib/gcc/arm-none-eabi/11.3.1/../../../../arm-none-eabi/lib/thumb/v8-m.main+fp/hard/libc_nano.a(libc_a-printf.o)
                0x00000000080051e0                printf
                0x00000000080051e0                iprintf
 .text.__sread  0x0000000008005204       0x22 /home/itorius/.eclipse/com.st.stm32cube.ide.mcu.rcp.product_1.13.1_139062292_linux_gtk_x86_64/plugins/com.st.stm32cube.ide.mcu.externaltools.gnu-tools-for-stm32.11.3.rel1.linux64_1.1.1.202309131626/tools/bin/../lib/gcc/arm-none-eabi/11.3.1/../../../../arm-none-eabi/lib/thumb/v8-m.main+fp/hard/libc_nano.a(libc_a-stdio.o)
                0x0000000008005204                __sread
 .text.__swrite
                0x0000000008005226       0x38 /home/itorius/.eclipse/com.st.stm32cube.ide.mcu.rcp.product_1.13.1_139062292_linux_gtk_x86_64/plugins/com.st.stm32cube.ide.mcu.externaltools.gnu-tools-for-stm32.11.3.rel1.linux64_1.1.1.202309131626/tools/bin/../lib/gcc/arm-none-eabi/11.3.1/../../../../arm-none-eabi/lib/thumb/v8-m.main+fp/hard/libc_nano.a(libc_a-stdio.o)
                0x0000000008005226                __swrite
 .text.__sseek  0x000000000800525e       0x24 /home/itorius/.eclipse/com.st.stm32cube.ide.mcu.rcp.product_1.13.1_139062292_linux_gtk_x86_64/plugins/com.st.stm32cube.ide.mcu.externaltools.gnu-tools-for-stm32.11.3.rel1.linux64_1.1.1.202309131626/tools/bin/../lib/gcc/arm-none-eabi/11.3.1/../../../../arm-none-eabi/lib/thumb/v8-m.main+fp/hard/libc_nano.a(libc_a-stdio.o)
                0x000000000800525e                __sseek
 .text.__sclose
                0x0000000008005282        0x8 /home/itorius/.eclipse/com.st.stm32cube.ide.mcu.rcp.product_1.13.1_139062292_linux_gtk_x86_64/plugins/com.st.stm32cube.ide.mcu.externaltools.gnu-tools-for-stm32.11.3.rel1.linux64_1.1.1.202309131626/tools/bin/../lib/gcc/arm-none-eabi/11.3.1/../../../../arm-none-eabi/lib/thumb/v8-m.main+fp/hard/libc_nano.a(libc_a-stdio.o)
                0x0000000008005282                __sclose
 .text.memset   0x000000000800528a       0x10 /home/itorius/.eclipse/com.st.stm32cube.ide.mcu.rcp.product_1.13.1_139062292_linux_gtk_x86_64/plugins/com.st.stm32cube.ide.mcu.externaltools.gnu-tools-for-stm32.11.3.rel1.linux64_1.1.1.202309131626/tools/bin/../lib/gcc/arm-none-eabi/11.3.1/../../../../arm-none-eabi/lib/thumb/v8-m.main+fp/hard/libc_nano.a(libc_a-memset.o)
                0x000000000800528a                memset
 *fill*         0x000000000800529a        0x2 
 .text._close_r
                0x000000000800529c       0x20 /home/itorius/.eclipse/com.st.stm32cube.ide.mcu.rcp.product_1.13.1_139062292_linux_gtk_x86_64/plugins/com.st.stm32cube.ide.mcu.externaltools.gnu-tools-for-stm32.11.3.rel1.linux64_1.1.1.202309131626/tools/bin/../lib/gcc/arm-none-eabi/11.3.1/../../../../arm-none-eabi/lib/thumb/v8-m.main+fp/hard/libc_nano.a(libc_a-closer.o)
                0x000000000800529c                _close_r
 .text._lseek_r
                0x00000000080052bc       0x24 /home/itorius/.eclipse/com.st.stm32cube.ide.mcu.rcp.product_1.13.1_139062292_linux_gtk_x86_64/plugins/com.st.stm32cube.ide.mcu.externaltools.gnu-tools-for-stm32.11.3.rel1.linux64_1.1.1.202309131626/tools/bin/../lib/gcc/arm-none-eabi/11.3.1/../../../../arm-none-eabi/lib/thumb/v8-m.main+fp/hard/libc_nano.a(libc_a-lseekr.o)
                0x00000000080052bc                _lseek_r
 .text._read_r  0x00000000080052e0       0x24 /home/itorius/.eclipse/com.st.stm32cube.ide.mcu.rcp.product_1.13.1_139062292_linux_gtk_x86_64/plugins/com.st.stm32cube.ide.mcu.externaltools.gnu-tools-for-stm32.11.3.rel1.linux64_1.1.1.202309131626/tools/bin/../lib/gcc/arm-none-eabi/11.3.1/../../../../arm-none-eabi/lib/thumb/v8-m.main+fp/hard/libc_nano.a(libc_a-readr.o)
                0x00000000080052e0                _read_r
 .text._write_r
                0x0000000008005304       0x24 /home/itorius/.eclipse/com.st.stm32cube.ide.mcu.rcp.product_1.13.1_139062292_linux_gtk_x86_64/plugins/com.st.stm32cube.ide.mcu.externaltools.gnu-tools-for-stm32.11.3.rel1.linux64_1.1.1.202309131626/tools/bin/../lib/gcc/arm-none-eabi/11.3.1/../../../../arm-none-eabi/lib/thumb/v8-m.main+fp/hard/libc_nano.a(libc_a-writer.o)
                0x0000000008005304                _write_r
 .text.__errno  0x0000000008005328        0xc /home/itorius/.eclipse/com.st.stm32cube.ide.mcu.rcp.product_1.13.1_139062292_linux_gtk_x86_64/plugins/com.st.stm32cube.ide.mcu.externaltools.gnu-tools-for-stm32.11.3.rel1.linux64_1.1.1.202309131626/tools/bin/../lib/gcc/arm-none-eabi/11.3.1/../../../../arm-none-eabi/lib/thumb/v8-m.main+fp/hard/libc_nano.a(libc_a-errno.o)
                0x0000000008005328                __errno
 .text.__libc_init_array
                0x0000000008005334       0x48 /home/itorius/.eclipse/com.st.stm32cube.ide.mcu.rcp.product_1.13.1_139062292_linux_gtk_x86_64/plugins/com.st.stm32cube.ide.mcu.externaltools.gnu-tools-for-stm32.11.3.rel1.linux64_1.1.1.202309131626/tools/bin/../lib/gcc/arm-none-eabi/11.3.1/../../../../arm-none-eabi/lib/thumb/v8-m.main+fp/hard/libc_nano.a(libc_a-init.o)
                0x0000000008005334                __libc_init_array
 .text.__retarget_lock_init_recursive
                0x000000000800537c        0x2 /home/itorius/.eclipse/com.st.stm32cube.ide.mcu.rcp.product_1.13.1_139062292_linux_gtk_x86_64/plugins/com.st.stm32cube.ide.mcu.externaltools.gnu-tools-for-stm32.11.3.rel1.linux64_1.1.1.202309131626/tools/bin/../lib/gcc/arm-none-eabi/11.3.1/../../../../arm-none-eabi/lib/thumb/v8-m.main+fp/hard/libc_nano.a(libc_a-lock.o)
                0x000000000800537c                __retarget_lock_init_recursive
 .text.__retarget_lock_acquire_recursive
                0x000000000800537e        0x2 /home/itorius/.eclipse/com.st.stm32cube.ide.mcu.rcp.product_1.13.1_139062292_linux_gtk_x86_64/plugins/com.st.stm32cube.ide.mcu.externaltools.gnu-tools-for-stm32.11.3.rel1.linux64_1.1.1.202309131626/tools/bin/../lib/gcc/arm-none-eabi/11.3.1/../../../../arm-none-eabi/lib/thumb/v8-m.main+fp/hard/libc_nano.a(libc_a-lock.o)
                0x000000000800537e                __retarget_lock_acquire_recursive
 .text.__retarget_lock_release_recursive
                0x0000000008005380        0x2 /home/itorius/.eclipse/com.st.stm32cube.ide.mcu.rcp.product_1.13.1_139062292_linux_gtk_x86_64/plugins/com.st.stm32cube.ide.mcu.externaltools.gnu-tools-for-stm32.11.3.rel1.linux64_1.1.1.202309131626/tools/bin/../lib/gcc/arm-none-eabi/11.3.1/../../../../arm-none-eabi/lib/thumb/v8-m.main+fp/hard/libc_nano.a(libc_a-lock.o)
                0x0000000008005380                __retarget_lock_release_recursive
 *fill*         0x0000000008005382        0x2 
 .text._free_r  0x0000000008005384       0x98 /home/itorius/.eclipse/com.st.stm32cube.ide.mcu.rcp.product_1.13.1_139062292_linux_gtk_x86_64/plugins/com.st.stm32cube.ide.mcu.externaltools.gnu-tools-for-stm32.11.3.rel1.linux64_1.1.1.202309131626/tools/bin/../lib/gcc/arm-none-eabi/11.3.1/../../../../arm-none-eabi/lib/thumb/v8-m.main+fp/hard/libc_nano.a(libc_a-freer.o)
                0x0000000008005384                _free_r
 .text.sbrk_aligned
                0x000000000800541c       0x40 /home/itorius/.eclipse/com.st.stm32cube.ide.mcu.rcp.product_1.13.1_139062292_linux_gtk_x86_64/plugins/com.st.stm32cube.ide.mcu.externaltools.gnu-tools-for-stm32.11.3.rel1.linux64_1.1.1.202309131626/tools/bin/../lib/gcc/arm-none-eabi/11.3.1/../../../../arm-none-eabi/lib/thumb/v8-m.main+fp/hard/libc_nano.a(libc_a-mallocr.o)
 .text._malloc_r
                0x000000000800545c      0x100 /home/itorius/.eclipse/com.st.stm32cube.ide.mcu.rcp.product_1.13.1_139062292_linux_gtk_x86_64/plugins/com.st.stm32cube.ide.mcu.externaltools.gnu-tools-for-stm32.11.3.rel1.linux64_1.1.1.202309131626/tools/bin/../lib/gcc/arm-none-eabi/11.3.1/../../../../arm-none-eabi/lib/thumb/v8-m.main+fp/hard/libc_nano.a(libc_a-mallocr.o)
                0x000000000800545c                _malloc_r
 .text.__malloc_lock
                0x000000000800555c        0xc /home/itorius/.eclipse/com.st.stm32cube.ide.mcu.rcp.product_1.13.1_139062292_linux_gtk_x86_64/plugins/com.st.stm32cube.ide.mcu.externaltools.gnu-tools-for-stm32.11.3.rel1.linux64_1.1.1.202309131626/tools/bin/../lib/gcc/arm-none-eabi/11.3.1/../../../../arm-none-eabi/lib/thumb/v8-m.main+fp/hard/libc_nano.a(libc_a-mlock.o)
                0x000000000800555c                __malloc_lock
 .text.__malloc_unlock
                0x0000000008005568        0xc /home/itorius/.eclipse/com.st.stm32cube.ide.mcu.rcp.product_1.13.1_139062292_linux_gtk_x86_64/plugins/com.st.stm32cube.ide.mcu.externaltools.gnu-tools-for-stm32.11.3.rel1.linux64_1.1.1.202309131626/tools/bin/../lib/gcc/arm-none-eabi/11.3.1/../../../../arm-none-eabi/lib/thumb/v8-m.main+fp/hard/libc_nano.a(libc_a-mlock.o)
                0x0000000008005568                __malloc_unlock
 .text.__sfputc_r
                0x0000000008005574       0x2e /home/itorius/.eclipse/com.st.stm32cube.ide.mcu.rcp.product_1.13.1_139062292_linux_gtk_x86_64/plugins/com.st.stm32cube.ide.mcu.externaltools.gnu-tools-for-stm32.11.3.rel1.linux64_1.1.1.202309131626/tools/bin/../lib/gcc/arm-none-eabi/11.3.1/../../../../arm-none-eabi/lib/thumb/v8-m.main+fp/hard/libc_nano.a(libc_a-nano-vfprintf.o)
 .text.__sfputs_r
                0x00000000080055a2       0x24 /home/itorius/.eclipse/com.st.stm32cube.ide.mcu.rcp.product_1.13.1_139062292_linux_gtk_x86_64/plugins/com.st.stm32cube.ide.mcu.externaltools.gnu-tools-for-stm32.11.3.rel1.linux64_1.1.1.202309131626/tools/bin/../lib/gcc/arm-none-eabi/11.3.1/../../../../arm-none-eabi/lib/thumb/v8-m.main+fp/hard/libc_nano.a(libc_a-nano-vfprintf.o)
                0x00000000080055a2                __sfputs_r
 *fill*         0x00000000080055c6        0x2 
 .text._vfprintf_r
                0x00000000080055c8      0x234 /home/itorius/.eclipse/com.st.stm32cube.ide.mcu.rcp.product_1.13.1_139062292_linux_gtk_x86_64/plugins/com.st.stm32cube.ide.mcu.externaltools.gnu-tools-for-stm32.11.3.rel1.linux64_1.1.1.202309131626/tools/bin/../lib/gcc/arm-none-eabi/11.3.1/../../../../arm-none-eabi/lib/thumb/v8-m.main+fp/hard/libc_nano.a(libc_a-nano-vfprintf.o)
                0x00000000080055c8                _vfiprintf_r
                0x00000000080055c8                _vfprintf_r
 .text._printf_common
                0x00000000080057fc       0xe4 /home/itorius/.eclipse/com.st.stm32cube.ide.mcu.rcp.product_1.13.1_139062292_linux_gtk_x86_64/plugins/com.st.stm32cube.ide.mcu.externaltools.gnu-tools-for-stm32.11.3.rel1.linux64_1.1.1.202309131626/tools/bin/../lib/gcc/arm-none-eabi/11.3.1/../../../../arm-none-eabi/lib/thumb/v8-m.main+fp/hard/libc_nano.a(libc_a-nano-vfprintf_i.o)
                0x00000000080057fc                _printf_common
 .text._printf_i
                0x00000000080058e0      0x240 /home/itorius/.eclipse/com.st.stm32cube.ide.mcu.rcp.product_1.13.1_139062292_linux_gtk_x86_64/plugins/com.st.stm32cube.ide.mcu.externaltools.gnu-tools-for-stm32.11.3.rel1.linux64_1.1.1.202309131626/tools/bin/../lib/gcc/arm-none-eabi/11.3.1/../../../../arm-none-eabi/lib/thumb/v8-m.main+fp/hard/libc_nano.a(libc_a-nano-vfprintf_i.o)
                0x00000000080058e0                _printf_i
 .text.__sflush_r
                0x0000000008005b20      0x108 /home/itorius/.eclipse/com.st.stm32cube.ide.mcu.rcp.product_1.13.1_139062292_linux_gtk_x86_64/plugins/com.st.stm32cube.ide.mcu.externaltools.gnu-tools-for-stm32.11.3.rel1.linux64_1.1.1.202309131626/tools/bin/../lib/gcc/arm-none-eabi/11.3.1/../../../../arm-none-eabi/lib/thumb/v8-m.main+fp/hard/libc_nano.a(libc_a-fflush.o)
                0x0000000008005b20                __sflush_r
 .text._fflush_r
                0x0000000008005c28       0x50 /home/itorius/.eclipse/com.st.stm32cube.ide.mcu.rcp.product_1.13.1_139062292_linux_gtk_x86_64/plugins/com.st.stm32cube.ide.mcu.externaltools.gnu-tools-for-stm32.11.3.rel1.linux64_1.1.1.202309131626/tools/bin/../lib/gcc/arm-none-eabi/11.3.1/../../../../arm-none-eabi/lib/thumb/v8-m.main+fp/hard/libc_nano.a(libc_a-fflush.o)
                0x0000000008005c28                _fflush_r
 .text.__swbuf_r
                0x0000000008005c78       0x7a /home/itorius/.eclipse/com.st.stm32cube.ide.mcu.rcp.product_1.13.1_139062292_linux_gtk_x86_64/plugins/com.st.stm32cube.ide.mcu.externaltools.gnu-tools-for-stm32.11.3.rel1.linux64_1.1.1.202309131626/tools/bin/../lib/gcc/arm-none-eabi/11.3.1/../../../../arm-none-eabi/lib/thumb/v8-m.main+fp/hard/libc_nano.a(libc_a-wbuf.o)
                0x0000000008005c78                __swbuf_r
 *fill*         0x0000000008005cf2        0x2 
 .text.__swsetup_r
                0x0000000008005cf4       0xb0 /home/itorius/.eclipse/com.st.stm32cube.ide.mcu.rcp.product_1.13.1_139062292_linux_gtk_x86_64/plugins/com.st.stm32cube.ide.mcu.externaltools.gnu-tools-for-stm32.11.3.rel1.linux64_1.1.1.202309131626/tools/bin/../lib/gcc/arm-none-eabi/11.3.1/../../../../arm-none-eabi/lib/thumb/v8-m.main+fp/hard/libc_nano.a(libc_a-wsetup.o)
                0x0000000008005cf4                __swsetup_r
 .text._sbrk_r  0x0000000008005da4       0x20 /home/itorius/.eclipse/com.st.stm32cube.ide.mcu.rcp.product_1.13.1_139062292_linux_gtk_x86_64/plugins/com.st.stm32cube.ide.mcu.externaltools.gnu-tools-for-stm32.11.3.rel1.linux64_1.1.1.202309131626/tools/bin/../lib/gcc/arm-none-eabi/11.3.1/../../../../arm-none-eabi/lib/thumb/v8-m.main+fp/hard/libc_nano.a(libc_a-sbrkr.o)
                0x0000000008005da4                _sbrk_r
 .text.memchr   0x0000000008005dc4       0x1c /home/itorius/.eclipse/com.st.stm32cube.ide.mcu.rcp.product_1.13.1_139062292_linux_gtk_x86_64/plugins/com.st.stm32cube.ide.mcu.externaltools.gnu-tools-for-stm32.11.3.rel1.linux64_1.1.1.202309131626/tools/bin/../lib/gcc/arm-none-eabi/11.3.1/../../../../arm-none-eabi/lib/thumb/v8-m.main+fp/hard/libc_nano.a(libc_a-memchr-stub.o)
                0x0000000008005dc4                memchr
 .text.__swhatbuf_r
                0x0000000008005de0       0x4a /home/itorius/.eclipse/com.st.stm32cube.ide.mcu.rcp.product_1.13.1_139062292_linux_gtk_x86_64/plugins/com.st.stm32cube.ide.mcu.externaltools.gnu-tools-for-stm32.11.3.rel1.linux64_1.1.1.202309131626/tools/bin/../lib/gcc/arm-none-eabi/11.3.1/../../../../arm-none-eabi/lib/thumb/v8-m.main+fp/hard/libc_nano.a(libc_a-makebuf.o)
                0x0000000008005de0                __swhatbuf_r
 .text.__smakebuf_r
                0x0000000008005e2a       0x78 /home/itorius/.eclipse/com.st.stm32cube.ide.mcu.rcp.product_1.13.1_139062292_linux_gtk_x86_64/plugins/com.st.stm32cube.ide.mcu.externaltools.gnu-tools-for-stm32.11.3.rel1.linux64_1.1.1.202309131626/tools/bin/../lib/gcc/arm-none-eabi/11.3.1/../../../../arm-none-eabi/lib/thumb/v8-m.main+fp/hard/libc_nano.a(libc_a-makebuf.o)
                0x0000000008005e2a                __smakebuf_r
 *fill*         0x0000000008005ea2        0x2 
 .text._fstat_r
                0x0000000008005ea4       0x24 /home/itorius/.eclipse/com.st.stm32cube.ide.mcu.rcp.product_1.13.1_139062292_linux_gtk_x86_64/plugins/com.st.stm32cube.ide.mcu.externaltools.gnu-tools-for-stm32.11.3.rel1.linux64_1.1.1.202309131626/tools/bin/../lib/gcc/arm-none-eabi/11.3.1/../../../../arm-none-eabi/lib/thumb/v8-m.main+fp/hard/libc_nano.a(libc_a-fstatr.o)
                0x0000000008005ea4                _fstat_r
 .text._isatty_r
                0x0000000008005ec8       0x20 /home/itorius/.eclipse/com.st.stm32cube.ide.mcu.rcp.product_1.13.1_139062292_linux_gtk_x86_64/plugins/com.st.stm32cube.ide.mcu.externaltools.gnu-tools-for-stm32.11.3.rel1.linux64_1.1.1.202309131626/tools/bin/../lib/gcc/arm-none-eabi/11.3.1/../../../../arm-none-eabi/lib/thumb/v8-m.main+fp/hard/libc_nano.a(libc_a-isattyr.o)
                0x0000000008005ec8                _isatty_r
 *(.glue_7)
 .glue_7        0x0000000008005ee8        0x0 linker stubs
 *(.glue_7t)
 .glue_7t       0x0000000008005ee8        0x0 linker stubs
 *(.eh_frame)
 .eh_frame      0x0000000008005ee8        0x0 /home/itorius/.eclipse/com.st.stm32cube.ide.mcu.rcp.product_1.13.1_139062292_linux_gtk_x86_64/plugins/com.st.stm32cube.ide.mcu.externaltools.gnu-tools-for-stm32.11.3.rel1.linux64_1.1.1.202309131626/tools/bin/../lib/gcc/arm-none-eabi/11.3.1/thumb/v8-m.main+fp/hard/crtbegin.o
 *(.init)
 .init          0x0000000008005ee8        0x4 /home/itorius/.eclipse/com.st.stm32cube.ide.mcu.rcp.product_1.13.1_139062292_linux_gtk_x86_64/plugins/com.st.stm32cube.ide.mcu.externaltools.gnu-tools-for-stm32.11.3.rel1.linux64_1.1.1.202309131626/tools/bin/../lib/gcc/arm-none-eabi/11.3.1/thumb/v8-m.main+fp/hard/crti.o
                0x0000000008005ee8                _init
 .init          0x0000000008005eec        0x8 /home/itorius/.eclipse/com.st.stm32cube.ide.mcu.rcp.product_1.13.1_139062292_linux_gtk_x86_64/plugins/com.st.stm32cube.ide.mcu.externaltools.gnu-tools-for-stm32.11.3.rel1.linux64_1.1.1.202309131626/tools/bin/../lib/gcc/arm-none-eabi/11.3.1/thumb/v8-m.main+fp/hard/crtn.o
 *(.fini)
 .fini          0x0000000008005ef4        0x4 /home/itorius/.eclipse/com.st.stm32cube.ide.mcu.rcp.product_1.13.1_139062292_linux_gtk_x86_64/plugins/com.st.stm32cube.ide.mcu.externaltools.gnu-tools-for-stm32.11.3.rel1.linux64_1.1.1.202309131626/tools/bin/../lib/gcc/arm-none-eabi/11.3.1/thumb/v8-m.main+fp/hard/crti.o
                0x0000000008005ef4                _fini
 .fini          0x0000000008005ef8        0x8 /home/itorius/.eclipse/com.st.stm32cube.ide.mcu.rcp.product_1.13.1_139062292_linux_gtk_x86_64/plugins/com.st.stm32cube.ide.mcu.externaltools.gnu-tools-for-stm32.11.3.rel1.linux64_1.1.1.202309131626/tools/bin/../lib/gcc/arm-none-eabi/11.3.1/thumb/v8-m.main+fp/hard/crtn.o
                0x0000000008005f00                . = ALIGN (0x4)
                0x0000000008005f00                _etext = .

.vfp11_veneer   0x0000000008005f00        0x0
 .vfp11_veneer  0x0000000008005f00        0x0 linker stubs

.v4_bx          0x0000000008005f00        0x0
 .v4_bx         0x0000000008005f00        0x0 linker stubs

.iplt           0x0000000008005f00        0x0
 .iplt          0x0000000008005f00        0x0 /home/itorius/.eclipse/com.st.stm32cube.ide.mcu.rcp.product_1.13.1_139062292_linux_gtk_x86_64/plugins/com.st.stm32cube.ide.mcu.externaltools.gnu-tools-for-stm32.11.3.rel1.linux64_1.1.1.202309131626/tools/bin/../lib/gcc/arm-none-eabi/11.3.1/thumb/v8-m.main+fp/hard/crtbegin.o

.rodata         0x0000000008005f00       0xec
                0x0000000008005f00                . = ALIGN (0x4)
 *(.rodata)
 .rodata        0x0000000008005f00       0x19 ./Core/Src/main.o
 *(.rodata*)
 *fill*         0x0000000008005f19        0x3 
 .rodata.AHBPrescTable
                0x0000000008005f1c       0x10 ./Core/Src/system_stm32l5xx.o
                0x0000000008005f1c                AHBPrescTable
 .rodata.APBPrescTable
                0x0000000008005f2c        0x8 ./Core/Src/system_stm32l5xx.o
                0x0000000008005f2c                APBPrescTable
 .rodata.MSIRangeTable
                0x0000000008005f34       0x40 ./Core/Src/system_stm32l5xx.o
                0x0000000008005f34                MSIRangeTable
 .rodata.UARTPrescTable
                0x0000000008005f74       0x18 ./Drivers/STM32L5xx_HAL_Driver/Src/stm32l5xx_hal_uart.o
                0x0000000008005f74                UARTPrescTable
 .rodata.numerator.1
                0x0000000008005f8c        0x8 ./Drivers/STM32L5xx_HAL_Driver/Src/stm32l5xx_hal_uart_ex.o
 .rodata.denominator.0
                0x0000000008005f94        0x8 ./Drivers/STM32L5xx_HAL_Driver/Src/stm32l5xx_hal_uart_ex.o
 .rodata._get_semihosting_exts.str1.1
                0x0000000008005f9c       0x16 /home/itorius/.eclipse/com.st.stm32cube.ide.mcu.rcp.product_1.13.1_139062292_linux_gtk_x86_64/plugins/com.st.stm32cube.ide.mcu.externaltools.gnu-tools-for-stm32.11.3.rel1.linux64_1.1.1.202309131626/tools/bin/../lib/gcc/arm-none-eabi/11.3.1/../../../../arm-none-eabi/lib/thumb/v8-m.main+fp/hard/librdimon_nano.a(rdimon-syscalls.o)
 .rodata.initialise_monitor_handles.str1.1
                0x0000000008005fb2        0x4 /home/itorius/.eclipse/com.st.stm32cube.ide.mcu.rcp.product_1.13.1_139062292_linux_gtk_x86_64/plugins/com.st.stm32cube.ide.mcu.externaltools.gnu-tools-for-stm32.11.3.rel1.linux64_1.1.1.202309131626/tools/bin/../lib/gcc/arm-none-eabi/11.3.1/../../../../arm-none-eabi/lib/thumb/v8-m.main+fp/hard/librdimon_nano.a(rdimon-syscalls.o)
 .rodata._vfprintf_r.str1.1
                0x0000000008005fb6       0x11 /home/itorius/.eclipse/com.st.stm32cube.ide.mcu.rcp.product_1.13.1_139062292_linux_gtk_x86_64/plugins/com.st.stm32cube.ide.mcu.externaltools.gnu-tools-for-stm32.11.3.rel1.linux64_1.1.1.202309131626/tools/bin/../lib/gcc/arm-none-eabi/11.3.1/../../../../arm-none-eabi/lib/thumb/v8-m.main+fp/hard/libc_nano.a(libc_a-nano-vfprintf.o)
 .rodata._printf_i.str1.1
                0x0000000008005fc7       0x22 /home/itorius/.eclipse/com.st.stm32cube.ide.mcu.rcp.product_1.13.1_139062292_linux_gtk_x86_64/plugins/com.st.stm32cube.ide.mcu.externaltools.gnu-tools-for-stm32.11.3.rel1.linux64_1.1.1.202309131626/tools/bin/../lib/gcc/arm-none-eabi/11.3.1/../../../../arm-none-eabi/lib/thumb/v8-m.main+fp/hard/libc_nano.a(libc_a-nano-vfprintf_i.o)
                0x0000000008005fec                . = ALIGN (0x4)
 *fill*         0x0000000008005fe9        0x3 

.ARM.extab      0x0000000008005fec        0x0
                0x0000000008005fec                . = ALIGN (0x4)
 *(.ARM.extab* .gnu.linkonce.armextab.*)
                0x0000000008005fec                . = ALIGN (0x4)

.ARM            0x0000000008005fec        0x8
                0x0000000008005fec                . = ALIGN (0x4)
                0x0000000008005fec                __exidx_start = .
 *(.ARM.exidx*)
 .ARM.exidx     0x0000000008005fec        0x8 /home/itorius/.eclipse/com.st.stm32cube.ide.mcu.rcp.product_1.13.1_139062292_linux_gtk_x86_64/plugins/com.st.stm32cube.ide.mcu.externaltools.gnu-tools-for-stm32.11.3.rel1.linux64_1.1.1.202309131626/tools/bin/../lib/gcc/arm-none-eabi/11.3.1/thumb/v8-m.main+fp/hard/libgcc.a(_udivmoddi4.o)
                0x0000000008005ff4                __exidx_end = .
                0x0000000008005ff4                . = ALIGN (0x4)

.rel.dyn        0x0000000008005ff4        0x0
 .rel.iplt      0x0000000008005ff4        0x0 /home/itorius/.eclipse/com.st.stm32cube.ide.mcu.rcp.product_1.13.1_139062292_linux_gtk_x86_64/plugins/com.st.stm32cube.ide.mcu.externaltools.gnu-tools-for-stm32.11.3.rel1.linux64_1.1.1.202309131626/tools/bin/../lib/gcc/arm-none-eabi/11.3.1/thumb/v8-m.main+fp/hard/crtbegin.o

.preinit_array  0x0000000008005ff4        0x0
                0x0000000008005ff4                . = ALIGN (0x4)
                0x0000000008005ff4                PROVIDE (__preinit_array_start = .)
 *(.preinit_array*)
                0x0000000008005ff4                PROVIDE (__preinit_array_end = .)
                0x0000000008005ff4                . = ALIGN (0x4)

.init_array     0x0000000008005ff4        0x4
                0x0000000008005ff4                . = ALIGN (0x4)
                0x0000000008005ff4                PROVIDE (__init_array_start = .)
 *(SORT_BY_NAME(.init_array.*))
 *(.init_array*)
 .init_array    0x0000000008005ff4        0x4 /home/itorius/.eclipse/com.st.stm32cube.ide.mcu.rcp.product_1.13.1_139062292_linux_gtk_x86_64/plugins/com.st.stm32cube.ide.mcu.externaltools.gnu-tools-for-stm32.11.3.rel1.linux64_1.1.1.202309131626/tools/bin/../lib/gcc/arm-none-eabi/11.3.1/thumb/v8-m.main+fp/hard/crtbegin.o
                0x0000000008005ff8                PROVIDE (__init_array_end = .)
                0x0000000008005ff8                . = ALIGN (0x4)

.fini_array     0x0000000008005ff8        0x4
                0x0000000008005ff8                . = ALIGN (0x4)
                [!provide]                        PROVIDE (__fini_array_start = .)
 *(SORT_BY_NAME(.fini_array.*))
 *(.fini_array*)
 .fini_array    0x0000000008005ff8        0x4 /home/itorius/.eclipse/com.st.stm32cube.ide.mcu.rcp.product_1.13.1_139062292_linux_gtk_x86_64/plugins/com.st.stm32cube.ide.mcu.externaltools.gnu-tools-for-stm32.11.3.rel1.linux64_1.1.1.202309131626/tools/bin/../lib/gcc/arm-none-eabi/11.3.1/thumb/v8-m.main+fp/hard/crtbegin.o
                [!provide]                        PROVIDE (__fini_array_end = .)
                0x0000000008005ffc                . = ALIGN (0x4)
                0x0000000008005ffc                _sidata = LOADADDR (.data)

.data           0x0000000020000000       0x74 load address 0x0000000008005ffc
                0x0000000020000000                . = ALIGN (0x4)
                0x0000000020000000                _sdata = .
 *(.data)
 *(.data*)
 .data.user_data
                0x0000000020000000        0x4 ./Core/Src/main.o
                0x0000000020000000                user_data
 .data.SystemCoreClock
                0x0000000020000004        0x4 ./Core/Src/system_stm32l5xx.o
                0x0000000020000004                SystemCoreClock
 .data.uwTickPrio
                0x0000000020000008        0x4 ./Drivers/STM32L5xx_HAL_Driver/Src/stm32l5xx_hal.o
                0x0000000020000008                uwTickPrio
 .data.uwTickFreq
                0x000000002000000c        0x1 ./Drivers/STM32L5xx_HAL_Driver/Src/stm32l5xx_hal.o
                0x000000002000000c                uwTickFreq
 *fill*         0x000000002000000d        0x3 
 .data.supports_ext_exit_extended
                0x0000000020000010        0x4 /home/itorius/.eclipse/com.st.stm32cube.ide.mcu.rcp.product_1.13.1_139062292_linux_gtk_x86_64/plugins/com.st.stm32cube.ide.mcu.externaltools.gnu-tools-for-stm32.11.3.rel1.linux64_1.1.1.202309131626/tools/bin/../lib/gcc/arm-none-eabi/11.3.1/../../../../arm-none-eabi/lib/thumb/v8-m.main+fp/hard/librdimon_nano.a(rdimon-syscalls.o)
 .data.supports_ext_stdout_stderr
                0x0000000020000014        0x4 /home/itorius/.eclipse/com.st.stm32cube.ide.mcu.rcp.product_1.13.1_139062292_linux_gtk_x86_64/plugins/com.st.stm32cube.ide.mcu.externaltools.gnu-tools-for-stm32.11.3.rel1.linux64_1.1.1.202309131626/tools/bin/../lib/gcc/arm-none-eabi/11.3.1/../../../../arm-none-eabi/lib/thumb/v8-m.main+fp/hard/librdimon_nano.a(rdimon-syscalls.o)
 .data.__sglue  0x0000000020000018        0xc /home/itorius/.eclipse/com.st.stm32cube.ide.mcu.rcp.product_1.13.1_139062292_linux_gtk_x86_64/plugins/com.st.stm32cube.ide.mcu.externaltools.gnu-tools-for-stm32.11.3.rel1.linux64_1.1.1.202309131626/tools/bin/../lib/gcc/arm-none-eabi/11.3.1/../../../../arm-none-eabi/lib/thumb/v8-m.main+fp/hard/libc_nano.a(libc_a-findfp.o)
                0x0000000020000018                __sglue
 .data._impure_data
                0x0000000020000024       0x4c /home/itorius/.eclipse/com.st.stm32cube.ide.mcu.rcp.product_1.13.1_139062292_linux_gtk_x86_64/plugins/com.st.stm32cube.ide.mcu.externaltools.gnu-tools-for-stm32.11.3.rel1.linux64_1.1.1.202309131626/tools/bin/../lib/gcc/arm-none-eabi/11.3.1/../../../../arm-none-eabi/lib/thumb/v8-m.main+fp/hard/libc_nano.a(libc_a-impure.o)
                0x0000000020000024                _impure_data
 .data._impure_ptr
                0x0000000020000070        0x4 /home/itorius/.eclipse/com.st.stm32cube.ide.mcu.rcp.product_1.13.1_139062292_linux_gtk_x86_64/plugins/com.st.stm32cube.ide.mcu.externaltools.gnu-tools-for-stm32.11.3.rel1.linux64_1.1.1.202309131626/tools/bin/../lib/gcc/arm-none-eabi/11.3.1/../../../../arm-none-eabi/lib/thumb/v8-m.main+fp/hard/libc_nano.a(libc_a-impure.o)
                0x0000000020000070                _impure_ptr
 *(.RamFunc)
 *(.RamFunc*)
                0x0000000020000074                . = ALIGN (0x4)
                0x0000000020000074                _edata = .

.igot.plt       0x0000000020000074        0x0 load address 0x0000000008006070
 .igot.plt      0x0000000020000074        0x0 /home/itorius/.eclipse/com.st.stm32cube.ide.mcu.rcp.product_1.13.1_139062292_linux_gtk_x86_64/plugins/com.st.stm32cube.ide.mcu.externaltools.gnu-tools-for-stm32.11.3.rel1.linux64_1.1.1.202309131626/tools/bin/../lib/gcc/arm-none-eabi/11.3.1/thumb/v8-m.main+fp/hard/crtbegin.o
                0x0000000020000074                . = ALIGN (0x4)

.bss            0x0000000020000074      0x304 load address 0x0000000008006070
                0x0000000020000074                _sbss = .
                0x0000000020000074                __bss_start__ = _sbss
 *(.bss)
 .bss           0x0000000020000074       0x1c /home/itorius/.eclipse/com.st.stm32cube.ide.mcu.rcp.product_1.13.1_139062292_linux_gtk_x86_64/plugins/com.st.stm32cube.ide.mcu.externaltools.gnu-tools-for-stm32.11.3.rel1.linux64_1.1.1.202309131626/tools/bin/../lib/gcc/arm-none-eabi/11.3.1/thumb/v8-m.main+fp/hard/crtbegin.o
 *(.bss*)
 .bss.hi2c2     0x0000000020000090       0x54 ./Core/Src/main.o
                0x0000000020000090                hi2c2
 .bss.huart2    0x00000000200000e4       0x94 ./Core/Src/main.o
                0x00000000200000e4                huart2
 .bss.__sbrk_heap_end
                0x0000000020000178        0x4 ./Core/Src/sysmem.o
 .bss.uwTick    0x000000002000017c        0x4 ./Drivers/STM32L5xx_HAL_Driver/Src/stm32l5xx_hal.o
                0x000000002000017c                uwTick
 .bss.monitor_stderr
                0x0000000020000180        0x4 /home/itorius/.eclipse/com.st.stm32cube.ide.mcu.rcp.product_1.13.1_139062292_linux_gtk_x86_64/plugins/com.st.stm32cube.ide.mcu.externaltools.gnu-tools-for-stm32.11.3.rel1.linux64_1.1.1.202309131626/tools/bin/../lib/gcc/arm-none-eabi/11.3.1/../../../../arm-none-eabi/lib/thumb/v8-m.main+fp/hard/librdimon_nano.a(rdimon-syscalls.o)
 .bss.monitor_stdin
                0x0000000020000184        0x4 /home/itorius/.eclipse/com.st.stm32cube.ide.mcu.rcp.product_1.13.1_139062292_linux_gtk_x86_64/plugins/com.st.stm32cube.ide.mcu.externaltools.gnu-tools-for-stm32.11.3.rel1.linux64_1.1.1.202309131626/tools/bin/../lib/gcc/arm-none-eabi/11.3.1/../../../../arm-none-eabi/lib/thumb/v8-m.main+fp/hard/librdimon_nano.a(rdimon-syscalls.o)
 .bss.monitor_stdout
                0x0000000020000188        0x4 /home/itorius/.eclipse/com.st.stm32cube.ide.mcu.rcp.product_1.13.1_139062292_linux_gtk_x86_64/plugins/com.st.stm32cube.ide.mcu.externaltools.gnu-tools-for-stm32.11.3.rel1.linux64_1.1.1.202309131626/tools/bin/../lib/gcc/arm-none-eabi/11.3.1/../../../../arm-none-eabi/lib/thumb/v8-m.main+fp/hard/librdimon_nano.a(rdimon-syscalls.o)
 .bss.openfiles
                0x000000002000018c       0xa0 /home/itorius/.eclipse/com.st.stm32cube.ide.mcu.rcp.product_1.13.1_139062292_linux_gtk_x86_64/plugins/com.st.stm32cube.ide.mcu.externaltools.gnu-tools-for-stm32.11.3.rel1.linux64_1.1.1.202309131626/tools/bin/../lib/gcc/arm-none-eabi/11.3.1/../../../../arm-none-eabi/lib/thumb/v8-m.main+fp/hard/librdimon_nano.a(rdimon-syscalls.o)
 .bss.__sf      0x000000002000022c      0x138 /home/itorius/.eclipse/com.st.stm32cube.ide.mcu.rcp.product_1.13.1_139062292_linux_gtk_x86_64/plugins/com.st.stm32cube.ide.mcu.externaltools.gnu-tools-for-stm32.11.3.rel1.linux64_1.1.1.202309131626/tools/bin/../lib/gcc/arm-none-eabi/11.3.1/../../../../arm-none-eabi/lib/thumb/v8-m.main+fp/hard/libc_nano.a(libc_a-findfp.o)
                0x000000002000022c                __sf
 .bss.__stdio_exit_handler
                0x0000000020000364        0x4 /home/itorius/.eclipse/com.st.stm32cube.ide.mcu.rcp.product_1.13.1_139062292_linux_gtk_x86_64/plugins/com.st.stm32cube.ide.mcu.externaltools.gnu-tools-for-stm32.11.3.rel1.linux64_1.1.1.202309131626/tools/bin/../lib/gcc/arm-none-eabi/11.3.1/../../../../arm-none-eabi/lib/thumb/v8-m.main+fp/hard/libc_nano.a(libc_a-findfp.o)
                0x0000000020000364                __stdio_exit_handler
 .bss.errno     0x0000000020000368        0x4 /home/itorius/.eclipse/com.st.stm32cube.ide.mcu.rcp.product_1.13.1_139062292_linux_gtk_x86_64/plugins/com.st.stm32cube.ide.mcu.externaltools.gnu-tools-for-stm32.11.3.rel1.linux64_1.1.1.202309131626/tools/bin/../lib/gcc/arm-none-eabi/11.3.1/../../../../arm-none-eabi/lib/thumb/v8-m.main+fp/hard/libc_nano.a(libc_a-reent.o)
                0x0000000020000368                errno
 .bss.__lock___malloc_recursive_mutex
                0x000000002000036c        0x1 /home/itorius/.eclipse/com.st.stm32cube.ide.mcu.rcp.product_1.13.1_139062292_linux_gtk_x86_64/plugins/com.st.stm32cube.ide.mcu.externaltools.gnu-tools-for-stm32.11.3.rel1.linux64_1.1.1.202309131626/tools/bin/../lib/gcc/arm-none-eabi/11.3.1/../../../../arm-none-eabi/lib/thumb/v8-m.main+fp/hard/libc_nano.a(libc_a-lock.o)
                0x000000002000036c                __lock___malloc_recursive_mutex
 .bss.__lock___sfp_recursive_mutex
                0x000000002000036d        0x1 /home/itorius/.eclipse/com.st.stm32cube.ide.mcu.rcp.product_1.13.1_139062292_linux_gtk_x86_64/plugins/com.st.stm32cube.ide.mcu.externaltools.gnu-tools-for-stm32.11.3.rel1.linux64_1.1.1.202309131626/tools/bin/../lib/gcc/arm-none-eabi/11.3.1/../../../../arm-none-eabi/lib/thumb/v8-m.main+fp/hard/libc_nano.a(libc_a-lock.o)
                0x000000002000036d                __lock___sfp_recursive_mutex
 *fill*         0x000000002000036e        0x2 
 .bss.__malloc_free_list
                0x0000000020000370        0x4 /home/itorius/.eclipse/com.st.stm32cube.ide.mcu.rcp.product_1.13.1_139062292_linux_gtk_x86_64/plugins/com.st.stm32cube.ide.mcu.externaltools.gnu-tools-for-stm32.11.3.rel1.linux64_1.1.1.202309131626/tools/bin/../lib/gcc/arm-none-eabi/11.3.1/../../../../arm-none-eabi/lib/thumb/v8-m.main+fp/hard/libc_nano.a(libc_a-mallocr.o)
                0x0000000020000370                __malloc_free_list
 .bss.__malloc_sbrk_start
                0x0000000020000374        0x4 /home/itorius/.eclipse/com.st.stm32cube.ide.mcu.rcp.product_1.13.1_139062292_linux_gtk_x86_64/plugins/com.st.stm32cube.ide.mcu.externaltools.gnu-tools-for-stm32.11.3.rel1.linux64_1.1.1.202309131626/tools/bin/../lib/gcc/arm-none-eabi/11.3.1/../../../../arm-none-eabi/lib/thumb/v8-m.main+fp/hard/libc_nano.a(libc_a-mallocr.o)
                0x0000000020000374                __malloc_sbrk_start
 *(COMMON)
                0x0000000020000378                . = ALIGN (0x4)
                0x0000000020000378                _ebss = .
                0x0000000020000378                __bss_end__ = _ebss

._user_heap_stack
                0x0000000020000378      0x600 load address 0x0000000008006070
                0x0000000020000378                . = ALIGN (0x8)
                0x0000000020000378                PROVIDE (end = .)
                0x0000000020000378                PROVIDE (_end = .)
                0x0000000020000578                . = (. + _Min_Heap_Size)
 *fill*         0x0000000020000378      0x200 
                0x0000000020000978                . = (. + _Min_Stack_Size)
 *fill*         0x0000000020000578      0x400 
                0x0000000020000978                . = ALIGN (0x8)

/DISCARD/
 libc.a(*)
 libm.a(*)
 libgcc.a(*)

.ARM.attributes
                0x0000000000000000       0x36
 *(.ARM.attributes)
 .ARM.attributes
                0x0000000000000000       0x22 /home/itorius/.eclipse/com.st.stm32cube.ide.mcu.rcp.product_1.13.1_139062292_linux_gtk_x86_64/plugins/com.st.stm32cube.ide.mcu.externaltools.gnu-tools-for-stm32.11.3.rel1.linux64_1.1.1.202309131626/tools/bin/../lib/gcc/arm-none-eabi/11.3.1/thumb/v8-m.main+fp/hard/crti.o
 .ARM.attributes
                0x0000000000000022       0x38 /home/itorius/.eclipse/com.st.stm32cube.ide.mcu.rcp.product_1.13.1_139062292_linux_gtk_x86_64/plugins/com.st.stm32cube.ide.mcu.externaltools.gnu-tools-for-stm32.11.3.rel1.linux64_1.1.1.202309131626/tools/bin/../lib/gcc/arm-none-eabi/11.3.1/thumb/v8-m.main+fp/hard/crtbegin.o
 .ARM.attributes
                0x000000000000005a       0x3a ./Core/Src/main.o
 .ARM.attributes
                0x0000000000000094       0x3a ./Core/Src/stm32l5xx_hal_msp.o
 .ARM.attributes
                0x00000000000000ce       0x3a ./Core/Src/stm32l5xx_it.o
 .ARM.attributes
                0x0000000000000108       0x3a ./Core/Src/sysmem.o
 .ARM.attributes
                0x0000000000000142       0x3a ./Core/Src/system_stm32l5xx.o
 .ARM.attributes
                0x000000000000017c       0x24 ./Core/Startup/startup_stm32l552cctx.o
 .ARM.attributes
                0x00000000000001a0       0x3a ./Drivers/STM32L5xx_HAL_Driver/Src/stm32l5xx_hal.o
 .ARM.attributes
                0x00000000000001da       0x3a ./Drivers/STM32L5xx_HAL_Driver/Src/stm32l5xx_hal_cortex.o
 .ARM.attributes
                0x0000000000000214       0x3a ./Drivers/STM32L5xx_HAL_Driver/Src/stm32l5xx_hal_dma.o
 .ARM.attributes
                0x000000000000024e       0x3a ./Drivers/STM32L5xx_HAL_Driver/Src/stm32l5xx_hal_gpio.o
 .ARM.attributes
                0x0000000000000288       0x3a ./Drivers/STM32L5xx_HAL_Driver/Src/stm32l5xx_hal_i2c.o
 .ARM.attributes
                0x00000000000002c2       0x3a ./Drivers/STM32L5xx_HAL_Driver/Src/stm32l5xx_hal_i2c_ex.o
 .ARM.attributes
                0x00000000000002fc       0x3a ./Drivers/STM32L5xx_HAL_Driver/Src/stm32l5xx_hal_icache.o
 .ARM.attributes
                0x0000000000000336       0x3a ./Drivers/STM32L5xx_HAL_Driver/Src/stm32l5xx_hal_pwr_ex.o
 .ARM.attributes
                0x0000000000000370       0x3a ./Drivers/STM32L5xx_HAL_Driver/Src/stm32l5xx_hal_rcc.o
 .ARM.attributes
                0x00000000000003aa       0x3a ./Drivers/STM32L5xx_HAL_Driver/Src/stm32l5xx_hal_rcc_ex.o
 .ARM.attributes
                0x00000000000003e4       0x3a ./Drivers/STM32L5xx_HAL_Driver/Src/stm32l5xx_hal_uart.o
 .ARM.attributes
                0x000000000000041e       0x3a ./Drivers/STM32L5xx_HAL_Driver/Src/stm32l5xx_hal_uart_ex.o
 .ARM.attributes
                0x0000000000000458       0x38 /home/itorius/.eclipse/com.st.stm32cube.ide.mcu.rcp.product_1.13.1_139062292_linux_gtk_x86_64/plugins/com.st.stm32cube.ide.mcu.externaltools.gnu-tools-for-stm32.11.3.rel1.linux64_1.1.1.202309131626/tools/bin/../lib/gcc/arm-none-eabi/11.3.1/../../../../arm-none-eabi/lib/thumb/v8-m.main+fp/hard/librdimon_nano.a(rdimon-syscalls.o)
 .ARM.attributes
                0x0000000000000490       0x38 /home/itorius/.eclipse/com.st.stm32cube.ide.mcu.rcp.product_1.13.1_139062292_linux_gtk_x86_64/plugins/com.st.stm32cube.ide.mcu.externaltools.gnu-tools-for-stm32.11.3.rel1.linux64_1.1.1.202309131626/tools/bin/../lib/gcc/arm-none-eabi/11.3.1/../../../../arm-none-eabi/lib/thumb/v8-m.main+fp/hard/libc_nano.a(libc_a-findfp.o)
 .ARM.attributes
                0x00000000000004c8       0x38 /home/itorius/.eclipse/com.st.stm32cube.ide.mcu.rcp.product_1.13.1_139062292_linux_gtk_x86_64/plugins/com.st.stm32cube.ide.mcu.externaltools.gnu-tools-for-stm32.11.3.rel1.linux64_1.1.1.202309131626/tools/bin/../lib/gcc/arm-none-eabi/11.3.1/../../../../arm-none-eabi/lib/thumb/v8-m.main+fp/hard/libc_nano.a(libc_a-fwalk.o)
 .ARM.attributes
                0x0000000000000500       0x38 /home/itorius/.eclipse/com.st.stm32cube.ide.mcu.rcp.product_1.13.1_139062292_linux_gtk_x86_64/plugins/com.st.stm32cube.ide.mcu.externaltools.gnu-tools-for-stm32.11.3.rel1.linux64_1.1.1.202309131626/tools/bin/../lib/gcc/arm-none-eabi/11.3.1/../../../../arm-none-eabi/lib/thumb/v8-m.main+fp/hard/libc_nano.a(libc_a-printf.o)
 .ARM.attributes
                0x0000000000000538       0x38 /home/itorius/.eclipse/com.st.stm32cube.ide.mcu.rcp.product_1.13.1_139062292_linux_gtk_x86_64/plugins/com.st.stm32cube.ide.mcu.externaltools.gnu-tools-for-stm32.11.3.rel1.linux64_1.1.1.202309131626/tools/bin/../lib/gcc/arm-none-eabi/11.3.1/../../../../arm-none-eabi/lib/thumb/v8-m.main+fp/hard/libc_nano.a(libc_a-stdio.o)
 .ARM.attributes
                0x0000000000000570       0x38 /home/itorius/.eclipse/com.st.stm32cube.ide.mcu.rcp.product_1.13.1_139062292_linux_gtk_x86_64/plugins/com.st.stm32cube.ide.mcu.externaltools.gnu-tools-for-stm32.11.3.rel1.linux64_1.1.1.202309131626/tools/bin/../lib/gcc/arm-none-eabi/11.3.1/../../../../arm-none-eabi/lib/thumb/v8-m.main+fp/hard/libc_nano.a(libc_a-memset.o)
 .ARM.attributes
                0x00000000000005a8       0x38 /home/itorius/.eclipse/com.st.stm32cube.ide.mcu.rcp.product_1.13.1_139062292_linux_gtk_x86_64/plugins/com.st.stm32cube.ide.mcu.externaltools.gnu-tools-for-stm32.11.3.rel1.linux64_1.1.1.202309131626/tools/bin/../lib/gcc/arm-none-eabi/11.3.1/../../../../arm-none-eabi/lib/thumb/v8-m.main+fp/hard/libc_nano.a(libc_a-closer.o)
 .ARM.attributes
                0x00000000000005e0       0x38 /home/itorius/.eclipse/com.st.stm32cube.ide.mcu.rcp.product_1.13.1_139062292_linux_gtk_x86_64/plugins/com.st.stm32cube.ide.mcu.externaltools.gnu-tools-for-stm32.11.3.rel1.linux64_1.1.1.202309131626/tools/bin/../lib/gcc/arm-none-eabi/11.3.1/../../../../arm-none-eabi/lib/thumb/v8-m.main+fp/hard/libc_nano.a(libc_a-reent.o)
 .ARM.attributes
                0x0000000000000618       0x38 /home/itorius/.eclipse/com.st.stm32cube.ide.mcu.rcp.product_1.13.1_139062292_linux_gtk_x86_64/plugins/com.st.stm32cube.ide.mcu.externaltools.gnu-tools-for-stm32.11.3.rel1.linux64_1.1.1.202309131626/tools/bin/../lib/gcc/arm-none-eabi/11.3.1/../../../../arm-none-eabi/lib/thumb/v8-m.main+fp/hard/libc_nano.a(libc_a-impure.o)
 .ARM.attributes
                0x0000000000000650       0x38 /home/itorius/.eclipse/com.st.stm32cube.ide.mcu.rcp.product_1.13.1_139062292_linux_gtk_x86_64/plugins/com.st.stm32cube.ide.mcu.externaltools.gnu-tools-for-stm32.11.3.rel1.linux64_1.1.1.202309131626/tools/bin/../lib/gcc/arm-none-eabi/11.3.1/../../../../arm-none-eabi/lib/thumb/v8-m.main+fp/hard/libc_nano.a(libc_a-lseekr.o)
 .ARM.attributes
                0x0000000000000688       0x38 /home/itorius/.eclipse/com.st.stm32cube.ide.mcu.rcp.product_1.13.1_139062292_linux_gtk_x86_64/plugins/com.st.stm32cube.ide.mcu.externaltools.gnu-tools-for-stm32.11.3.rel1.linux64_1.1.1.202309131626/tools/bin/../lib/gcc/arm-none-eabi/11.3.1/../../../../arm-none-eabi/lib/thumb/v8-m.main+fp/hard/libc_nano.a(libc_a-readr.o)
 .ARM.attributes
                0x00000000000006c0       0x38 /home/itorius/.eclipse/com.st.stm32cube.ide.mcu.rcp.product_1.13.1_139062292_linux_gtk_x86_64/plugins/com.st.stm32cube.ide.mcu.externaltools.gnu-tools-for-stm32.11.3.rel1.linux64_1.1.1.202309131626/tools/bin/../lib/gcc/arm-none-eabi/11.3.1/../../../../arm-none-eabi/lib/thumb/v8-m.main+fp/hard/libc_nano.a(libc_a-writer.o)
 .ARM.attributes
                0x00000000000006f8       0x38 /home/itorius/.eclipse/com.st.stm32cube.ide.mcu.rcp.product_1.13.1_139062292_linux_gtk_x86_64/plugins/com.st.stm32cube.ide.mcu.externaltools.gnu-tools-for-stm32.11.3.rel1.linux64_1.1.1.202309131626/tools/bin/../lib/gcc/arm-none-eabi/11.3.1/../../../../arm-none-eabi/lib/thumb/v8-m.main+fp/hard/libc_nano.a(libc_a-errno.o)
 .ARM.attributes
                0x0000000000000730       0x38 /home/itorius/.eclipse/com.st.stm32cube.ide.mcu.rcp.product_1.13.1_139062292_linux_gtk_x86_64/plugins/com.st.stm32cube.ide.mcu.externaltools.gnu-tools-for-stm32.11.3.rel1.linux64_1.1.1.202309131626/tools/bin/../lib/gcc/arm-none-eabi/11.3.1/../../../../arm-none-eabi/lib/thumb/v8-m.main+fp/hard/libc_nano.a(libc_a-init.o)
 .ARM.attributes
                0x0000000000000768       0x38 /home/itorius/.eclipse/com.st.stm32cube.ide.mcu.rcp.product_1.13.1_139062292_linux_gtk_x86_64/plugins/com.st.stm32cube.ide.mcu.externaltools.gnu-tools-for-stm32.11.3.rel1.linux64_1.1.1.202309131626/tools/bin/../lib/gcc/arm-none-eabi/11.3.1/../../../../arm-none-eabi/lib/thumb/v8-m.main+fp/hard/libc_nano.a(libc_a-lock.o)
 .ARM.attributes
                0x00000000000007a0       0x17 /home/itorius/.eclipse/com.st.stm32cube.ide.mcu.rcp.product_1.13.1_139062292_linux_gtk_x86_64/plugins/com.st.stm32cube.ide.mcu.externaltools.gnu-tools-for-stm32.11.3.rel1.linux64_1.1.1.202309131626/tools/bin/../lib/gcc/arm-none-eabi/11.3.1/../../../../arm-none-eabi/lib/thumb/v8-m.main+fp/hard/libc_nano.a(libc_a-strlen.o)
 .ARM.attributes
                0x00000000000007b7       0x38 /home/itorius/.eclipse/com.st.stm32cube.ide.mcu.rcp.product_1.13.1_139062292_linux_gtk_x86_64/plugins/com.st.stm32cube.ide.mcu.externaltools.gnu-tools-for-stm32.11.3.rel1.linux64_1.1.1.202309131626/tools/bin/../lib/gcc/arm-none-eabi/11.3.1/../../../../arm-none-eabi/lib/thumb/v8-m.main+fp/hard/libc_nano.a(libc_a-freer.o)
 .ARM.attributes
                0x00000000000007ef       0x38 /home/itorius/.eclipse/com.st.stm32cube.ide.mcu.rcp.product_1.13.1_139062292_linux_gtk_x86_64/plugins/com.st.stm32cube.ide.mcu.externaltools.gnu-tools-for-stm32.11.3.rel1.linux64_1.1.1.202309131626/tools/bin/../lib/gcc/arm-none-eabi/11.3.1/../../../../arm-none-eabi/lib/thumb/v8-m.main+fp/hard/libc_nano.a(libc_a-mallocr.o)
 .ARM.attributes
                0x0000000000000827       0x38 /home/itorius/.eclipse/com.st.stm32cube.ide.mcu.rcp.product_1.13.1_139062292_linux_gtk_x86_64/plugins/com.st.stm32cube.ide.mcu.externaltools.gnu-tools-for-stm32.11.3.rel1.linux64_1.1.1.202309131626/tools/bin/../lib/gcc/arm-none-eabi/11.3.1/../../../../arm-none-eabi/lib/thumb/v8-m.main+fp/hard/libc_nano.a(libc_a-mlock.o)
 .ARM.attributes
                0x000000000000085f       0x38 /home/itorius/.eclipse/com.st.stm32cube.ide.mcu.rcp.product_1.13.1_139062292_linux_gtk_x86_64/plugins/com.st.stm32cube.ide.mcu.externaltools.gnu-tools-for-stm32.11.3.rel1.linux64_1.1.1.202309131626/tools/bin/../lib/gcc/arm-none-eabi/11.3.1/../../../../arm-none-eabi/lib/thumb/v8-m.main+fp/hard/libc_nano.a(libc_a-nano-vfprintf.o)
 .ARM.attributes
                0x0000000000000897       0x38 /home/itorius/.eclipse/com.st.stm32cube.ide.mcu.rcp.product_1.13.1_139062292_linux_gtk_x86_64/plugins/com.st.stm32cube.ide.mcu.externaltools.gnu-tools-for-stm32.11.3.rel1.linux64_1.1.1.202309131626/tools/bin/../lib/gcc/arm-none-eabi/11.3.1/../../../../arm-none-eabi/lib/thumb/v8-m.main+fp/hard/libc_nano.a(libc_a-nano-vfprintf_i.o)
 .ARM.attributes
                0x00000000000008cf       0x38 /home/itorius/.eclipse/com.st.stm32cube.ide.mcu.rcp.product_1.13.1_139062292_linux_gtk_x86_64/plugins/com.st.stm32cube.ide.mcu.externaltools.gnu-tools-for-stm32.11.3.rel1.linux64_1.1.1.202309131626/tools/bin/../lib/gcc/arm-none-eabi/11.3.1/../../../../arm-none-eabi/lib/thumb/v8-m.main+fp/hard/libc_nano.a(libc_a-fflush.o)
 .ARM.attributes
                0x0000000000000907       0x38 /home/itorius/.eclipse/com.st.stm32cube.ide.mcu.rcp.product_1.13.1_139062292_linux_gtk_x86_64/plugins/com.st.stm32cube.ide.mcu.externaltools.gnu-tools-for-stm32.11.3.rel1.linux64_1.1.1.202309131626/tools/bin/../lib/gcc/arm-none-eabi/11.3.1/../../../../arm-none-eabi/lib/thumb/v8-m.main+fp/hard/libc_nano.a(libc_a-wbuf.o)
 .ARM.attributes
                0x000000000000093f       0x38 /home/itorius/.eclipse/com.st.stm32cube.ide.mcu.rcp.product_1.13.1_139062292_linux_gtk_x86_64/plugins/com.st.stm32cube.ide.mcu.externaltools.gnu-tools-for-stm32.11.3.rel1.linux64_1.1.1.202309131626/tools/bin/../lib/gcc/arm-none-eabi/11.3.1/../../../../arm-none-eabi/lib/thumb/v8-m.main+fp/hard/libc_nano.a(libc_a-wsetup.o)
 .ARM.attributes
                0x0000000000000977       0x38 /home/itorius/.eclipse/com.st.stm32cube.ide.mcu.rcp.product_1.13.1_139062292_linux_gtk_x86_64/plugins/com.st.stm32cube.ide.mcu.externaltools.gnu-tools-for-stm32.11.3.rel1.linux64_1.1.1.202309131626/tools/bin/../lib/gcc/arm-none-eabi/11.3.1/../../../../arm-none-eabi/lib/thumb/v8-m.main+fp/hard/libc_nano.a(libc_a-sbrkr.o)
 .ARM.attributes
                0x00000000000009af       0x38 /home/itorius/.eclipse/com.st.stm32cube.ide.mcu.rcp.product_1.13.1_139062292_linux_gtk_x86_64/plugins/com.st.stm32cube.ide.mcu.externaltools.gnu-tools-for-stm32.11.3.rel1.linux64_1.1.1.202309131626/tools/bin/../lib/gcc/arm-none-eabi/11.3.1/../../../../arm-none-eabi/lib/thumb/v8-m.main+fp/hard/libc_nano.a(libc_a-memchr-stub.o)
 .ARM.attributes
                0x00000000000009e7       0x38 /home/itorius/.eclipse/com.st.stm32cube.ide.mcu.rcp.product_1.13.1_139062292_linux_gtk_x86_64/plugins/com.st.stm32cube.ide.mcu.externaltools.gnu-tools-for-stm32.11.3.rel1.linux64_1.1.1.202309131626/tools/bin/../lib/gcc/arm-none-eabi/11.3.1/../../../../arm-none-eabi/lib/thumb/v8-m.main+fp/hard/libc_nano.a(libc_a-makebuf.o)
 .ARM.attributes
                0x0000000000000a1f       0x38 /home/itorius/.eclipse/com.st.stm32cube.ide.mcu.rcp.product_1.13.1_139062292_linux_gtk_x86_64/plugins/com.st.stm32cube.ide.mcu.externaltools.gnu-tools-for-stm32.11.3.rel1.linux64_1.1.1.202309131626/tools/bin/../lib/gcc/arm-none-eabi/11.3.1/../../../../arm-none-eabi/lib/thumb/v8-m.main+fp/hard/libc_nano.a(libc_a-fstatr.o)
 .ARM.attributes
                0x0000000000000a57       0x38 /home/itorius/.eclipse/com.st.stm32cube.ide.mcu.rcp.product_1.13.1_139062292_linux_gtk_x86_64/plugins/com.st.stm32cube.ide.mcu.externaltools.gnu-tools-for-stm32.11.3.rel1.linux64_1.1.1.202309131626/tools/bin/../lib/gcc/arm-none-eabi/11.3.1/../../../../arm-none-eabi/lib/thumb/v8-m.main+fp/hard/libc_nano.a(libc_a-isattyr.o)
 .ARM.attributes
                0x0000000000000a8f       0x22 /home/itorius/.eclipse/com.st.stm32cube.ide.mcu.rcp.product_1.13.1_139062292_linux_gtk_x86_64/plugins/com.st.stm32cube.ide.mcu.externaltools.gnu-tools-for-stm32.11.3.rel1.linux64_1.1.1.202309131626/tools/bin/../lib/gcc/arm-none-eabi/11.3.1/thumb/v8-m.main+fp/hard/libgcc.a(_aeabi_uldivmod.o)
 .ARM.attributes
                0x0000000000000ab1       0x38 /home/itorius/.eclipse/com.st.stm32cube.ide.mcu.rcp.product_1.13.1_139062292_linux_gtk_x86_64/plugins/com.st.stm32cube.ide.mcu.externaltools.gnu-tools-for-stm32.11.3.rel1.linux64_1.1.1.202309131626/tools/bin/../lib/gcc/arm-none-eabi/11.3.1/thumb/v8-m.main+fp/hard/libgcc.a(_udivmoddi4.o)
 .ARM.attributes