Archive member included to satisfy reference by file (symbol)

/opt/gcc-arm-none-eabi/bin/../lib/gcc/arm-none-eabi/12.3.1/../../../../arm-none-eabi/lib/thumb/v8-m.main/nofp/libg.a(libc_a-exit.o)
                              /opt/gcc-arm-none-eabi/bin/../lib/gcc/arm-none-eabi/12.3.1/../../../../arm-none-eabi/lib/thumb/v8-m.main/nofp/crt0.o (exit)
/opt/gcc-arm-none-eabi/bin/../lib/gcc/arm-none-eabi/12.3.1/../../../../arm-none-eabi/lib/thumb/v8-m.main/nofp/libg.a(libc_a-errno.o)
                              CMakeFiles/untitled.elf.dir/Core/Src/syscalls.c.obj (__errno)
/opt/gcc-arm-none-eabi/bin/../lib/gcc/arm-none-eabi/12.3.1/../../../../arm-none-eabi/lib/thumb/v8-m.main/nofp/libg.a(libc_a-malloc.o)
                              CMakeFiles/untitled.elf.dir/Core/Src/base64.c.obj (malloc)
/opt/gcc-arm-none-eabi/bin/../lib/gcc/arm-none-eabi/12.3.1/../../../../arm-none-eabi/lib/thumb/v8-m.main/nofp/libg.a(libc_a-mallocr.o)
                              /opt/gcc-arm-none-eabi/bin/../lib/gcc/arm-none-eabi/12.3.1/../../../../arm-none-eabi/lib/thumb/v8-m.main/nofp/libg.a(libc_a-malloc.o) (_malloc_r)
/opt/gcc-arm-none-eabi/bin/../lib/gcc/arm-none-eabi/12.3.1/../../../../arm-none-eabi/lib/thumb/v8-m.main/nofp/libg.a(libc_a-__call_atexit.o)
                              /opt/gcc-arm-none-eabi/bin/../lib/gcc/arm-none-eabi/12.3.1/../../../../arm-none-eabi/lib/thumb/v8-m.main/nofp/libg.a(libc_a-exit.o) (__call_exitprocs)
/opt/gcc-arm-none-eabi/bin/../lib/gcc/arm-none-eabi/12.3.1/../../../../arm-none-eabi/lib/thumb/v8-m.main/nofp/libg.a(libc_a-memset.o)
                              /opt/gcc-arm-none-eabi/bin/../lib/gcc/arm-none-eabi/12.3.1/../../../../arm-none-eabi/lib/thumb/v8-m.main/nofp/crt0.o (memset)
/opt/gcc-arm-none-eabi/bin/../lib/gcc/arm-none-eabi/12.3.1/../../../../arm-none-eabi/lib/thumb/v8-m.main/nofp/libg.a(libc_a-init.o)
                              /opt/gcc-arm-none-eabi/bin/../lib/gcc/arm-none-eabi/12.3.1/../../../../arm-none-eabi/lib/thumb/v8-m.main/nofp/crt0.o (__libc_init_array)
/opt/gcc-arm-none-eabi/bin/../lib/gcc/arm-none-eabi/12.3.1/../../../../arm-none-eabi/lib/thumb/v8-m.main/nofp/libg.a(libc_a-fini.o)
                              /opt/gcc-arm-none-eabi/bin/../lib/gcc/arm-none-eabi/12.3.1/../../../../arm-none-eabi/lib/thumb/v8-m.main/nofp/libg.a(libc_a-__call_atexit.o) (__libc_fini_array)
/opt/gcc-arm-none-eabi/bin/../lib/gcc/arm-none-eabi/12.3.1/../../../../arm-none-eabi/lib/thumb/v8-m.main/nofp/libg.a(libc_a-lock.o)
                              /opt/gcc-arm-none-eabi/bin/../lib/gcc/arm-none-eabi/12.3.1/../../../../arm-none-eabi/lib/thumb/v8-m.main/nofp/libg.a(libc_a-__call_atexit.o) (__retarget_lock_acquire_recursive)
/opt/gcc-arm-none-eabi/bin/../lib/gcc/arm-none-eabi/12.3.1/../../../../arm-none-eabi/lib/thumb/v8-m.main/nofp/libg.a(libc_a-sysconf.o)
                              /opt/gcc-arm-none-eabi/bin/../lib/gcc/arm-none-eabi/12.3.1/../../../../arm-none-eabi/lib/thumb/v8-m.main/nofp/libg.a(libc_a-mallocr.o) (sysconf)
/opt/gcc-arm-none-eabi/bin/../lib/gcc/arm-none-eabi/12.3.1/../../../../arm-none-eabi/lib/thumb/v8-m.main/nofp/libg.a(libc_a-printf.o)
                              CMakeFiles/untitled.elf.dir/Core/Src/main.c.obj (printf)
/opt/gcc-arm-none-eabi/bin/../lib/gcc/arm-none-eabi/12.3.1/../../../../arm-none-eabi/lib/thumb/v8-m.main/nofp/libg.a(libc_a-putchar.o)
                              CMakeFiles/untitled.elf.dir/Core/Src/main.c.obj (putchar)
/opt/gcc-arm-none-eabi/bin/../lib/gcc/arm-none-eabi/12.3.1/../../../../arm-none-eabi/lib/thumb/v8-m.main/nofp/libg.a(libc_a-mlock.o)
                              /opt/gcc-arm-none-eabi/bin/../lib/gcc/arm-none-eabi/12.3.1/../../../../arm-none-eabi/lib/thumb/v8-m.main/nofp/libg.a(libc_a-mallocr.o) (__malloc_lock)
/opt/gcc-arm-none-eabi/bin/../lib/gcc/arm-none-eabi/12.3.1/../../../../arm-none-eabi/lib/thumb/v8-m.main/nofp/libg.a(libc_a-atexit.o)
                              /opt/gcc-arm-none-eabi/bin/../lib/gcc/arm-none-eabi/12.3.1/../../../../arm-none-eabi/lib/thumb/v8-m.main/nofp/libg.a(libc_a-__call_atexit.o) (atexit)
/opt/gcc-arm-none-eabi/bin/../lib/gcc/arm-none-eabi/12.3.1/../../../../arm-none-eabi/lib/thumb/v8-m.main/nofp/libg.a(libc_a-impure.o)
                              /opt/gcc-arm-none-eabi/bin/../lib/gcc/arm-none-eabi/12.3.1/../../../../arm-none-eabi/lib/thumb/v8-m.main/nofp/libg.a(libc_a-errno.o) (_impure_ptr)
/opt/gcc-arm-none-eabi/bin/../lib/gcc/arm-none-eabi/12.3.1/../../../../arm-none-eabi/lib/thumb/v8-m.main/nofp/libg.a(libc_a-findfp.o)
                              /opt/gcc-arm-none-eabi/bin/../lib/gcc/arm-none-eabi/12.3.1/../../../../arm-none-eabi/lib/thumb/v8-m.main/nofp/libg.a(libc_a-impure.o) (__sf)
/opt/gcc-arm-none-eabi/bin/../lib/gcc/arm-none-eabi/12.3.1/../../../../arm-none-eabi/lib/thumb/v8-m.main/nofp/libg.a(libc_a-memcpy.o)
                              CMakeFiles/untitled.elf.dir/Core/Src/main.c.obj (memcpy)
[...]
Memory Configuration

Name             Origin             Length             Attributes
RAM              0x20000000         0x00030000         xrw
RAM2             0x20030000         0x00010000         xrw
FLASH            0x08000000         0x00040000         xr
*default*        0x00000000         0xffffffff

Linker script and memory map

LOAD /opt/gcc-arm-none-eabi/bin/../lib/gcc/arm-none-eabi/12.3.1/thumb/v8-m.main/nofp/crti.o
LOAD /opt/gcc-arm-none-eabi/bin/../lib/gcc/arm-none-eabi/12.3.1/thumb/v8-m.main/nofp/crtbegin.o
LOAD /opt/gcc-arm-none-eabi/bin/../lib/gcc/arm-none-eabi/12.3.1/../../../../arm-none-eabi/lib/thumb/v8-m.main/nofp/crt0.o
LOAD CMakeFiles/untitled.elf.dir/Core/Src/AT.c.obj
LOAD CMakeFiles/untitled.elf.dir/Core/Src/base64.c.obj
LOAD CMakeFiles/untitled.elf.dir/Core/Src/main.c.obj
LOAD CMakeFiles/untitled.elf.dir/Core/Src/stm32l5xx_hal_msp.c.obj
LOAD CMakeFiles/untitled.elf.dir/Core/Src/stm32l5xx_it.c.obj
LOAD CMakeFiles/untitled.elf.dir/Core/Src/syscalls.c.obj
LOAD CMakeFiles/untitled.elf.dir/Core/Src/sysmem.c.obj
LOAD CMakeFiles/untitled.elf.dir/Core/Src/system_stm32l5xx.c.obj
LOAD CMakeFiles/untitled.elf.dir/Core/Startup/startup_stm32l552cctx.s.obj
LOAD CMakeFiles/untitled.elf.dir/Drivers/STM32L5xx_HAL_Driver/Src/stm32l5xx_hal.c.obj
LOAD CMakeFiles/untitled.elf.dir/Drivers/STM32L5xx_HAL_Driver/Src/stm32l5xx_hal_cortex.c.obj
LOAD CMakeFiles/untitled.elf.dir/Drivers/STM32L5xx_HAL_Driver/Src/stm32l5xx_hal_dma.c.obj
LOAD CMakeFiles/untitled.elf.dir/Drivers/STM32L5xx_HAL_Driver/Src/stm32l5xx_hal_dma_ex.c.obj
LOAD CMakeFiles/untitled.elf.dir/Drivers/STM32L5xx_HAL_Driver/Src/stm32l5xx_hal_exti.c.obj
LOAD CMakeFiles/untitled.elf.dir/Drivers/STM32L5xx_HAL_Driver/Src/stm32l5xx_hal_flash.c.obj
LOAD CMakeFiles/untitled.elf.dir/Drivers/STM32L5xx_HAL_Driver/Src/stm32l5xx_hal_flash_ex.c.obj
LOAD CMakeFiles/untitled.elf.dir/Drivers/STM32L5xx_HAL_Driver/Src/stm32l5xx_hal_flash_ramfunc.c.obj
LOAD CMakeFiles/untitled.elf.dir/Drivers/STM32L5xx_HAL_Driver/Src/stm32l5xx_hal_gpio.c.obj
LOAD CMakeFiles/untitled.elf.dir/Drivers/STM32L5xx_HAL_Driver/Src/stm32l5xx_hal_i2c.c.obj
LOAD CMakeFiles/untitled.elf.dir/Drivers/STM32L5xx_HAL_Driver/Src/stm32l5xx_hal_i2c_ex.c.obj
LOAD CMakeFiles/untitled.elf.dir/Drivers/STM32L5xx_HAL_Driver/Src/stm32l5xx_hal_icache.c.obj
LOAD CMakeFiles/untitled.elf.dir/Drivers/STM32L5xx_HAL_Driver/Src/stm32l5xx_hal_pwr.c.obj
LOAD CMakeFiles/untitled.elf.dir/Drivers/STM32L5xx_HAL_Driver/Src/stm32l5xx_hal_pwr_ex.c.obj
LOAD CMakeFiles/untitled.elf.dir/Drivers/STM32L5xx_HAL_Driver/Src/stm32l5xx_hal_rcc.c.obj
LOAD CMakeFiles/untitled.elf.dir/Drivers/STM32L5xx_HAL_Driver/Src/stm32l5xx_hal_rcc_ex.c.obj
LOAD CMakeFiles/untitled.elf.dir/Drivers/STM32L5xx_HAL_Driver/Src/stm32l5xx_hal_spi.c.obj
LOAD CMakeFiles/untitled.elf.dir/Drivers/STM32L5xx_HAL_Driver/Src/stm32l5xx_hal_spi_ex.c.obj
LOAD CMakeFiles/untitled.elf.dir/Drivers/STM32L5xx_HAL_Driver/Src/stm32l5xx_hal_tim.c.obj
LOAD CMakeFiles/untitled.elf.dir/Drivers/STM32L5xx_HAL_Driver/Src/stm32l5xx_hal_tim_ex.c.obj
START GROUP
LOAD /opt/gcc-arm-none-eabi/bin/../lib/gcc/arm-none-eabi/12.3.1/thumb/v8-m.main/nofp/libgcc.a
LOAD /opt/gcc-arm-none-eabi/bin/../lib/gcc/arm-none-eabi/12.3.1/../../../../arm-none-eabi/lib/thumb/v8-m.main/nofp/libg.a
LOAD /opt/gcc-arm-none-eabi/bin/../lib/gcc/arm-none-eabi/12.3.1/../../../../arm-none-eabi/lib/thumb/v8-m.main/nofp/libc.a
END GROUP
LOAD /opt/gcc-arm-none-eabi/bin/../lib/gcc/arm-none-eabi/12.3.1/thumb/v8-m.main/nofp/crtend.o
LOAD /opt/gcc-arm-none-eabi/bin/../lib/gcc/arm-none-eabi/12.3.1/thumb/v8-m.main/nofp/crtn.o
                0x20030000                        _estack = (ORIGIN (RAM) + LENGTH (RAM))
                0x00000200                        _Min_Heap_Size = 0x200
                0x00000400                        _Min_Stack_Size = 0x400

.isr_vector     0x08000000      0x1f4
                0x08000000                        . = ALIGN (0x4)
 *(.isr_vector)
 .isr_vector    0x08000000      0x1f4 CMakeFiles/untitled.elf.dir/Core/Startup/startup_stm32l552cctx.s.obj
                0x08000000                g_pfnVectors
                0x080001f4                        . = ALIGN (0x4)

.text           0x080001f8     0xa988
                0x080001f8                        . = ALIGN (0x4)
 *(.text)
 .text          0x080001f8       0xec /opt/gcc-arm-none-eabi/bin/../lib/gcc/arm-none-eabi/12.3.1/../../../../arm-none-eabi/lib/thumb/v8-m.main/nofp/libg.a(libc_a-memcpy.o)
                0x080001f8                memcpy
 .text          0x080002e4      0x378 /opt/gcc-arm-none-eabi/bin/../lib/gcc/arm-none-eabi/12.3.1/thumb/v8-m.main/nofp/libgcc.a(_arm_addsubdf3.o)
                0x080002e4                __aeabi_drsub
                0x080002ec                __aeabi_dsub
                0x080002ec                __subdf3
                0x080002f0                __adddf3
                0x080002f0                __aeabi_dadd
                0x08000568                __aeabi_ui2d
                0x08000568                __floatunsidf
                0x08000588                __floatsidf
                0x08000588                __aeabi_i2d
                0x080005ac                __extendsfdf2
                0x080005ac                __aeabi_f2d
                0x080005f0                __aeabi_ul2d
                0x080005f0                __floatundidf
                0x08000600                __floatdidf
                0x08000600                __aeabi_l2d
 .text          0x0800065c      0x424 /opt/gcc-arm-none-eabi/bin/../lib/gcc/arm-none-eabi/12.3.1/thumb/v8-m.main/nofp/libgcc.a(_arm_muldivdf3.o)
                0x0800065c                __aeabi_dmul
                0x0800065c                __muldf3
                0x080008b0                __aeabi_ddiv
                0x080008b0                __divdf3
 .text          0x08000a80      0x110 /opt/gcc-arm-none-eabi/bin/../lib/gcc/arm-none-eabi/12.3.1/thumb/v8-m.main/nofp/libgcc.a(_arm_cmpdf2.o)
                0x08000a80                __gtdf2
                0x08000a80                __gedf2
                0x08000a88                __ltdf2
                0x08000a88                __ledf2
                0x08000a90                __cmpdf2
                0x08000a90                __eqdf2
                0x08000a90                __nedf2
                0x08000b0c                __aeabi_cdrcmple
                0x08000b1c                __aeabi_cdcmple
                0x08000b1c                __aeabi_cdcmpeq
                0x08000b2c                __aeabi_dcmpeq
                0x08000b40                __aeabi_dcmplt
                0x08000b54                __aeabi_dcmple
                0x08000b68                __aeabi_dcmpge
                0x08000b7c                __aeabi_dcmpgt
 .text          0x08000b90       0x2c /opt/gcc-arm-none-eabi/bin/../lib/gcc/arm-none-eabi/12.3.1/thumb/v8-m.main/nofp/libgcc.a(_arm_unorddf2.o)
                0x08000b90                __aeabi_dcmpun
                0x08000b90                __unorddf2
 .text          0x08000bbc       0x50 /opt/gcc-arm-none-eabi/bin/../lib/gcc/arm-none-eabi/12.3.1/thumb/v8-m.main/nofp/libgcc.a(_arm_fixdfsi.o)
                0x08000bbc                __fixdfsi
                0x08000bbc                __aeabi_d2iz
 *(.text*)
 .text.deregister_tm_clones
                0x08000c0c       0x1c /opt/gcc-arm-none-eabi/bin/../lib/gcc/arm-none-eabi/12.3.1/thumb/v8-m.main/nofp/crtbegin.o
 .text.register_tm_clones
                0x08000c28       0x28 /opt/gcc-arm-none-eabi/bin/../lib/gcc/arm-none-eabi/12.3.1/thumb/v8-m.main/nofp/crtbegin.o
 .text.__do_global_dtors_aux
                0x08000c50       0x28 /opt/gcc-arm-none-eabi/bin/../lib/gcc/arm-none-eabi/12.3.1/thumb/v8-m.main/nofp/crtbegin.o
 .text.frame_dummy
                0x08000c78       0x24 /opt/gcc-arm-none-eabi/bin/../lib/gcc/arm-none-eabi/12.3.1/thumb/v8-m.main/nofp/crtbegin.o
 .text.base64_encode
                0x08000c9c       0xe8 CMakeFiles/untitled.elf.dir/Core/Src/base64.c.obj
                0x08000c9c                base64_encode
 .text.ITM_SendChar
                0x08000d84       0x34 CMakeFiles/untitled.elf.dir/Core/Src/main.c.obj
 .text.MX_GPIO_Init
                0x08000db8       0xd0 CMakeFiles/untitled.elf.dir/Core/Src/main.c.obj
 .text.__io_putchar
                0x08000e88        0xc CMakeFiles/untitled.elf.dir/Core/Src/main.c.obj
                0x08000e88                __io_putchar
 .text.ReadStatus
                0x08000e94       0x70 CMakeFiles/untitled.elf.dir/Core/Src/main.c.obj
                0x08000e94                ReadStatus
 .text.ReadData
                0x08000f04       0x84 CMakeFiles/untitled.elf.dir/Core/Src/main.c.obj
                0x08000f04                ReadData
 .text.SendData
                0x08000f88       0xa0 CMakeFiles/untitled.elf.dir/Core/Src/main.c.obj
                0x08000f88                SendData
 .text.RequestSend
                0x08001028       0x68 CMakeFiles/untitled.elf.dir/Core/Src/main.c.obj
                0x08001028                RequestSend
 .text.HAL_GPIO_EXTI_Rising_Callback
                0x08001090       0x5c CMakeFiles/untitled.elf.dir/Core/Src/main.c.obj
                0x08001090                HAL_GPIO_EXTI_Rising_Callback
 .text.Error_Handler
                0x080010ec        0x4 CMakeFiles/untitled.elf.dir/Core/Src/main.c.obj
                0x080010ec                Error_Handler
 .text.MX_ICACHE_Init
                0x080010f0       0x1a CMakeFiles/untitled.elf.dir/Core/Src/main.c.obj
 *fill*         0x0800110a        0x2 
 .text.MX_I2C2_Init
                0x0800110c       0x54 CMakeFiles/untitled.elf.dir/Core/Src/main.c.obj
 .text.MX_SPI1_Init
                0x08001160       0x48 CMakeFiles/untitled.elf.dir/Core/Src/main.c.obj
 .text.SystemClock_Config
                0x080011a8       0x76 CMakeFiles/untitled.elf.dir/Core/Src/main.c.obj
                0x080011a8                SystemClock_Config
 *fill*         0x0800121e        0x2 
 .text.main     0x08001220       0xa0 CMakeFiles/untitled.elf.dir/Core/Src/main.c.obj
                0x08001220                main
 .text.assert_failed
                0x080012c0       0x14 CMakeFiles/untitled.elf.dir/Core/Src/main.c.obj
                0x080012c0                assert_failed
 .text.HAL_MspInit
                0x080012d4       0x38 CMakeFiles/untitled.elf.dir/Core/Src/stm32l5xx_hal_msp.c.obj
                0x080012d4                HAL_MspInit
 .text.HAL_I2C_MspInit
                0x0800130c       0x88 CMakeFiles/untitled.elf.dir/Core/Src/stm32l5xx_hal_msp.c.obj
                0x0800130c                HAL_I2C_MspInit
 .text.HAL_SPI_MspInit
                0x08001394       0x64 CMakeFiles/untitled.elf.dir/Core/Src/stm32l5xx_hal_msp.c.obj
                0x08001394                HAL_SPI_MspInit
 .text.NMI_Handler
                0x080013f8        0x2 CMakeFiles/untitled.elf.dir/Core/Src/stm32l5xx_it.c.obj
                0x080013f8                NMI_Handler
 .text.HardFault_Handler
                0x080013fa        0x2 CMakeFiles/untitled.elf.dir/Core/Src/stm32l5xx_it.c.obj
                0x080013fa                HardFault_Handler
 .text.MemManage_Handler
                0x080013fc        0x2 CMakeFiles/untitled.elf.dir/Core/Src/stm32l5xx_it.c.obj
                0x080013fc                MemManage_Handler
 .text.BusFault_Handler
                0x080013fe        0x2 CMakeFiles/untitled.elf.dir/Core/Src/stm32l5xx_it.c.obj
                0x080013fe                BusFault_Handler
 .text.UsageFault_Handler
                0x08001400        0x2 CMakeFiles/untitled.elf.dir/Core/Src/stm32l5xx_it.c.obj
                0x08001400                UsageFault_Handler
 .text.SVC_Handler
                0x08001402        0x2 CMakeFiles/untitled.elf.dir/Core/Src/stm32l5xx_it.c.obj
                0x08001402                SVC_Handler
 .text.DebugMon_Handler
                0x08001404        0x2 CMakeFiles/untitled.elf.dir/Core/Src/stm32l5xx_it.c.obj
                0x08001404                DebugMon_Handler
 .text.PendSV_Handler
                0x08001406        0x2 CMakeFiles/untitled.elf.dir/Core/Src/stm32l5xx_it.c.obj
                0x08001406                PendSV_Handler
 .text.SysTick_Handler
                0x08001408        0x8 CMakeFiles/untitled.elf.dir/Core/Src/stm32l5xx_it.c.obj
                0x08001408                SysTick_Handler
 .text.EXTI1_IRQHandler
                0x08001410        0xa CMakeFiles/untitled.elf.dir/Core/Src/stm32l5xx_it.c.obj
                0x08001410                EXTI1_IRQHandler
 .text._getpid  0x0800141a        0x4 CMakeFiles/untitled.elf.dir/Core/Src/syscalls.c.obj
                0x0800141a                _getpid
 .text._kill    0x0800141e       0x10 CMakeFiles/untitled.elf.dir/Core/Src/syscalls.c.obj
                0x0800141e                _kill
 .text._exit    0x0800142e        0xc CMakeFiles/untitled.elf.dir/Core/Src/syscalls.c.obj
                0x0800142e                _exit
 .text._read    0x0800143a       0x20 CMakeFiles/untitled.elf.dir/Core/Src/syscalls.c.obj
                0x0800143a                _read
 .text._write   0x0800145a       0x1c CMakeFiles/untitled.elf.dir/Core/Src/syscalls.c.obj
                0x0800145a                _write
 .text._close   0x08001476        0x6 CMakeFiles/untitled.elf.dir/Core/Src/syscalls.c.obj
                0x08001476                _close
 .text._fstat   0x0800147c        0xa CMakeFiles/untitled.elf.dir/Core/Src/syscalls.c.obj
                0x0800147c                _fstat
 .text._isatty  0x08001486        0x4 CMakeFiles/untitled.elf.dir/Core/Src/syscalls.c.obj
                0x08001486                _isatty
 .text._lseek   0x0800148a        0x4 CMakeFiles/untitled.elf.dir/Core/Src/syscalls.c.obj
                0x0800148a                _lseek
 *fill*         0x0800148e        0x2 
 .text._sbrk    0x08001490       0x48 CMakeFiles/untitled.elf.dir/Core/Src/sysmem.c.obj
                0x08001490                _sbrk
 .text.SystemInit
                0x080014d8        0x2 CMakeFiles/untitled.elf.dir/Core/Src/system_stm32l5xx.c.obj
                0x080014d8                SystemInit
 *fill*         0x080014da        0x2 
 .text.SystemCoreClockUpdate
                0x080014dc       0xd8 CMakeFiles/untitled.elf.dir/Core/Src/system_stm32l5xx.c.obj
                0x080014dc                SystemCoreClockUpdate
 .text.Reset_Handler
                0x080015b4       0x50 CMakeFiles/untitled.elf.dir/Core/Startup/startup_stm32l552cctx.s.obj
                0x080015b4                Reset_Handler
 .text.Default_Handler
                0x08001604        0x2 CMakeFiles/untitled.elf.dir/Core/Startup/startup_stm32l552cctx.s.obj
                0x08001604                EXTI2_IRQHandler
                0x08001604                TIM8_TRG_COM_IRQHandler
                0x08001604                TIM8_CC_IRQHandler
                0x08001604                EXTI5_IRQHandler
                0x08001604                FLASH_S_IRQHandler
                0x08001604                EXTI13_IRQHandler
                0x08001604                TIM1_CC_IRQHandler
                0x08001604                TSC_IRQHandler
                0x08001604                TAMP_IRQHandler
                0x08001604                TIM6_IRQHandler
                0x08001604                EXTI12_IRQHandler
                0x08001604                DMA2_Channel8_IRQHandler
                0x08001604                EXTI3_IRQHandler
                0x08001604                EXTI8_IRQHandler
                0x08001604                LPTIM2_IRQHandler
                0x08001604                DFSDM1_FLT1_IRQHandler
                0x08001604                USB_FS_IRQHandler
                0x08001604                I2C3_ER_IRQHandler
                0x08001604                DFSDM1_FLT2_IRQHandler
                0x08001604                DMAMUX1_IRQHandler
                0x08001604                LPTIM3_IRQHandler
                0x08001604                EXTI0_IRQHandler
                0x08001604                I2C2_EV_IRQHandler
                0x08001604                FPU_IRQHandler
                0x08001604                FDCAN1_IT1_IRQHandler
                0x08001604                ADC1_2_IRQHandler
                0x08001604                SPI1_IRQHandler
                0x08001604                OCTOSPI1_IRQHandler
                0x08001604                TIM8_UP_IRQHandler
                0x08001604                RCC_S_IRQHandler
                0x08001604                DMA2_Channel2_IRQHandler
                0x08001604                DMA1_Channel4_IRQHandler
                0x08001604                SAI2_IRQHandler
                0x08001604                DFSDM1_FLT3_IRQHandler
                0x08001604                EXTI15_IRQHandler
                0x08001604                TIM17_IRQHandler
                0x08001604                USART3_IRQHandler
                0x08001604                RTC_IRQHandler
                0x08001604                EXTI9_IRQHandler
                0x08001604                DMA1_Channel7_IRQHandler
                0x08001604                UART5_IRQHandler
                0x08001604                TIM4_IRQHandler
                0x08001604                DMA2_Channel1_IRQHandler
                0x08001604                I2C1_EV_IRQHandler
                0x08001604                DMA1_Channel6_IRQHandler
                0x08001604                TIM16_IRQHandler
                0x08001604                UART4_IRQHandler
                0x08001604                DMA2_Channel4_IRQHandler
                0x08001604                SecureFault_Handler
                0x08001604                TIM3_IRQHandler
                0x08001604                RCC_IRQHandler
                0x08001604                TIM1_TRG_COM_IRQHandler
                0x08001604                DMA1_Channel1_IRQHandler
                0x08001604                Default_Handler
                0x08001604                DMA2_Channel7_IRQHandler
                0x08001604                DMA1_Channel8_IRQHandler
                0x08001604                TIM7_IRQHandler
                0x08001604                SDMMC1_IRQHandler
                0x08001604                TIM5_IRQHandler
                0x08001604                UCPD1_IRQHandler
                0x08001604                TIM15_IRQHandler
                0x08001604                I2C3_EV_IRQHandler
                0x08001604                PVD_PVM_IRQHandler
                0x08001604                SPI2_IRQHandler
                0x08001604                EXTI14_IRQHandler
                0x08001604                EXTI11_IRQHandler
                0x08001604                DMA2_Channel5_IRQHandler
                0x08001604                CRS_IRQHandler
                0x08001604                DMA1_Channel5_IRQHandler
                0x08001604                EXTI4_IRQHandler
                0x08001604                RTC_S_IRQHandler
                0x08001604                RNG_IRQHandler
                0x08001604                DMAMUX1_S_IRQHandler
                0x08001604                DMA1_Channel3_IRQHandler
                0x08001604                COMP_IRQHandler
                0x08001604                TIM1_UP_IRQHandler
                0x08001604                WWDG_IRQHandler
                0x08001604                I2C4_EV_IRQHandler
                0x08001604                LPUART1_IRQHandler
                0x08001604                DMA2_Channel6_IRQHandler
                0x08001604                FDCAN1_IT0_IRQHandler
                0x08001604                TIM2_IRQHandler
                0x08001604                TAMP_S_IRQHandler
                0x08001604                EXTI7_IRQHandler
                0x08001604                TIM1_BRK_IRQHandler
                0x08001604                DAC_IRQHandler
                0x08001604                GTZC_IRQHandler
                0x08001604                USART2_IRQHandler
                0x08001604                DFSDM1_FLT0_IRQHandler
                0x08001604                I2C2_ER_IRQHandler
                0x08001604                DMA1_Channel2_IRQHandler
                0x08001604                TIM8_BRK_IRQHandler
                0x08001604                FLASH_IRQHandler
                0x08001604                USART1_IRQHandler
                0x08001604                EXTI10_IRQHandler
                0x08001604                SPI3_IRQHandler
                0x08001604                I2C1_ER_IRQHandler
                0x08001604                FMC_IRQHandler
                0x08001604                EXTI6_IRQHandler
                0x08001604                LPTIM1_IRQHandler
                0x08001604                I2C4_ER_IRQHandler
                0x08001604                ICACHE_IRQHandler
                0x08001604                SAI1_IRQHandler
                0x08001604                HASH_IRQHandler
                0x08001604                DMA2_Channel3_IRQHandler
 *fill*         0x08001606        0x2 
 .text.HAL_InitTick
                0x08001608       0x50 CMakeFiles/untitled.elf.dir/Drivers/STM32L5xx_HAL_Driver/Src/stm32l5xx_hal.c.obj
                0x08001608                HAL_InitTick
 .text.HAL_Init
                0x08001658       0x22 CMakeFiles/untitled.elf.dir/Drivers/STM32L5xx_HAL_Driver/Src/stm32l5xx_hal.c.obj
                0x08001658                HAL_Init
 *fill*         0x0800167a        0x2 
 .text.HAL_IncTick
                0x0800167c       0x18 CMakeFiles/untitled.elf.dir/Drivers/STM32L5xx_HAL_Driver/Src/stm32l5xx_hal.c.obj
                0x0800167c                HAL_IncTick
 .text.HAL_GetTick
                0x08001694        0xc CMakeFiles/untitled.elf.dir/Drivers/STM32L5xx_HAL_Driver/Src/stm32l5xx_hal.c.obj
                0x08001694                HAL_GetTick
 .text.__NVIC_EnableIRQ
                0x080016a0       0x1c CMakeFiles/untitled.elf.dir/Drivers/STM32L5xx_HAL_Driver/Src/stm32l5xx_hal_cortex.c.obj
 .text.__NVIC_SetPriority
                0x080016bc       0x28 CMakeFiles/untitled.elf.dir/Drivers/STM32L5xx_HAL_Driver/Src/stm32l5xx_hal_cortex.c.obj
 .text.NVIC_EncodePriority
                0x080016e4       0x3e CMakeFiles/untitled.elf.dir/Drivers/STM32L5xx_HAL_Driver/Src/stm32l5xx_hal_cortex.c.obj
 *fill*         0x08001722        0x2 
 .text.HAL_NVIC_SetPriorityGrouping
                0x08001724       0x3c CMakeFiles/untitled.elf.dir/Drivers/STM32L5xx_HAL_Driver/Src/stm32l5xx_hal_cortex.c.obj
                0x08001724                HAL_NVIC_SetPriorityGrouping
 .text.HAL_NVIC_SetPriority
                0x08001760       0x48 CMakeFiles/untitled.elf.dir/Drivers/STM32L5xx_HAL_Driver/Src/stm32l5xx_hal_cortex.c.obj
                0x08001760                HAL_NVIC_SetPriority
 .text.HAL_NVIC_EnableIRQ
                0x080017a8       0x1c CMakeFiles/untitled.elf.dir/Drivers/STM32L5xx_HAL_Driver/Src/stm32l5xx_hal_cortex.c.obj
                0x080017a8                HAL_NVIC_EnableIRQ
 .text.HAL_SYSTICK_Config
                0x080017c4       0x28 CMakeFiles/untitled.elf.dir/Drivers/STM32L5xx_HAL_Driver/Src/stm32l5xx_hal_cortex.c.obj
                0x080017c4                HAL_SYSTICK_Config
 .text.HAL_GPIO_Init
                0x080017ec      0x2dc CMakeFiles/untitled.elf.dir/Drivers/STM32L5xx_HAL_Driver/Src/stm32l5xx_hal_gpio.c.obj
                0x080017ec                HAL_GPIO_Init
 .text.HAL_GPIO_ReadPin
                0x08001ac8       0x28 CMakeFiles/untitled.elf.dir/Drivers/STM32L5xx_HAL_Driver/Src/stm32l5xx_hal_gpio.c.obj
                0x08001ac8                HAL_GPIO_ReadPin
 .text.HAL_GPIO_WritePin
                0x08001af0       0x34 CMakeFiles/untitled.elf.dir/Drivers/STM32L5xx_HAL_Driver/Src/stm32l5xx_hal_gpio.c.obj
                0x08001af0                HAL_GPIO_WritePin
 .text.HAL_GPIO_EXTI_Falling_Callback
                0x08001b24        0x2 CMakeFiles/untitled.elf.dir/Drivers/STM32L5xx_HAL_Driver/Src/stm32l5xx_hal_gpio.c.obj
                0x08001b24                HAL_GPIO_EXTI_Falling_Callback
 *fill*         0x08001b26        0x2 
 .text.HAL_GPIO_EXTI_IRQHandler
                0x08001b28       0x30 CMakeFiles/untitled.elf.dir/Drivers/STM32L5xx_HAL_Driver/Src/stm32l5xx_hal_gpio.c.obj
                0x08001b28                HAL_GPIO_EXTI_IRQHandler
 .text.HAL_I2C_Init
                0x08001b58      0x180 CMakeFiles/untitled.elf.dir/Drivers/STM32L5xx_HAL_Driver/Src/stm32l5xx_hal_i2c.c.obj
                0x08001b58                HAL_I2C_Init
 .text.HAL_I2CEx_ConfigAnalogFilter
                0x08001cd8       0xa4 CMakeFiles/untitled.elf.dir/Drivers/STM32L5xx_HAL_Driver/Src/stm32l5xx_hal_i2c_ex.c.obj
                0x08001cd8                HAL_I2CEx_ConfigAnalogFilter
 .text.HAL_I2CEx_ConfigDigitalFilter
                0x08001d7c       0x9c CMakeFiles/untitled.elf.dir/Drivers/STM32L5xx_HAL_Driver/Src/stm32l5xx_hal_i2c_ex.c.obj
                0x08001d7c                HAL_I2CEx_ConfigDigitalFilter
 .text.HAL_ICACHE_ConfigAssociativityMode
                0x08001e18       0x3c CMakeFiles/untitled.elf.dir/Drivers/STM32L5xx_HAL_Driver/Src/stm32l5xx_hal_icache.c.obj
                0x08001e18                HAL_ICACHE_ConfigAssociativityMode
 .text.HAL_ICACHE_Enable
                0x08001e54       0x14 CMakeFiles/untitled.elf.dir/Drivers/STM32L5xx_HAL_Driver/Src/stm32l5xx_hal_icache.c.obj
                0x08001e54                HAL_ICACHE_Enable
 .text.HAL_PWREx_GetVoltageRange
                0x08001e68       0x10 CMakeFiles/untitled.elf.dir/Drivers/STM32L5xx_HAL_Driver/Src/stm32l5xx_hal_pwr_ex.c.obj
                0x08001e68                HAL_PWREx_GetVoltageRange
 .text.HAL_PWREx_DisableUCPDDeadBattery
                0x08001e78       0x10 CMakeFiles/untitled.elf.dir/Drivers/STM32L5xx_HAL_Driver/Src/stm32l5xx_hal_pwr_ex.c.obj
                0x08001e78                HAL_PWREx_DisableUCPDDeadBattery
 .text.HAL_PWREx_SMPS_GetEffectiveMode
                0x08001e88       0x24 CMakeFiles/untitled.elf.dir/Drivers/STM32L5xx_HAL_Driver/Src/stm32l5xx_hal_pwr_ex.c.obj
                0x08001e88                HAL_PWREx_SMPS_GetEffectiveMode
 .text.HAL_PWREx_ControlVoltageScaling
                0x08001eac       0xac CMakeFiles/untitled.elf.dir/Drivers/STM32L5xx_HAL_Driver/Src/stm32l5xx_hal_pwr_ex.c.obj
                0x08001eac                HAL_PWREx_ControlVoltageScaling
 .text.RCC_GetSysClockFreqFromPLLSource
                0x08001f58       0x90 CMakeFiles/untitled.elf.dir/Drivers/STM32L5xx_HAL_Driver/Src/stm32l5xx_hal_rcc.c.obj
 .text.RCC_SetFlashLatencyFromMSIRange
                0x08001fe8       0x94 CMakeFiles/untitled.elf.dir/Drivers/STM32L5xx_HAL_Driver/Src/stm32l5xx_hal_rcc.c.obj
 .text.HAL_RCC_GetSysClockFreq
                0x0800207c       0xd8 CMakeFiles/untitled.elf.dir/Drivers/STM32L5xx_HAL_Driver/Src/stm32l5xx_hal_rcc.c.obj
                0x0800207c                HAL_RCC_GetSysClockFreq
 .text.HAL_RCC_GetHCLKFreq
                0x08002154       0x20 CMakeFiles/untitled.elf.dir/Drivers/STM32L5xx_HAL_Driver/Src/stm32l5xx_hal_rcc.c.obj
                0x08002154                HAL_RCC_GetHCLKFreq
 .text.HAL_RCC_OscConfig
                0x08002174      0x994 CMakeFiles/untitled.elf.dir/Drivers/STM32L5xx_HAL_Driver/Src/stm32l5xx_hal_rcc.c.obj
                0x08002174                HAL_RCC_OscConfig
 .text.HAL_RCC_ClockConfig
                0x08002b08      0x2b4 CMakeFiles/untitled.elf.dir/Drivers/STM32L5xx_HAL_Driver/Src/stm32l5xx_hal_rcc.c.obj
                0x08002b08                HAL_RCC_ClockConfig
 .text.RCCEx_PLLSAI2_Config
                0x08002dbc      0x148 CMakeFiles/untitled.elf.dir/Drivers/STM32L5xx_HAL_Driver/Src/stm32l5xx_hal_rcc_ex.c.obj
 .text.RCCEx_PLLSAI1_Config
                0x08002f04      0x1fc CMakeFiles/untitled.elf.dir/Drivers/STM32L5xx_HAL_Driver/Src/stm32l5xx_hal_rcc_ex.c.obj
 .text.HAL_RCCEx_PeriphCLKConfig
                0x08003100      0x8a8 CMakeFiles/untitled.elf.dir/Drivers/STM32L5xx_HAL_Driver/Src/stm32l5xx_hal_rcc_ex.c.obj
                0x08003100                HAL_RCCEx_PeriphCLKConfig
 .text.SPI_WaitFlagStateUntilTimeout
                0x080039a8       0xc8 CMakeFiles/untitled.elf.dir/Drivers/STM32L5xx_HAL_Driver/Src/stm32l5xx_hal_spi.c.obj
 .text.SPI_WaitFifoStateUntilTimeout
                0x08003a70       0xf0 CMakeFiles/untitled.elf.dir/Drivers/STM32L5xx_HAL_Driver/Src/stm32l5xx_hal_spi.c.obj
 .text.SPI_EndRxTxTransaction
                0x08003b60       0x62 CMakeFiles/untitled.elf.dir/Drivers/STM32L5xx_HAL_Driver/Src/stm32l5xx_hal_spi.c.obj
 .text.SPI_EndRxTransaction
                0x08003bc2       0x82 CMakeFiles/untitled.elf.dir/Drivers/STM32L5xx_HAL_Driver/Src/stm32l5xx_hal_spi.c.obj
 .text.HAL_SPI_Init
                0x08003c44      0x2e0 CMakeFiles/untitled.elf.dir/Drivers/STM32L5xx_HAL_Driver/Src/stm32l5xx_hal_spi.c.obj
                0x08003c44                HAL_SPI_Init
 .text.HAL_SPI_Transmit
                0x08003f24      0x21c CMakeFiles/untitled.elf.dir/Drivers/STM32L5xx_HAL_Driver/Src/stm32l5xx_hal_spi.c.obj
                0x08003f24                HAL_SPI_Transmit
 .text.HAL_SPI_TransmitReceive
                0x08004140      0x2f4 CMakeFiles/untitled.elf.dir/Drivers/STM32L5xx_HAL_Driver/Src/stm32l5xx_hal_spi.c.obj
                0x08004140                HAL_SPI_TransmitReceive
 .text.HAL_SPI_Receive
                0x08004434      0x1aa CMakeFiles/untitled.elf.dir/Drivers/STM32L5xx_HAL_Driver/Src/stm32l5xx_hal_spi.c.obj
                0x08004434                HAL_SPI_Receive
 *fill*         0x080045de        0x2 
 .text.__errno  0x080045e0        0xc /opt/gcc-arm-none-eabi/bin/../lib/gcc/arm-none-eabi/12.3.1/../../../../arm-none-eabi/lib/thumb/v8-m.main/nofp/libg.a(libc_a-errno.o)
                0x080045e0                __errno
 .text.malloc   0x080045ec       0x10 /opt/gcc-arm-none-eabi/bin/../lib/gcc/arm-none-eabi/12.3.1/../../../../arm-none-eabi/lib/thumb/v8-m.main/nofp/libg.a(libc_a-malloc.o)
                0x080045ec                malloc
 .text._malloc_r
                0x080045fc      0x588 /opt/gcc-arm-none-eabi/bin/../lib/gcc/arm-none-eabi/12.3.1/../../../../arm-none-eabi/lib/thumb/v8-m.main/nofp/libg.a(libc_a-mallocr.o)
                0x080045fc                _malloc_r
 .text.startup.register_fini
                0x08004b84       0x14 /opt/gcc-arm-none-eabi/bin/../lib/gcc/arm-none-eabi/12.3.1/../../../../arm-none-eabi/lib/thumb/v8-m.main/nofp/libg.a(libc_a-__call_atexit.o)
 .text.memset   0x08004b98       0xa8 /opt/gcc-arm-none-eabi/bin/../lib/gcc/arm-none-eabi/12.3.1/../../../../arm-none-eabi/lib/thumb/v8-m.main/nofp/libg.a(libc_a-memset.o)
                0x08004b98                memset
 .text.__libc_init_array
                0x08004c40       0x50 /opt/gcc-arm-none-eabi/bin/../lib/gcc/arm-none-eabi/12.3.1/../../../../arm-none-eabi/lib/thumb/v8-m.main/nofp/libg.a(libc_a-init.o)
                0x08004c40                __libc_init_array
 .text.__libc_fini_array
                0x08004c90       0x28 /opt/gcc-arm-none-eabi/bin/../lib/gcc/arm-none-eabi/12.3.1/../../../../arm-none-eabi/lib/thumb/v8-m.main/nofp/libg.a(libc_a-fini.o)
                0x08004c90                __libc_fini_array
 .text.__retarget_lock_init_recursive
                0x08004cb8        0x4 /opt/gcc-arm-none-eabi/bin/../lib/gcc/arm-none-eabi/12.3.1/../../../../arm-none-eabi/lib/thumb/v8-m.main/nofp/libg.a(libc_a-lock.o)
                0x08004cb8                __retarget_lock_init_recursive
 .text.__retarget_lock_close_recursive
                0x08004cbc        0x4 /opt/gcc-arm-none-eabi/bin/../lib/gcc/arm-none-eabi/12.3.1/../../../../arm-none-eabi/lib/thumb/v8-m.main/nofp/libg.a(libc_a-lock.o)
                0x08004cbc                __retarget_lock_close_recursive
 .text.__retarget_lock_acquire_recursive
                0x08004cc0        0x4 /opt/gcc-arm-none-eabi/bin/../lib/gcc/arm-none-eabi/12.3.1/../../../../arm-none-eabi/lib/thumb/v8-m.main/nofp/libg.a(libc_a-lock.o)
                0x08004cc0                __retarget_lock_acquire_recursive
 .text.__retarget_lock_release_recursive
                0x08004cc4        0x4 /opt/gcc-arm-none-eabi/bin/../lib/gcc/arm-none-eabi/12.3.1/../../../../arm-none-eabi/lib/thumb/v8-m.main/nofp/libg.a(libc_a-lock.o)
                0x08004cc4                __retarget_lock_release_recursive
 .text.sysconf  0x08004cc8       0x1c /opt/gcc-arm-none-eabi/bin/../lib/gcc/arm-none-eabi/12.3.1/../../../../arm-none-eabi/lib/thumb/v8-m.main/nofp/libg.a(libc_a-sysconf.o)
                0x08004cc8                sysconf
 .text.printf   0x08004ce4       0x28 /opt/gcc-arm-none-eabi/bin/../lib/gcc/arm-none-eabi/12.3.1/../../../../arm-none-eabi/lib/thumb/v8-m.main/nofp/libg.a(libc_a-printf.o)
                0x08004ce4                printf
 .text.putchar  0x08004d0c       0x10 /opt/gcc-arm-none-eabi/bin/../lib/gcc/arm-none-eabi/12.3.1/../../../../arm-none-eabi/lib/thumb/v8-m.main/nofp/libg.a(libc_a-putchar.o)
                0x08004d0c                putchar
 .text.__malloc_lock
                0x08004d1c        0xc /opt/gcc-arm-none-eabi/bin/../lib/gcc/arm-none-eabi/12.3.1/../../../../arm-none-eabi/lib/thumb/v8-m.main/nofp/libg.a(libc_a-mlock.o)
                0x08004d1c                __malloc_lock
 .text.__malloc_unlock
                0x08004d28        0xc /opt/gcc-arm-none-eabi/bin/../lib/gcc/arm-none-eabi/12.3.1/../../../../arm-none-eabi/lib/thumb/v8-m.main/nofp/libg.a(libc_a-mlock.o)
                0x08004d28                __malloc_unlock
 .text.atexit   0x08004d34        0xc /opt/gcc-arm-none-eabi/bin/../lib/gcc/arm-none-eabi/12.3.1/../../../../arm-none-eabi/lib/thumb/v8-m.main/nofp/libg.a(libc_a-atexit.o)
                0x08004d34                atexit
 .text.stdio_exit_handler
                0x08004d40       0x18 /opt/gcc-arm-none-eabi/bin/../lib/gcc/arm-none-eabi/12.3.1/../../../../arm-none-eabi/lib/thumb/v8-m.main/nofp/libg.a(libc_a-findfp.o)
 .text.cleanup_stdio
                0x08004d58       0x40 /opt/gcc-arm-none-eabi/bin/../lib/gcc/arm-none-eabi/12.3.1/../../../../arm-none-eabi/lib/thumb/v8-m.main/nofp/libg.a(libc_a-findfp.o)
 .text.global_stdio_init.part.0
                0x08004d98       0xf0 /opt/gcc-arm-none-eabi/bin/../lib/gcc/arm-none-eabi/12.3.1/../../../../arm-none-eabi/lib/thumb/v8-m.main/nofp/libg.a(libc_a-findfp.o)
 .text.__sinit  0x08004e88       0x3c /opt/gcc-arm-none-eabi/bin/../lib/gcc/arm-none-eabi/12.3.1/../../../../arm-none-eabi/lib/thumb/v8-m.main/nofp/libg.a(libc_a-findfp.o)
                0x08004e88                __sinit
 .text.__sfp_lock_acquire
                0x08004ec4        0xc /opt/gcc-arm-none-eabi/bin/../lib/gcc/arm-none-eabi/12.3.1/../../../../arm-none-eabi/lib/thumb/v8-m.main/nofp/libg.a(libc_a-findfp.o)
                0x08004ec4                __sfp_lock_acquire
 .text.__sfp_lock_release
                0x08004ed0        0xc /opt/gcc-arm-none-eabi/bin/../lib/gcc/arm-none-eabi/12.3.1/../../../../arm-none-eabi/lib/thumb/v8-m.main/nofp/libg.a(libc_a-findfp.o)
                0x08004ed0                __sfp_lock_release
 .text.strlen   0x08004edc       0x5c /opt/gcc-arm-none-eabi/bin/../lib/gcc/arm-none-eabi/12.3.1/../../../../arm-none-eabi/lib/thumb/v8-m.main/nofp/libg.a(libc_a-strlen-stub.o)
                0x08004edc                strlen
 .text._malloc_trim_r
                0x08004f38       0xb8 /opt/gcc-arm-none-eabi/bin/../lib/gcc/arm-none-eabi/12.3.1/../../../../arm-none-eabi/lib/thumb/v8-m.main/nofp/libg.a(libc_a-freer.o)
                0x08004f38                _malloc_trim_r
 .text._free_r  0x08004ff0      0x1fc /opt/gcc-arm-none-eabi/bin/../lib/gcc/arm-none-eabi/12.3.1/../../../../arm-none-eabi/lib/thumb/v8-m.main/nofp/libg.a(libc_a-freer.o)
                0x08004ff0                _free_r
 .text.__sread  0x080051ec       0x24 /opt/gcc-arm-none-eabi/bin/../lib/gcc/arm-none-eabi/12.3.1/../../../../arm-none-eabi/lib/thumb/v8-m.main/nofp/libg.a(libc_a-stdio.o)
                0x080051ec                __sread
 .text.__swrite
                0x08005210       0x40 /opt/gcc-arm-none-eabi/bin/../lib/gcc/arm-none-eabi/12.3.1/../../../../arm-none-eabi/lib/thumb/v8-m.main/nofp/libg.a(libc_a-stdio.o)
                0x08005210                __swrite
 .text.__sseek  0x08005250       0x28 /opt/gcc-arm-none-eabi/bin/../lib/gcc/arm-none-eabi/12.3.1/../../../../arm-none-eabi/lib/thumb/v8-m.main/nofp/libg.a(libc_a-stdio.o)
                0x08005250                __sseek
 .text.__sclose
                0x08005278        0x8 /opt/gcc-arm-none-eabi/bin/../lib/gcc/arm-none-eabi/12.3.1/../../../../arm-none-eabi/lib/thumb/v8-m.main/nofp/libg.a(libc_a-stdio.o)
                0x08005278                __sclose
 .text._sbrk_r  0x08005280       0x24 /opt/gcc-arm-none-eabi/bin/../lib/gcc/arm-none-eabi/12.3.1/../../../../arm-none-eabi/lib/thumb/v8-m.main/nofp/libg.a(libc_a-sbrkr.o)
                0x08005280                _sbrk_r
 .text._write_r
                0x080052a4       0x2c /opt/gcc-arm-none-eabi/bin/../lib/gcc/arm-none-eabi/12.3.1/../../../../arm-none-eabi/lib/thumb/v8-m.main/nofp/libg.a(libc_a-writer.o)
                0x080052a4                _write_r
 .text._fwalk_sglue
                0x080052d0       0x44 /opt/gcc-arm-none-eabi/bin/../lib/gcc/arm-none-eabi/12.3.1/../../../../arm-none-eabi/lib/thumb/v8-m.main/nofp/libg.a(libc_a-fwalk.o)
                0x080052d0                _fwalk_sglue
 .text._vfprintf_r
                0x08005314     0x1c98 /opt/gcc-arm-none-eabi/bin/../lib/gcc/arm-none-eabi/12.3.1/../../../../arm-none-eabi/lib/thumb/v8-m.main/nofp/libg.a(libc_a-vfprintf.o)
                0x08005314                _vfprintf_r
 .text.__sbprintf
                0x08006fac       0x80 /opt/gcc-arm-none-eabi/bin/../lib/gcc/arm-none-eabi/12.3.1/../../../../arm-none-eabi/lib/thumb/v8-m.main/nofp/libg.a(libc_a-vfprintf.o)
 .text.__sprint_r.part.0
                0x0800702c       0x78 /opt/gcc-arm-none-eabi/bin/../lib/gcc/arm-none-eabi/12.3.1/../../../../arm-none-eabi/lib/thumb/v8-m.main/nofp/libg.a(libc_a-vfiprintf.o)
 .text.__sprint_r
                0x080070a4       0x14 /opt/gcc-arm-none-eabi/bin/../lib/gcc/arm-none-eabi/12.3.1/../../../../arm-none-eabi/lib/thumb/v8-m.main/nofp/libg.a(libc_a-vfiprintf.o)
                0x080070a4                __sprint_r
 .text._vfiprintf_r
                0x080070b8      0xfb8 /opt/gcc-arm-none-eabi/bin/../lib/gcc/arm-none-eabi/12.3.1/../../../../arm-none-eabi/lib/thumb/v8-m.main/nofp/libg.a(libc_a-vfiprintf.o)
                0x080070b8                _vfiprintf_r
 .text.__sbprintf
                0x08008070       0x80 /opt/gcc-arm-none-eabi/bin/../lib/gcc/arm-none-eabi/12.3.1/../../../../arm-none-eabi/lib/thumb/v8-m.main/nofp/libg.a(libc_a-vfiprintf.o)
 .text.__register_exitproc
                0x080080f0       0x84 /opt/gcc-arm-none-eabi/bin/../lib/gcc/arm-none-eabi/12.3.1/../../../../arm-none-eabi/lib/thumb/v8-m.main/nofp/libg.a(libc_a-__atexit.o)
                0x080080f0                __register_exitproc
 .text._wcrtomb_r
                0x08008174       0x4c /opt/gcc-arm-none-eabi/bin/../lib/gcc/arm-none-eabi/12.3.1/../../../../arm-none-eabi/lib/thumb/v8-m.main/nofp/libg.a(libc_a-wcrtomb.o)
                0x08008174                _wcrtomb_r
 .text.__locale_mb_cur_max
                0x080081c0        0xc /opt/gcc-arm-none-eabi/bin/../lib/gcc/arm-none-eabi/12.3.1/../../../../arm-none-eabi/lib/thumb/v8-m.main/nofp/libg.a(libc_a-locale.o)
                0x080081c0                __locale_mb_cur_max
 .text._localeconv_r
                0x080081cc        0x8 /opt/gcc-arm-none-eabi/bin/../lib/gcc/arm-none-eabi/12.3.1/../../../../arm-none-eabi/lib/thumb/v8-m.main/nofp/libg.a(libc_a-localeconv.o)
                0x080081cc                _localeconv_r
 .text._fclose_r
                0x080081d4       0xc0 /opt/gcc-arm-none-eabi/bin/../lib/gcc/arm-none-eabi/12.3.1/../../../../arm-none-eabi/lib/thumb/v8-m.main/nofp/libg.a(libc_a-fclose.o)
                0x080081d4                _fclose_r
 .text.__swsetup_r
                0x08008294       0xc0 /opt/gcc-arm-none-eabi/bin/../lib/gcc/arm-none-eabi/12.3.1/../../../../arm-none-eabi/lib/thumb/v8-m.main/nofp/libg.a(libc_a-wsetup.o)
                0x08008294                __swsetup_r
 .text.__smakebuf_r
                0x08008354       0xdc /opt/gcc-arm-none-eabi/bin/../lib/gcc/arm-none-eabi/12.3.1/../../../../arm-none-eabi/lib/thumb/v8-m.main/nofp/libg.a(libc_a-makebuf.o)
                0x08008354                __smakebuf_r
 .text._putc_r  0x08008430       0x78 /opt/gcc-arm-none-eabi/bin/../lib/gcc/arm-none-eabi/12.3.1/../../../../arm-none-eabi/lib/thumb/v8-m.main/nofp/libg.a(libc_a-putc.o)
                0x08008430                _putc_r
 .text._wcsrtombs_r
                0x080084a8       0x1c /opt/gcc-arm-none-eabi/bin/../lib/gcc/arm-none-eabi/12.3.1/../../../../arm-none-eabi/lib/thumb/v8-m.main/nofp/libg.a(libc_a-wcsrtombs.o)
                0x080084a8                _wcsrtombs_r
 .text.quorem   0x080084c4      0x138 /opt/gcc-arm-none-eabi/bin/../lib/gcc/arm-none-eabi/12.3.1/../../../../arm-none-eabi/lib/thumb/v8-m.main/nofp/libg.a(libc_a-dtoa.o)
 *fill*         0x080085fc        0x4 
 .text._dtoa_r  0x08008600      0xe98 /opt/gcc-arm-none-eabi/bin/../lib/gcc/arm-none-eabi/12.3.1/../../../../arm-none-eabi/lib/thumb/v8-m.main/nofp/libg.a(libc_a-dtoa.o)
                0x08008600                _dtoa_r
 .text._close_r
                0x08009498       0x24 /opt/gcc-arm-none-eabi/bin/../lib/gcc/arm-none-eabi/12.3.1/../../../../arm-none-eabi/lib/thumb/v8-m.main/nofp/libg.a(libc_a-closer.o)
                0x08009498                _close_r
 .text.__sflush_r
                0x080094bc      0x128 /opt/gcc-arm-none-eabi/bin/../lib/gcc/arm-none-eabi/12.3.1/../../../../arm-none-eabi/lib/thumb/v8-m.main/nofp/libg.a(libc_a-fflush.o)
                0x080094bc                __sflush_r
 .text._fflush_r
                0x080095e4       0x54 /opt/gcc-arm-none-eabi/bin/../lib/gcc/arm-none-eabi/12.3.1/../../../../arm-none-eabi/lib/thumb/v8-m.main/nofp/libg.a(libc_a-fflush.o)
                0x080095e4                _fflush_r
 .text.memchr   0x08009638       0x98 /opt/gcc-arm-none-eabi/bin/../lib/gcc/arm-none-eabi/12.3.1/../../../../arm-none-eabi/lib/thumb/v8-m.main/nofp/libg.a(libc_a-memchr-stub.o)
                0x08009638                memchr
 .text.frexp    0x080096d0       0x70 /opt/gcc-arm-none-eabi/bin/../lib/gcc/arm-none-eabi/12.3.1/../../../../arm-none-eabi/lib/thumb/v8-m.main/nofp/libg.a(libm_a-s_frexp.o)
                0x080096d0                frexp
 .text.strncpy  0x08009740       0x68 /opt/gcc-arm-none-eabi/bin/../lib/gcc/arm-none-eabi/12.3.1/../../../../arm-none-eabi/lib/thumb/v8-m.main/nofp/libg.a(libc_a-strncpy.o)
                0x08009740                strncpy
 .text._fstat_r
                0x080097a8       0x2c /opt/gcc-arm-none-eabi/bin/../lib/gcc/arm-none-eabi/12.3.1/../../../../arm-none-eabi/lib/thumb/v8-m.main/nofp/libg.a(libc_a-fstatr.o)
                0x080097a8                _fstat_r
 .text._isatty_r
                0x080097d4       0x24 /opt/gcc-arm-none-eabi/bin/../lib/gcc/arm-none-eabi/12.3.1/../../../../arm-none-eabi/lib/thumb/v8-m.main/nofp/libg.a(libc_a-isattyr.o)
                0x080097d4                _isatty_r
 .text._lseek_r
                0x080097f8       0x2c /opt/gcc-arm-none-eabi/bin/../lib/gcc/arm-none-eabi/12.3.1/../../../../arm-none-eabi/lib/thumb/v8-m.main/nofp/libg.a(libc_a-lseekr.o)
                0x080097f8                _lseek_r
 .text._read_r  0x08009824       0x2c /opt/gcc-arm-none-eabi/bin/../lib/gcc/arm-none-eabi/12.3.1/../../../../arm-none-eabi/lib/thumb/v8-m.main/nofp/libg.a(libc_a-readr.o)
                0x08009824                _read_r
 .text.__fputwc
                0x08009850       0x78 /opt/gcc-arm-none-eabi/bin/../lib/gcc/arm-none-eabi/12.3.1/../../../../arm-none-eabi/lib/thumb/v8-m.main/nofp/libg.a(libc_a-fputwc.o)
                0x08009850                __fputwc
 .text._fputwc_r
                0x080098c8       0x60 /opt/gcc-arm-none-eabi/bin/../lib/gcc/arm-none-eabi/12.3.1/../../../../arm-none-eabi/lib/thumb/v8-m.main/nofp/libg.a(libc_a-fputwc.o)
                0x080098c8                _fputwc_r
 .text.__ascii_wctomb
                0x08009928       0x1c /opt/gcc-arm-none-eabi/bin/../lib/gcc/arm-none-eabi/12.3.1/../../../../arm-none-eabi/lib/thumb/v8-m.main/nofp/libg.a(libc_a-wctomb_r.o)
                0x08009928                __ascii_wctomb
 .text.__sfvwrite_r
                0x08009944      0x2f8 /opt/gcc-arm-none-eabi/bin/../lib/gcc/arm-none-eabi/12.3.1/../../../../arm-none-eabi/lib/thumb/v8-m.main/nofp/libg.a(libc_a-fvwrite.o)
                0x08009944                __sfvwrite_r
 .text.__swbuf_r
                0x08009c3c       0xac /opt/gcc-arm-none-eabi/bin/../lib/gcc/arm-none-eabi/12.3.1/../../../../arm-none-eabi/lib/thumb/v8-m.main/nofp/libg.a(libc_a-wbuf.o)
                0x08009c3c                __swbuf_r
 .text.__ascii_mbtowc
                0x08009ce8       0x2c /opt/gcc-arm-none-eabi/bin/../lib/gcc/arm-none-eabi/12.3.1/../../../../arm-none-eabi/lib/thumb/v8-m.main/nofp/libg.a(libc_a-mbtowc_r.o)
                0x08009ce8                __ascii_mbtowc
 .text.memmove  0x08009d14      0x100 /opt/gcc-arm-none-eabi/bin/../lib/gcc/arm-none-eabi/12.3.1/../../../../arm-none-eabi/lib/thumb/v8-m.main/nofp/libg.a(libc_a-memmove.o)
                0x08009d14                memmove
 .text.__assert_func
                0x08009e14       0x3c /opt/gcc-arm-none-eabi/bin/../lib/gcc/arm-none-eabi/12.3.1/../../../../arm-none-eabi/lib/thumb/v8-m.main/nofp/libg.a(libc_a-assert.o)
                0x08009e14                __assert_func
 .text._Balloc  0x08009e50       0x4c /opt/gcc-arm-none-eabi/bin/../lib/gcc/arm-none-eabi/12.3.1/../../../../arm-none-eabi/lib/thumb/v8-m.main/nofp/libg.a(libc_a-mprec.o)
                0x08009e50                _Balloc
 .text._Bfree   0x08009e9c       0x14 /opt/gcc-arm-none-eabi/bin/../lib/gcc/arm-none-eabi/12.3.1/../../../../arm-none-eabi/lib/thumb/v8-m.main/nofp/libg.a(libc_a-mprec.o)
                0x08009e9c                _Bfree
 .text.__multadd
                0x08009eb0       0xa4 /opt/gcc-arm-none-eabi/bin/../lib/gcc/arm-none-eabi/12.3.1/../../../../arm-none-eabi/lib/thumb/v8-m.main/nofp/libg.a(libc_a-mprec.o)
                0x08009eb0                __multadd
 .text.__hi0bits
                0x08009f54       0x48 /opt/gcc-arm-none-eabi/bin/../lib/gcc/arm-none-eabi/12.3.1/../../../../arm-none-eabi/lib/thumb/v8-m.main/nofp/libg.a(libc_a-mprec.o)
                0x08009f54                __hi0bits
 .text.__lo0bits
                0x08009f9c       0x60 /opt/gcc-arm-none-eabi/bin/../lib/gcc/arm-none-eabi/12.3.1/../../../../arm-none-eabi/lib/thumb/v8-m.main/nofp/libg.a(libc_a-mprec.o)
                0x08009f9c                __lo0bits
 .text.__i2b    0x08009ffc       0x5c /opt/gcc-arm-none-eabi/bin/../lib/gcc/arm-none-eabi/12.3.1/../../../../arm-none-eabi/lib/thumb/v8-m.main/nofp/libg.a(libc_a-mprec.o)
                0x08009ffc                __i2b
 .text.__multiply
                0x0800a058      0x164 /opt/gcc-arm-none-eabi/bin/../lib/gcc/arm-none-eabi/12.3.1/../../../../arm-none-eabi/lib/thumb/v8-m.main/nofp/libg.a(libc_a-mprec.o)
                0x0800a058                __multiply
 .text.__pow5mult
                0x0800a1bc       0xb4 /opt/gcc-arm-none-eabi/bin/../lib/gcc/arm-none-eabi/12.3.1/../../../../arm-none-eabi/lib/thumb/v8-m.main/nofp/libg.a(libc_a-mprec.o)
                0x0800a1bc                __pow5mult
 .text.__lshift
                0x0800a270       0xe8 /opt/gcc-arm-none-eabi/bin/../lib/gcc/arm-none-eabi/12.3.1/../../../../arm-none-eabi/lib/thumb/v8-m.main/nofp/libg.a(libc_a-mprec.o)
                0x0800a270                __lshift
 .text.__mcmp   0x0800a358       0x40 /opt/gcc-arm-none-eabi/bin/../lib/gcc/arm-none-eabi/12.3.1/../../../../arm-none-eabi/lib/thumb/v8-m.main/nofp/libg.a(libc_a-mprec.o)
                0x0800a358                __mcmp
 .text.__mdiff  0x0800a398      0x160 /opt/gcc-arm-none-eabi/bin/../lib/gcc/arm-none-eabi/12.3.1/../../../../arm-none-eabi/lib/thumb/v8-m.main/nofp/libg.a(libc_a-mprec.o)
                0x0800a398                __mdiff
 .text.__d2b    0x0800a4f8       0xc0 /opt/gcc-arm-none-eabi/bin/../lib/gcc/arm-none-eabi/12.3.1/../../../../arm-none-eabi/lib/thumb/v8-m.main/nofp/libg.a(libc_a-mprec.o)
                0x0800a4f8                __d2b
 .text._calloc_r
                0x0800a5b8       0x70 /opt/gcc-arm-none-eabi/bin/../lib/gcc/arm-none-eabi/12.3.1/../../../../arm-none-eabi/lib/thumb/v8-m.main/nofp/libg.a(libc_a-callocr.o)
                0x0800a5b8                _calloc_r
 .text._wcsnrtombs_l
                0x0800a628       0xec /opt/gcc-arm-none-eabi/bin/../lib/gcc/arm-none-eabi/12.3.1/../../../../arm-none-eabi/lib/thumb/v8-m.main/nofp/libg.a(libc_a-wcsnrtombs.o)
                0x0800a628                _wcsnrtombs_l
 .text._wcsnrtombs_r
                0x0800a714       0x24 /opt/gcc-arm-none-eabi/bin/../lib/gcc/arm-none-eabi/12.3.1/../../../../arm-none-eabi/lib/thumb/v8-m.main/nofp/libg.a(libc_a-wcsnrtombs.o)
                0x0800a714                _wcsnrtombs_r
 .text._realloc_r
                0x0800a738      0x370 /opt/gcc-arm-none-eabi/bin/../lib/gcc/arm-none-eabi/12.3.1/../../../../arm-none-eabi/lib/thumb/v8-m.main/nofp/libg.a(libc_a-reallocr.o)
                0x0800a738                _realloc_r
 .text.fiprintf
                0x0800aaa8       0x28 /opt/gcc-arm-none-eabi/bin/../lib/gcc/arm-none-eabi/12.3.1/../../../../arm-none-eabi/lib/thumb/v8-m.main/nofp/libg.a(libc_a-fiprintf.o)
                0x0800aaa8                fiprintf
 .text.abort    0x0800aad0       0x10 /opt/gcc-arm-none-eabi/bin/../lib/gcc/arm-none-eabi/12.3.1/../../../../arm-none-eabi/lib/thumb/v8-m.main/nofp/libg.a(libc_a-abort.o)
                0x0800aad0                abort
 .text.raise    0x0800aae0       0x58 /opt/gcc-arm-none-eabi/bin/../lib/gcc/arm-none-eabi/12.3.1/../../../../arm-none-eabi/lib/thumb/v8-m.main/nofp/libg.a(libc_a-signal.o)
                0x0800aae0                raise
 .text._kill_r  0x0800ab38       0x2c /opt/gcc-arm-none-eabi/bin/../lib/gcc/arm-none-eabi/12.3.1/../../../../arm-none-eabi/lib/thumb/v8-m.main/nofp/libg.a(libc_a-signalr.o)
                0x0800ab38                _kill_r
 .text._getpid_r
                0x0800ab64        0x4 /opt/gcc-arm-none-eabi/bin/../lib/gcc/arm-none-eabi/12.3.1/../../../../arm-none-eabi/lib/thumb/v8-m.main/nofp/libg.a(libc_a-signalr.o)
                0x0800ab64                _getpid_r
 *(.glue_7)
 .glue_7        0x0800ab68        0x0 linker stubs
 *(.glue_7t)
 .glue_7t       0x0800ab68        0x0 linker stubs
 *(.eh_frame)
 .eh_frame      0x0800ab68        0x0 /opt/gcc-arm-none-eabi/bin/../lib/gcc/arm-none-eabi/12.3.1/thumb/v8-m.main/nofp/crtbegin.o
 *(.init)
 .init          0x0800ab68        0x4 /opt/gcc-arm-none-eabi/bin/../lib/gcc/arm-none-eabi/12.3.1/thumb/v8-m.main/nofp/crti.o
                0x0800ab68                _init
 .init          0x0800ab6c        0x8 /opt/gcc-arm-none-eabi/bin/../lib/gcc/arm-none-eabi/12.3.1/thumb/v8-m.main/nofp/crtn.o
 *(.fini)
 .fini          0x0800ab74        0x4 /opt/gcc-arm-none-eabi/bin/../lib/gcc/arm-none-eabi/12.3.1/thumb/v8-m.main/nofp/crti.o
                0x0800ab74                _fini
 .fini          0x0800ab78        0x8 /opt/gcc-arm-none-eabi/bin/../lib/gcc/arm-none-eabi/12.3.1/thumb/v8-m.main/nofp/crtn.o
                0x0800ab80                        . = ALIGN (0x4)
                0x0800ab80                        _etext = .

.vfp11_veneer   0x0800ab80        0x0
 .vfp11_veneer  0x0800ab80        0x0 linker stubs

.v4_bx          0x0800ab80        0x0
 .v4_bx         0x0800ab80        0x0 linker stubs

.iplt           0x0800ab80        0x0
 .iplt          0x0800ab80        0x0 /opt/gcc-arm-none-eabi/bin/../lib/gcc/arm-none-eabi/12.3.1/thumb/v8-m.main/nofp/crtbegin.o

.rodata         0x0800ab80      0x7c0
                0x0800ab80                        . = ALIGN (0x4)
 *(.rodata)
 .rodata        0x0800ab80        0x7 CMakeFiles/untitled.elf.dir/Core/Src/main.c.obj
 *(.rodata*)
 *fill*         0x0800ab87        0x1 
 .rodata.HAL_GPIO_EXTI_Rising_Callback.str1.4
                0x0800ab88        0x5 CMakeFiles/untitled.elf.dir/Core/Src/main.c.obj
 *fill*         0x0800ab8d        0x3 
 .rodata.main.str1.4
                0x0800ab90       0x15 CMakeFiles/untitled.elf.dir/Core/Src/main.c.obj
 *fill*         0x0800aba5        0x3 
 .rodata.assert_failed.str1.4
                0x0800aba8       0x2d CMakeFiles/untitled.elf.dir/Core/Src/main.c.obj
 *fill*         0x0800abd5        0x3 
 .rodata.MSIRangeTable
                0x0800abd8       0x40 CMakeFiles/untitled.elf.dir/Core/Src/system_stm32l5xx.c.obj
                0x0800abd8                MSIRangeTable
 .rodata.AHBPrescTable
                0x0800ac18       0x10 CMakeFiles/untitled.elf.dir/Core/Src/system_stm32l5xx.c.obj
                0x0800ac18                AHBPrescTable
 .rodata.MPU_ConfigRegion.str1.4
                0x0800ac28       0x5b CMakeFiles/untitled.elf.dir/Drivers/STM32L5xx_HAL_Driver/Src/stm32l5xx_hal_cortex.c.obj
 *fill*         0x0800ac83        0x1 
 .rodata.HAL_GPIO_Init.str1.4
                0x0800ac84       0x59 CMakeFiles/untitled.elf.dir/Drivers/STM32L5xx_HAL_Driver/Src/stm32l5xx_hal_gpio.c.obj
 *fill*         0x0800acdd        0x3 
 .rodata.I2C_TransferConfig.str1.4
                0x0800ace0       0x58 CMakeFiles/untitled.elf.dir/Drivers/STM32L5xx_HAL_Driver/Src/stm32l5xx_hal_i2c.c.obj
 .rodata.HAL_I2CEx_ConfigAnalogFilter.str1.4
                0x0800ad38       0x5b CMakeFiles/untitled.elf.dir/Drivers/STM32L5xx_HAL_Driver/Src/stm32l5xx_hal_i2c_ex.c.obj
 *fill*         0x0800ad93        0x1 
 .rodata.HAL_ICACHE_ConfigAssociativityMode.str1.4
                0x0800ad94       0x5b CMakeFiles/untitled.elf.dir/Drivers/STM32L5xx_HAL_Driver/Src/stm32l5xx_hal_icache.c.obj
 *fill*         0x0800adef        0x1 
 .rodata.HAL_PWREx_EnableBatteryCharging.str1.4
                0x0800adf0       0x5b CMakeFiles/untitled.elf.dir/Drivers/STM32L5xx_HAL_Driver/Src/stm32l5xx_hal_pwr_ex.c.obj
 *fill*         0x0800ae4b        0x1 
 .rodata.HAL_RCC_MCOConfig.str1.4
                0x0800ae4c       0x58 CMakeFiles/untitled.elf.dir/Drivers/STM32L5xx_HAL_Driver/Src/stm32l5xx_hal_rcc.c.obj
 .rodata.RCCEx_PLLSAI2_Config.str1.4
                0x0800aea4       0x5b CMakeFiles/untitled.elf.dir/Drivers/STM32L5xx_HAL_Driver/Src/stm32l5xx_hal_rcc_ex.c.obj
 *fill*         0x0800aeff        0x1 
 .rodata.HAL_SPI_Init.str1.4
                0x0800af00       0x58 CMakeFiles/untitled.elf.dir/Drivers/STM32L5xx_HAL_Driver/Src/stm32l5xx_hal_spi.c.obj
 .rodata._vfprintf_r.str1.4
                0x0800af58       0x42 /opt/gcc-arm-none-eabi/bin/../lib/gcc/arm-none-eabi/12.3.1/../../../../arm-none-eabi/lib/thumb/v8-m.main/nofp/libg.a(libc_a-vfprintf.o)
 *fill*         0x0800af9a        0x2 
 .rodata.zeroes.0
                0x0800af9c       0x10 /opt/gcc-arm-none-eabi/bin/../lib/gcc/arm-none-eabi/12.3.1/../../../../arm-none-eabi/lib/thumb/v8-m.main/nofp/libg.a(libc_a-vfprintf.o)
 .rodata.blanks.1
                0x0800afac       0x10 /opt/gcc-arm-none-eabi/bin/../lib/gcc/arm-none-eabi/12.3.1/../../../../arm-none-eabi/lib/thumb/v8-m.main/nofp/libg.a(libc_a-vfprintf.o)
 .rodata._vfiprintf_r.str1.4
                0x0800afbc       0x2f /opt/gcc-arm-none-eabi/bin/../lib/gcc/arm-none-eabi/12.3.1/../../../../arm-none-eabi/lib/thumb/v8-m.main/nofp/libg.a(libc_a-vfiprintf.o)
 .rodata.zeroes.0
                0x0800afbc       0x10 /opt/gcc-arm-none-eabi/bin/../lib/gcc/arm-none-eabi/12.3.1/../../../../arm-none-eabi/lib/thumb/v8-m.main/nofp/libg.a(libc_a-vfiprintf.o)
 .rodata.blanks.1
                0x0800afcc       0x10 /opt/gcc-arm-none-eabi/bin/../lib/gcc/arm-none-eabi/12.3.1/../../../../arm-none-eabi/lib/thumb/v8-m.main/nofp/libg.a(libc_a-vfiprintf.o)
 .rodata.str1.4
                0x0800afdc       0x48 /opt/gcc-arm-none-eabi/bin/../lib/gcc/arm-none-eabi/12.3.1/../../../../arm-none-eabi/lib/thumb/v8-m.main/nofp/libg.a(libc_a-locale.o)
                                 0x4c (size before relaxing)
 .rodata._dtoa_r.str1.4
                0x0800b024       0x7d /opt/gcc-arm-none-eabi/bin/../lib/gcc/arm-none-eabi/12.3.1/../../../../arm-none-eabi/lib/thumb/v8-m.main/nofp/libg.a(libc_a-dtoa.o)
                                 0x81 (size before relaxing)
 *fill*         0x0800b0a1        0x3 
 .rodata._ctype_
                0x0800b0a4      0x101 /opt/gcc-arm-none-eabi/bin/../lib/gcc/arm-none-eabi/12.3.1/../../../../arm-none-eabi/lib/thumb/v8-m.main/nofp/libg.a(libc_a-ctype_.o)
                0x0800b0a4                _ctype_
 *fill*         0x0800b1a5        0x3 
 .rodata.__assert_func.str1.4
                0x0800b1a8       0x3f /opt/gcc-arm-none-eabi/bin/../lib/gcc/arm-none-eabi/12.3.1/../../../../arm-none-eabi/lib/thumb/v8-m.main/nofp/libg.a(libc_a-assert.o)
                                 0x43 (size before relaxing)
 *fill*         0x0800b1e7        0x1 
 .rodata.__multadd.str1.4
                0x0800b1e8       0x5a /opt/gcc-arm-none-eabi/bin/../lib/gcc/arm-none-eabi/12.3.1/../../../../arm-none-eabi/lib/thumb/v8-m.main/nofp/libg.a(libc_a-mprec.o)
                                 0x6e (size before relaxing)
 *fill*         0x0800b242        0x2 
 .rodata.p05.0  0x0800b244        0xc /opt/gcc-arm-none-eabi/bin/../lib/gcc/arm-none-eabi/12.3.1/../../../../arm-none-eabi/lib/thumb/v8-m.main/nofp/libg.a(libc_a-mprec.o)
 .rodata.__mprec_bigtens
                0x0800b250       0x28 /opt/gcc-arm-none-eabi/bin/../lib/gcc/arm-none-eabi/12.3.1/../../../../arm-none-eabi/lib/thumb/v8-m.main/nofp/libg.a(libc_a-mprec.o)
                0x0800b250                __mprec_bigtens
 .rodata.__mprec_tens
                0x0800b278       0xc8 /opt/gcc-arm-none-eabi/bin/../lib/gcc/arm-none-eabi/12.3.1/../../../../arm-none-eabi/lib/thumb/v8-m.main/nofp/libg.a(libc_a-mprec.o)
                0x0800b278                __mprec_tens
                0x0800b340                        . = ALIGN (0x4)

.ARM.extab      0x0800b340        0x0
                0x0800b340                        . = ALIGN (0x4)
 *(.ARM.extab* .gnu.linkonce.armextab.*)
                0x0800b340                        . = ALIGN (0x4)

.ARM            0x0800b340        0x8
                0x0800b340                        . = ALIGN (0x4)
                0x0800b340                        __exidx_start = .
 *(.ARM.exidx*)
 .ARM.exidx     0x0800b340        0x8 /opt/gcc-arm-none-eabi/bin/../lib/gcc/arm-none-eabi/12.3.1/../../../../arm-none-eabi/lib/thumb/v8-m.main/nofp/libg.a(libc_a-memcpy.o)
                0x0800b348                        __exidx_end = .
                0x0800b348                        . = ALIGN (0x4)

.rel.dyn        0x0800b348        0x0
 .rel.iplt      0x0800b348        0x0 /opt/gcc-arm-none-eabi/bin/../lib/gcc/arm-none-eabi/12.3.1/thumb/v8-m.main/nofp/crtbegin.o

.preinit_array  0x0800b348        0x0
                0x0800b348                        . = ALIGN (0x4)
                0x0800b348                        PROVIDE (__preinit_array_start = .)
 *(.preinit_array*)
                0x0800b348                        PROVIDE (__preinit_array_end = .)
                0x0800b348                        . = ALIGN (0x4)

.init_array     0x0800b348        0x8
                0x0800b348                        . = ALIGN (0x4)
                0x0800b348                        PROVIDE (__init_array_start = .)
 *(SORT_BY_NAME(.init_array.*))
 .init_array.00000
                0x0800b348        0x4 /opt/gcc-arm-none-eabi/bin/../lib/gcc/arm-none-eabi/12.3.1/../../../../arm-none-eabi/lib/thumb/v8-m.main/nofp/libg.a(libc_a-__call_atexit.o)
 *(.init_array*)
 .init_array    0x0800b34c        0x4 /opt/gcc-arm-none-eabi/bin/../lib/gcc/arm-none-eabi/12.3.1/thumb/v8-m.main/nofp/crtbegin.o
                0x0800b350                        PROVIDE (__init_array_end = .)
                0x0800b350                        . = ALIGN (0x4)

.fini_array     0x0800b350        0x4
                0x0800b350                        . = ALIGN (0x4)
                0x0800b350                        PROVIDE (__fini_array_start = .)
 *(SORT_BY_NAME(.fini_array.*))
 *(.fini_array*)
 .fini_array    0x0800b350        0x4 /opt/gcc-arm-none-eabi/bin/../lib/gcc/arm-none-eabi/12.3.1/thumb/v8-m.main/nofp/crtbegin.o
                0x0800b354                        PROVIDE (__fini_array_end = .)
                0x0800b354                        . = ALIGN (0x4)
                0x0800b354                        _sidata = LOADADDR (.data)

.data           0x20000000      0x700 load address 0x0800b354
                0x20000000                        . = ALIGN (0x4)
                0x20000000                        _sdata = .
 *(.data)
 *(.data*)
 .data.base46_map
                0x20000000       0x40 CMakeFiles/untitled.elf.dir/Core/Src/base64.c.obj
                0x20000000                base46_map
 .data.SystemCoreClock
                0x20000040        0x4 CMakeFiles/untitled.elf.dir/Core/Src/system_stm32l5xx.c.obj
                0x20000040                SystemCoreClock
 .data.uwTickFreq
                0x20000044        0x1 CMakeFiles/untitled.elf.dir/Drivers/STM32L5xx_HAL_Driver/Src/stm32l5xx_hal.c.obj
                0x20000044                uwTickFreq
 *fill*         0x20000045        0x3 
 .data.uwTickPrio
                0x20000048        0x4 CMakeFiles/untitled.elf.dir/Drivers/STM32L5xx_HAL_Driver/Src/stm32l5xx_hal.c.obj
                0x20000048                uwTickPrio
 .data.__malloc_sbrk_base
                0x2000004c        0x4 /opt/gcc-arm-none-eabi/bin/../lib/gcc/arm-none-eabi/12.3.1/../../../../arm-none-eabi/lib/thumb/v8-m.main/nofp/libg.a(libc_a-mallocr.o)
                0x2000004c                __malloc_sbrk_base
 .data.__malloc_trim_threshold
                0x20000050        0x4 /opt/gcc-arm-none-eabi/bin/../lib/gcc/arm-none-eabi/12.3.1/../../../../arm-none-eabi/lib/thumb/v8-m.main/nofp/libg.a(libc_a-mallocr.o)
                0x20000050                __malloc_trim_threshold
 *fill*         0x20000054        0x4 
 .data.__malloc_av_
                0x20000058      0x408 /opt/gcc-arm-none-eabi/bin/../lib/gcc/arm-none-eabi/12.3.1/../../../../arm-none-eabi/lib/thumb/v8-m.main/nofp/libg.a(libc_a-mallocr.o)
                0x20000058                __malloc_av_
 .data.__atexit_recursive_mutex
                0x20000460        0x4 /opt/gcc-arm-none-eabi/bin/../lib/gcc/arm-none-eabi/12.3.1/../../../../arm-none-eabi/lib/thumb/v8-m.main/nofp/libg.a(libc_a-__call_atexit.o)
                0x20000460                __atexit_recursive_mutex
 .data._impure_ptr
                0x20000464        0x4 /opt/gcc-arm-none-eabi/bin/../lib/gcc/arm-none-eabi/12.3.1/../../../../arm-none-eabi/lib/thumb/v8-m.main/nofp/libg.a(libc_a-impure.o)
                0x20000464                _impure_ptr
 .data._impure_data
                0x20000468      0x120 /opt/gcc-arm-none-eabi/bin/../lib/gcc/arm-none-eabi/12.3.1/../../../../arm-none-eabi/lib/thumb/v8-m.main/nofp/libg.a(libc_a-impure.o)
                0x20000468                _impure_data
 .data.__sglue  0x20000588        0xc /opt/gcc-arm-none-eabi/bin/../lib/gcc/arm-none-eabi/12.3.1/../../../../arm-none-eabi/lib/thumb/v8-m.main/nofp/libg.a(libc_a-findfp.o)
                0x20000588                __sglue
 .data.__global_locale
                0x20000594      0x16c /opt/gcc-arm-none-eabi/bin/../lib/gcc/arm-none-eabi/12.3.1/../../../../arm-none-eabi/lib/thumb/v8-m.main/nofp/libg.a(libc_a-locale.o)
                0x20000594                __global_locale
 *(.RamFunc)
 *(.RamFunc*)
                0x20000700                        . = ALIGN (0x4)
                0x20000700                        _edata = .

.tm_clone_table
                0x20000700        0x0 load address 0x0800ba54
 .tm_clone_table
                0x20000700        0x0 /opt/gcc-arm-none-eabi/bin/../lib/gcc/arm-none-eabi/12.3.1/thumb/v8-m.main/nofp/crtbegin.o
 .tm_clone_table
                0x20000700        0x0 /opt/gcc-arm-none-eabi/bin/../lib/gcc/arm-none-eabi/12.3.1/thumb/v8-m.main/nofp/crtend.o

.igot.plt       0x20000700        0x0 load address 0x0800ba54
 .igot.plt      0x20000700        0x0 /opt/gcc-arm-none-eabi/bin/../lib/gcc/arm-none-eabi/12.3.1/thumb/v8-m.main/nofp/crtbegin.o
                0x20000700                        . = ALIGN (0x4)

.bss            0x20000700      0x3f8 load address 0x0800ba54
                0x20000700                        _sbss = .
                0x20000700                        __bss_start__ = _sbss
 *(.bss)
 *(.bss*)
 .bss.completed.1
                0x20000700        0x1 /opt/gcc-arm-none-eabi/bin/../lib/gcc/arm-none-eabi/12.3.1/thumb/v8-m.main/nofp/crtbegin.o
 *fill*         0x20000701        0x3 
 .bss.object.0  0x20000704       0x18 /opt/gcc-arm-none-eabi/bin/../lib/gcc/arm-none-eabi/12.3.1/thumb/v8-m.main/nofp/crtbegin.o
 .bss.MCUCode   0x2000071c        0x4 CMakeFiles/untitled.elf.dir/Core/Src/main.c.obj
                0x2000071c                MCUCode
 .bss.seqnum    0x20000720        0x1 CMakeFiles/untitled.elf.dir/Core/Src/main.c.obj
                0x20000720                seqnum
 *fill*         0x20000721        0x3 
 .bss.hspi1     0x20000724       0x64 CMakeFiles/untitled.elf.dir/Core/Src/main.c.obj
                0x20000724                hspi1
 .bss.hi2c2     0x20000788       0x54 CMakeFiles/untitled.elf.dir/Core/Src/main.c.obj
                0x20000788                hi2c2
 .bss.__sbrk_heap_end
                0x200007dc        0x4 CMakeFiles/untitled.elf.dir/Core/Src/sysmem.c.obj
 .bss.uwTick    0x200007e0        0x4 CMakeFiles/untitled.elf.dir/Drivers/STM32L5xx_HAL_Driver/Src/stm32l5xx_hal.c.obj
                0x200007e0                uwTick
 .bss.__malloc_current_mallinfo
                0x200007e4       0x28 /opt/gcc-arm-none-eabi/bin/../lib/gcc/arm-none-eabi/12.3.1/../../../../arm-none-eabi/lib/thumb/v8-m.main/nofp/libg.a(libc_a-mallocr.o)
                0x200007e4                __malloc_current_mallinfo
 .bss.__malloc_max_total_mem
                0x2000080c        0x4 /opt/gcc-arm-none-eabi/bin/../lib/gcc/arm-none-eabi/12.3.1/../../../../arm-none-eabi/lib/thumb/v8-m.main/nofp/libg.a(libc_a-mallocr.o)
                0x2000080c                __malloc_max_total_mem
 .bss.__malloc_max_sbrked_mem
                0x20000810        0x4 /opt/gcc-arm-none-eabi/bin/../lib/gcc/arm-none-eabi/12.3.1/../../../../arm-none-eabi/lib/thumb/v8-m.main/nofp/libg.a(libc_a-mallocr.o)
                0x20000810                __malloc_max_sbrked_mem
 .bss.__malloc_top_pad
                0x20000814        0x4 /opt/gcc-arm-none-eabi/bin/../lib/gcc/arm-none-eabi/12.3.1/../../../../arm-none-eabi/lib/thumb/v8-m.main/nofp/libg.a(libc_a-mallocr.o)
                0x20000814                __malloc_top_pad
 .bss.__atexit  0x20000818        0x4 /opt/gcc-arm-none-eabi/bin/../lib/gcc/arm-none-eabi/12.3.1/../../../../arm-none-eabi/lib/thumb/v8-m.main/nofp/libg.a(libc_a-__call_atexit.o)
                0x20000818                __atexit
 .bss.__lock___malloc_recursive_mutex
                0x2000081c        0x1 /opt/gcc-arm-none-eabi/bin/../lib/gcc/arm-none-eabi/12.3.1/../../../../arm-none-eabi/lib/thumb/v8-m.main/nofp/libg.a(libc_a-lock.o)
                0x2000081c                __lock___malloc_recursive_mutex
 *fill*         0x2000081d        0x3 
 .bss.__lock___atexit_recursive_mutex
                0x20000820        0x1 /opt/gcc-arm-none-eabi/bin/../lib/gcc/arm-none-eabi/12.3.1/../../../../arm-none-eabi/lib/thumb/v8-m.main/nofp/libg.a(libc_a-lock.o)
                0x20000820                __lock___atexit_recursive_mutex
 *fill*         0x20000821        0x3 
 .bss.__lock___sfp_recursive_mutex
                0x20000824        0x1 /opt/gcc-arm-none-eabi/bin/../lib/gcc/arm-none-eabi/12.3.1/../../../../arm-none-eabi/lib/thumb/v8-m.main/nofp/libg.a(libc_a-lock.o)
                0x20000824                __lock___sfp_recursive_mutex
 *fill*         0x20000825        0x3 
 .bss.__sf      0x20000828      0x138 /opt/gcc-arm-none-eabi/bin/../lib/gcc/arm-none-eabi/12.3.1/../../../../arm-none-eabi/lib/thumb/v8-m.main/nofp/libg.a(libc_a-findfp.o)
                0x20000828                __sf
 .bss.__stdio_exit_handler
                0x20000960        0x4 /opt/gcc-arm-none-eabi/bin/../lib/gcc/arm-none-eabi/12.3.1/../../../../arm-none-eabi/lib/thumb/v8-m.main/nofp/libg.a(libc_a-findfp.o)
                0x20000960                __stdio_exit_handler
 .bss.__atexit0
                0x20000964      0x190 /opt/gcc-arm-none-eabi/bin/../lib/gcc/arm-none-eabi/12.3.1/../../../../arm-none-eabi/lib/thumb/v8-m.main/nofp/libg.a(libc_a-__atexit.o)
                0x20000964                __atexit0
 .bss.errno     0x20000af4        0x4 /opt/gcc-arm-none-eabi/bin/../lib/gcc/arm-none-eabi/12.3.1/../../../../arm-none-eabi/lib/thumb/v8-m.main/nofp/libg.a(libc_a-reent.o)
                0x20000af4                errno
 *(COMMON)
                0x20000af8                        . = ALIGN (0x4)
                0x20000af8                        _ebss = .
                0x20000af8                        __bss_end__ = _ebss

._user_heap_stack
                0x20000af8      0x600 load address 0x0800ba54
                0x20000af8                        . = ALIGN (0x8)
                [!provide]                        PROVIDE (end = .)
                0x20000af8                        PROVIDE (_end = .)
                0x20000cf8                        . = (. + _Min_Heap_Size)
 *fill*         0x20000af8      0x200 
                0x200010f8                        . = (. + _Min_Stack_Size)
 *fill*         0x20000cf8      0x400 
                0x200010f8                        . = ALIGN (0x8)

/DISCARD/
 libc.a(*)
 libm.a(*)
 libgcc.a(*)

.ARM.attributes
                0x00000000       0x30
 *(.ARM.attributes)
 .ARM.attributes
                0x00000000       0x22 /opt/gcc-arm-none-eabi/bin/../lib/gcc/arm-none-eabi/12.3.1/thumb/v8-m.main/nofp/crti.o
 .ARM.attributes
                0x00000022       0x32 /opt/gcc-arm-none-eabi/bin/../lib/gcc/arm-none-eabi/12.3.1/thumb/v8-m.main/nofp/crtbegin.o
 .ARM.attributes
                0x00000054       0x34 CMakeFiles/untitled.elf.dir/Core/Src/base64.c.obj
 .ARM.attributes
                0x00000088       0x34 CMakeFiles/untitled.elf.dir/Core/Src/main.c.obj
 .ARM.attributes
                0x000000bc       0x34 CMakeFiles/untitled.elf.dir/Core/Src/stm32l5xx_hal_msp.c.obj
 .ARM.attributes
                0x000000f0       0x34 CMakeFiles/untitled.elf.dir/Core/Src/stm32l5xx_it.c.obj
 .ARM.attributes
                0x00000124       0x34 CMakeFiles/untitled.elf.dir/Core/Src/syscalls.c.obj
 .ARM.attributes
                0x00000158       0x34 CMakeFiles/untitled.elf.dir/Core/Src/sysmem.c.obj
 .ARM.attributes
                0x0000018c       0x34 CMakeFiles/untitled.elf.dir/Core/Src/system_stm32l5xx.c.obj
 .ARM.attributes
                0x000001c0       0x24 CMakeFiles/untitled.elf.dir/Core/Startup/startup_stm32l552cctx.s.obj
 .ARM.attributes
                0x000001e4       0x34 CMakeFiles/untitled.elf.dir/Drivers/STM32L5xx_HAL_Driver/Src/stm32l5xx_hal.c.obj
 .ARM.attributes
                0x00000218       0x34 CMakeFiles/untitled.elf.dir/Drivers/STM32L5xx_HAL_Driver/Src/stm32l5xx_hal_cortex.c.obj
 .ARM.attributes
                0x0000024c       0x34 CMakeFiles/untitled.elf.dir/Drivers/STM32L5xx_HAL_Driver/Src/stm32l5xx_hal_gpio.c.obj
 .ARM.attributes
                0x00000280       0x34 CMakeFiles/untitled.elf.dir/Drivers/STM32L5xx_HAL_Driver/Src/stm32l5xx_hal_i2c.c.obj
 .ARM.attributes
                0x000002b4       0x34 CMakeFiles/untitled.elf.dir/Drivers/STM32L5xx_HAL_Driver/Src/stm32l5xx_hal_i2c_ex.c.obj
 .ARM.attributes
                0x000002e8       0x34 CMakeFiles/untitled.elf.dir/Drivers/STM32L5xx_HAL_Driver/Src/stm32l5xx_hal_icache.c.obj
 .ARM.attributes
                0x0000031c       0x34 CMakeFiles/untitled.elf.dir/Drivers/STM32L5xx_HAL_Driver/Src/stm32l5xx_hal_pwr_ex.c.obj
 .ARM.attributes
                0x00000350       0x34 CMakeFiles/untitled.elf.dir/Drivers/STM32L5xx_HAL_Driver/Src/stm32l5xx_hal_rcc.c.obj
 .ARM.attributes
                0x00000384       0x34 CMakeFiles/untitled.elf.dir/Drivers/STM32L5xx_HAL_Driver/Src/stm32l5xx_hal_rcc_ex.c.obj
 .ARM.attributes
                0x000003b8       0x34 CMakeFiles/untitled.elf.dir/Drivers/STM32L5xx_HAL_Driver/Src/stm32l5xx_hal_spi.c.obj
 .ARM.attributes
                0x000003ec       0x32 /opt/gcc-arm-none-eabi/bin/../lib/gcc/arm-none-eabi/12.3.1/../../../../arm-none-eabi/lib/thumb/v8-m.main/nofp/libg.a(libc_a-errno.o)
 .ARM.attributes
                0x0000041e       0x32 /opt/gcc-arm-none-eabi/bin/../lib/gcc/arm-none-eabi/12.3.1/../../../../arm-none-eabi/lib/thumb/v8-m.main/nofp/libg.a(libc_a-malloc.o)
 .ARM.attributes
                0x00000450       0x32 /opt/gcc-arm-none-eabi/bin/../lib/gcc/arm-none-eabi/12.3.1/../../../../arm-none-eabi/lib/thumb/v8-m.main/nofp/libg.a(libc_a-mallocr.o)
 .ARM.attributes
                0x00000482       0x32 /opt/gcc-arm-none-eabi/bin/../lib/gcc/arm-none-eabi/12.3.1/../../../../arm-none-eabi/lib/thumb/v8-m.main/nofp/libg.a(libc_a-__call_atexit.o)
 .ARM.attributes
                0x000004b4       0x32 /opt/gcc-arm-none-eabi/bin/../lib/gcc/arm-none-eabi/12.3.1/../../../../arm-none-eabi/lib/thumb/v8-m.main/nofp/libg.a(libc_a-memset.o)
 .ARM.attributes
                0x000004e6       0x32 /opt/gcc-arm-none-eabi/bin/../lib/gcc/arm-none-eabi/12.3.1/../../../../arm-none-eabi/lib/thumb/v8-m.main/nofp/libg.a(libc_a-init.o)
 .ARM.attributes
                0x00000518       0x32 /opt/gcc-arm-none-eabi/bin/../lib/gcc/arm-none-eabi/12.3.1/../../../../arm-none-eabi/lib/thumb/v8-m.main/nofp/libg.a(libc_a-fini.o)
 .ARM.attributes
                0x0000054a       0x32 /opt/gcc-arm-none-eabi/bin/../lib/gcc/arm-none-eabi/12.3.1/../../../../arm-none-eabi/lib/thumb/v8-m.main/nofp/libg.a(libc_a-lock.o)
 .ARM.attributes
                0x0000057c       0x32 /opt/gcc-arm-none-eabi/bin/../lib/gcc/arm-none-eabi/12.3.1/../../../../arm-none-eabi/lib/thumb/v8-m.main/nofp/libg.a(libc_a-sysconf.o)
 .ARM.attributes
                0x000005ae       0x32 /opt/gcc-arm-none-eabi/bin/../lib/gcc/arm-none-eabi/12.3.1/../../../../arm-none-eabi/lib/thumb/v8-m.main/nofp/libg.a(libc_a-printf.o)
 .ARM.attributes
                0x000005e0       0x32 /opt/gcc-arm-none-eabi/bin/../lib/gcc/arm-none-eabi/12.3.1/../../../../arm-none-eabi/lib/thumb/v8-m.main/nofp/libg.a(libc_a-putchar.o)
 .ARM.attributes
                0x00000612       0x32 /opt/gcc-arm-none-eabi/bin/../lib/gcc/arm-none-eabi/12.3.1/../../../../arm-none-eabi/lib/thumb/v8-m.main/nofp/libg.a(libc_a-mlock.o)
 .ARM.attributes
                0x00000644       0x32 /opt/gcc-arm-none-eabi/bin/../lib/gcc/arm-none-eabi/12.3.1/../../../../arm-none-eabi/lib/thumb/v8-m.main/nofp/libg.a(libc_a-atexit.o)
 .ARM.attributes
                0x00000676       0x32 /opt/gcc-arm-none-eabi/bin/../lib/gcc/arm-none-eabi/12.3.1/../../../../arm-none-eabi/lib/thumb/v8-m.main/nofp/libg.a(libc_a-impure.o)
 .ARM.attributes
                0x000006a8       0x32 /opt/gcc-arm-none-eabi/bin/../lib/gcc/arm-none-eabi/12.3.1/../../../../arm-none-eabi/lib/thumb/v8-m.main/nofp/libg.a(libc_a-findfp.o)
 .ARM.attributes
                0x000006da       0x20 /opt/gcc-arm-none-eabi/bin/../lib/gcc/arm-none-eabi/12.3.1/../../../../arm-none-eabi/lib/thumb/v8-m.main/nofp/libg.a(libc_a-memcpy.o)
 .ARM.attributes
                0x000006fa       0x32 /opt/gcc-arm-none-eabi/bin/../lib/gcc/arm-none-eabi/12.3.1/../../../../arm-none-eabi/lib/thumb/v8-m.main/nofp/libg.a(libc_a-strlen-stub.o)
 .ARM.attributes
                0x0000072c       0x32 /opt/gcc-arm-none-eabi/bin/../lib/gcc/arm-none-eabi/12.3.1/../../../../arm-none-eabi/lib/thumb/v8-m.main/nofp/libg.a(libc_a-freer.o)
 .ARM.attributes
                0x0000075e       0x32 /opt/gcc-arm-none-eabi/bin/../lib/gcc/arm-none-eabi/12.3.1/../../../../arm-none-eabi/lib/thumb/v8-m.main/nofp/libg.a(libc_a-stdio.o)
 .ARM.attributes
                0x00000790       0x32 /opt/gcc-arm-none-eabi/bin/../lib/gcc/arm-none-eabi/12.3.1/../../../../arm-none-eabi/lib/thumb/v8-m.main/nofp/libg.a(libc_a-sbrkr.o)
 .ARM.attributes
                0x000007c2       0x32 /opt/gcc-arm-none-eabi/bin/../lib/gcc/arm-none-eabi/12.3.1/../../../../arm-none-eabi/lib/thumb/v8-m.main/nofp/libg.a(libc_a-writer.o)
 .ARM.attributes
                0x000007f4       0x32 /opt/gcc-arm-none-eabi/bin/../lib/gcc/arm-none-eabi/12.3.1/../../../../arm-none-eabi/lib/thumb/v8-m.main/nofp/libg.a(libc_a-fwalk.o)
 .ARM.attributes
                0x00000826       0x32 /opt/gcc-arm-none-eabi/bin/../lib/gcc/arm-none-eabi/12.3.1/../../../../arm-none-eabi/lib/thumb/v8-m.main/nofp/libg.a(libc_a-vfprintf.o)
 .ARM.attributes
                0x00000858       0x32 /opt/gcc-arm-none-eabi/bin/../lib/gcc/arm-none-eabi/12.3.1/../../../../arm-none-eabi/lib/thumb/v8-m.main/nofp/libg.a(libc_a-vfiprintf.o)
 .ARM.attributes
                0x0000088a       0x32 /opt/gcc-arm-none-eabi/bin/../lib/gcc/arm-none-eabi/12.3.1/../../../../arm-none-eabi/lib/thumb/v8-m.main/nofp/libg.a(libc_a-__atexit.o)
 .ARM.attributes
                0x000008bc       0x32 /opt/gcc-arm-none-eabi/bin/../lib/gcc/arm-none-eabi/12.3.1/../../../../arm-none-eabi/lib/thumb/v8-m.main/nofp/libg.a(libc_a-wcrtomb.o)
 .ARM.attributes
                0x000008ee       0x32 /opt/gcc-arm-none-eabi/bin/../lib/gcc/arm-none-eabi/12.3.1/../../../../arm-none-eabi/lib/thumb/v8-m.main/nofp/libg.a(libc_a-locale.o)
 .ARM.attributes
                0x00000920       0x32 /opt/gcc-arm-none-eabi/bin/../lib/gcc/arm-none-eabi/12.3.1/../../../../arm-none-eabi/lib/thumb/v8-m.main/nofp/libg.a(libc_a-localeconv.o)
 .ARM.attributes
                0x00000952       0x32 /opt/gcc-arm-none-eabi/bin/../lib/gcc/arm-none-eabi/12.3.1/../../../../arm-none-eabi/lib/thumb/v8-m.main/nofp/libg.a(libc_a-fclose.o)
 .ARM.attributes
                0x00000984       0x32 /opt/gcc-arm-none-eabi/bin/../lib/gcc/arm-none-eabi/12.3.1/../../../../arm-none-eabi/lib/thumb/v8-m.main/nofp/libg.a(libc_a-wsetup.o)
 .ARM.attributes
                0x000009b6       0x32 /opt/gcc-arm-none-eabi/bin/../lib/gcc/arm-none-eabi/12.3.1/../../../../arm-none-eabi/lib/thumb/v8-m.main/nofp/libg.a(libc_a-makebuf.o)
 .ARM.attributes
                0x000009e8       0x32 /opt/gcc-arm-none-eabi/bin/../lib/gcc/arm-none-eabi/12.3.1/../../../../arm-none-eabi/lib/thumb/v8-m.main/nofp/libg.a(libc_a-putc.o)
 .ARM.attributes
                0x00000a1a       0x32 /opt/gcc-arm-none-eabi/bin/../lib/gcc/arm-none-eabi/12.3.1/../../../../arm-none-eabi/lib/thumb/v8-m.main/nofp/libg.a(libc_a-wcsrtombs.o)
 .ARM.attributes
                0x00000a4c       0x32 /opt/gcc-arm-none-eabi/bin/../lib/gcc/arm-none-eabi/12.3.1/../../../../arm-none-eabi/lib/thumb/v8-m.main/nofp/libg.a(libc_a-dtoa.o)
 .ARM.attributes
                0x00000a7e       0x32 /opt/gcc-arm-none-eabi/bin/../lib/gcc/arm-none-eabi/12.3.1/../../../../arm-none-eabi/lib/thumb/v8-m.main/nofp/libg.a(libc_a-ctype_.o)
 .ARM.attributes
                0x00000ab0       0x32 /opt/gcc-arm-none-eabi/bin/../lib/gcc/arm-none-eabi/12.3.1/../../../../arm-none-eabi/lib/thumb/v8-m.main/nofp/libg.a(libc_a-closer.o)
 .ARM.attributes
                0x00000ae2       0x32 /opt/gcc-arm-none-eabi/bin/../lib/gcc/arm-none-eabi/12.3.1/../../../../arm-none-eabi/lib/thumb/v8-m.main/nofp/libg.a(libc_a-reent.o)
 .ARM.attributes
                0x00000b14       0x32 /opt/gcc-arm-none-eabi/bin/../lib/gcc/arm-none-eabi/12.3.1/../../../../arm-none-eabi/lib/thumb/v8-m.main/nofp/libg.a(libc_a-fflush.o)
 .ARM.attributes
                0x00000b46       0x32 /opt/gcc-arm-none-eabi/bin/../lib/gcc/arm-none-eabi/12.3.1/../../../../arm-none-eabi/lib/thumb/v8-m.main/nofp/libg.a(libc_a-memchr-stub.o)
 .ARM.attributes
                0x00000b78       0x32 /opt/gcc-arm-none-eabi/bin/../lib/gcc/arm-none-eabi/12.3.1/../../../../arm-none-eabi/lib/thumb/v8-m.main/nofp/libg.a(libm_a-s_frexp.o)
 .ARM.attributes
                0x00000baa       0x32 /opt/gcc-arm-none-eabi/bin/../lib/gcc/arm-none-eabi/12.3.1/../../../../arm-none-eabi/lib/thumb/v8-m.main/nofp/libg.a(libc_a-strncpy.o)
 .ARM.attributes
                0x00000bdc       0x32 /opt/gcc-arm-none-eabi/bin/../lib/gcc/arm-none-eabi/12.3.1/../../../../arm-none-eabi/lib/thumb/v8-m.main/nofp/libg.a(libc_a-fstatr.o)
 .ARM.attributes
                0x00000c0e       0x32 /opt/gcc-arm-none-eabi/bin/../lib/gcc/arm-none-eabi/12.3.1/../../../../arm-none-eabi/lib/thumb/v8-m.main/nofp/libg.a(libc_a-isattyr.o)
 .ARM.attributes
                0x00000c40       0x32 /opt/gcc-arm-none-eabi/bin/../lib/gcc/arm-none-eabi/12.3.1/../../../../arm-none-eabi/lib/thumb/v8-m.main/nofp/libg.a(libc_a-lseekr.o)
 .ARM.attributes
                0x00000c72       0x32 /opt/gcc-arm-none-eabi/bin/../lib/gcc/arm-none-eabi/12.3.1/../../../../arm-none-eabi/lib/thumb/v8-m.main/nofp/libg.a(libc_a-readr.o)
 .ARM.attributes
                0x00000ca4       0x32 /opt/gcc-arm-none-eabi/bin/../lib/gcc/arm-none-eabi/12.3.1/../../../../arm-none-eabi/lib/thumb/v8-m.main/nofp/libg.a(libc_a-fputwc.o)
 .ARM.attributes
                0x00000cd6       0x32 /opt/gcc-arm-none-eabi/bin/../lib/gcc/arm-none-eabi/12.3.1/../../../../arm-none-eabi/lib/thumb/v8-m.main/nofp/libg.a(libc_a-wctomb_r.o)
 .ARM.attributes
                0x00000d08       0x32 /opt/gcc-arm-none-eabi/bin/../lib/gcc/arm-none-eabi/12.3.1/../../../../arm-none-eabi/lib/thumb/v8-m.main/nofp/libg.a(libc_a-fvwrite.o)
 .ARM.attributes
                0x00000d3a       0x32 /opt/gcc-arm-none-eabi/bin/../lib/gcc/arm-none-eabi/12.3.1/../../../../arm-none-eabi/lib/thumb/v8-m.main/nofp/libg.a(libc_a-wbuf.o)
 .ARM.attributes
                0x00000d6c       0x32 /opt/gcc-arm-none-eabi/bin/../lib/gcc/arm-none-eabi/12.3.1/../../../../arm-none-eabi/lib/thumb/v8-m.main/nofp/libg.a(libc_a-mbtowc_r.o)
 .ARM.attributes
                0x00000d9e       0x32 /opt/gcc-arm-none-eabi/bin/../lib/gcc/arm-none-eabi/12.3.1/../../../../arm-none-eabi/lib/thumb/v8-m.main/nofp/libg.a(libc_a-memmove.o)
 .ARM.attributes
                0x00000dd0       0x32 /opt/gcc-arm-none-eabi/bin/../lib/gcc/arm-none-eabi/12.3.1/../../../../arm-none-eabi/lib/thumb/v8-m.main/nofp/libg.a(libc_a-assert.o)
 .ARM.attributes
                0x00000e02       0x32 /opt/gcc-arm-none-eabi/bin/../lib/gcc/arm-none-eabi/12.3.1/../../../../arm-none-eabi/lib/thumb/v8-m.main/nofp/libg.a(libc_a-mprec.o)
 .ARM.attributes
                0x00000e34       0x32 /opt/gcc-arm-none-eabi/bin/../lib/gcc/arm-none-eabi/12.3.1/../../../../arm-none-eabi/lib/thumb/v8-m.main/nofp/libg.a(libc_a-callocr.o)
 .ARM.attributes
                0x00000e66       0x32 /opt/gcc-arm-none-eabi/bin/../lib/gcc/arm-none-eabi/12.3.1/../../../../arm-none-eabi/lib/thumb/v8-m.main/nofp/libg.a(libc_a-wcsnrtombs.o)
 .ARM.attributes
                0x00000e98       0x32 /opt/gcc-arm-none-eabi/bin/../lib/gcc/arm-none-eabi/12.3.1/../../../../arm-none-eabi/lib/thumb/v8-m.main/nofp/libg.a(libc_a-reallocr.o)
 .ARM.attributes
                0x00000eca       0x32 /opt/gcc-arm-none-eabi/bin/../lib/gcc/arm-none-eabi/12.3.1/../../../../arm-none-eabi/lib/thumb/v8-m.main/nofp/libg.a(libc_a-fiprintf.o)
 .ARM.attributes
                0x00000efc       0x32 /opt/gcc-arm-none-eabi/bin/../lib/gcc/arm-none-eabi/12.3.1/../../../../arm-none-eabi/lib/thumb/v8-m.main/nofp/libg.a(libc_a-abort.o)
 .ARM.attributes
                0x00000f2e       0x32 /opt/gcc-arm-none-eabi/bin/../lib/gcc/arm-none-eabi/12.3.1/../../../../arm-none-eabi/lib/thumb/v8-m.main/nofp/libg.a(libc_a-signal.o)
 .ARM.attributes
                0x00000f60       0x32 /opt/gcc-arm-none-eabi/bin/../lib/gcc/arm-none-eabi/12.3.1/../../../../arm-none-eabi/lib/thumb/v8-m.main/nofp/libg.a(libc_a-signalr.o)
 .ARM.attributes
                0x00000f92       0x22 /opt/gcc-arm-none-eabi/bin/../lib/gcc/arm-none-eabi/12.3.1/thumb/v8-m.main/nofp/libgcc.a(_arm_addsubdf3.o)
 .ARM.attributes
                0x00000fb4       0x22 /opt/gcc-arm-none-eabi/bin/../lib/gcc/arm-none-eabi/12.3.1/thumb/v8-m.main/nofp/libgcc.a(_arm_muldivdf3.o)
 .ARM.attributes
                0x00000fd6       0x22 /opt/gcc-arm-none-eabi/bin/../lib/gcc/arm-none-eabi/12.3.1/thumb/v8-m.main/nofp/libgcc.a(_arm_cmpdf2.o)
 .ARM.attributes
                0x00000ff8       0x22 /opt/gcc-arm-none-eabi/bin/../lib/gcc/arm-none-eabi/12.3.1/thumb/v8-m.main/nofp/libgcc.a(_arm_unorddf2.o)
 .ARM.attributes
                0x0000101a       0x22 /opt/gcc-arm-none-eabi/bin/../lib/gcc/arm-none-eabi/12.3.1/thumb/v8-m.main/nofp/libgcc.a(_arm_fixdfsi.o)
 .ARM.attributes
                0x0000103c       0x32 /opt/gcc-arm-none-eabi/bin/../lib/gcc/arm-none-eabi/12.3.1/thumb/v8-m.main/nofp/crtend.o
 .ARM.attributes
                0x0000106e       0x22 /opt/gcc-arm-none-eabi/bin/../lib/gcc/arm-none-eabi/12.3.1/thumb/v8-m.main/nofp/crtn.o
OUTPUT(untitled.elf elf32-littlearm)
LOAD linker stubs
LOAD /opt/gcc-arm-none-eabi/bin/../lib/gcc/arm-none-eabi/12.3.1/../../../../arm-none-eabi/lib/thumb/v8-m.main/nofp/libc.a
LOAD /opt/gcc-arm-none-eabi/bin/../lib/gcc/arm-none-eabi/12.3.1/../../../../arm-none-eabi/lib/thumb/v8-m.main/nofp/libm.a
LOAD /opt/gcc-arm-none-eabi/bin/../lib/gcc/arm-none-eabi/12.3.1/thumb/v8-m.main/nofp/libgcc.a

.debug_info     0x00000000    0x1336a
 .debug_info    0x00000000      0x285 CMakeFiles/untitled.elf.dir/Core/Src/base64.c.obj
 .debug_info    0x00000285     0x21e6 CMakeFiles/untitled.elf.dir/Core/Src/main.c.obj
 .debug_info    0x0000246b     0x1289 CMakeFiles/untitled.elf.dir/Core/Src/stm32l5xx_hal_msp.c.obj
 .debug_info    0x000036f4      0x171 CMakeFiles/untitled.elf.dir/Core/Src/stm32l5xx_it.c.obj
 .debug_info    0x00003865      0x783 CMakeFiles/untitled.elf.dir/Core/Src/syscalls.c.obj
 .debug_info    0x00003fe8      0x171 CMakeFiles/untitled.elf.dir/Core/Src/sysmem.c.obj
 .debug_info    0x00004159      0x48a CMakeFiles/untitled.elf.dir/Core/Src/system_stm32l5xx.c.obj
 .debug_info    0x000045e3       0x30 CMakeFiles/untitled.elf.dir/Core/Startup/startup_stm32l552cctx.s.obj
 .debug_info    0x00004613      0xe90 CMakeFiles/untitled.elf.dir/Drivers/STM32L5xx_HAL_Driver/Src/stm32l5xx_hal.c.obj
 .debug_info    0x000054a3     0x14c6 CMakeFiles/untitled.elf.dir/Drivers/STM32L5xx_HAL_Driver/Src/stm32l5xx_hal_cortex.c.obj
 .debug_info    0x00006969      0x838 CMakeFiles/untitled.elf.dir/Drivers/STM32L5xx_HAL_Driver/Src/stm32l5xx_hal_gpio.c.obj
 .debug_info    0x000071a1     0x44cd CMakeFiles/untitled.elf.dir/Drivers/STM32L5xx_HAL_Driver/Src/stm32l5xx_hal_i2c.c.obj
 .debug_info    0x0000b66e      0xcfb CMakeFiles/untitled.elf.dir/Drivers/STM32L5xx_HAL_Driver/Src/stm32l5xx_hal_i2c_ex.c.obj
 .debug_info    0x0000c369      0x728 CMakeFiles/untitled.elf.dir/Drivers/STM32L5xx_HAL_Driver/Src/stm32l5xx_hal_icache.c.obj
 .debug_info    0x0000ca91     0x106c CMakeFiles/untitled.elf.dir/Drivers/STM32L5xx_HAL_Driver/Src/stm32l5xx_hal_pwr_ex.c.obj
 .debug_info    0x0000dafd     0x1664 CMakeFiles/untitled.elf.dir/Drivers/STM32L5xx_HAL_Driver/Src/stm32l5xx_hal_rcc.c.obj
 .debug_info    0x0000f161     0x1d6d CMakeFiles/untitled.elf.dir/Drivers/STM32L5xx_HAL_Driver/Src/stm32l5xx_hal_rcc_ex.c.obj
 .debug_info    0x00010ece     0x249c CMakeFiles/untitled.elf.dir/Drivers/STM32L5xx_HAL_Driver/Src/stm32l5xx_hal_spi.c.obj

.debug_abbrev   0x00000000     0x26a0
 .debug_abbrev  0x00000000      0x14f CMakeFiles/untitled.elf.dir/Core/Src/base64.c.obj
 .debug_abbrev  0x0000014f      0x40a CMakeFiles/untitled.elf.dir/Core/Src/main.c.obj
 .debug_abbrev  0x00000559      0x222 CMakeFiles/untitled.elf.dir/Core/Src/stm32l5xx_hal_msp.c.obj
 .debug_abbrev  0x0000077b       0xbb CMakeFiles/untitled.elf.dir/Core/Src/stm32l5xx_it.c.obj
 .debug_abbrev  0x00000836      0x1c1 CMakeFiles/untitled.elf.dir/Core/Src/syscalls.c.obj
 .debug_abbrev  0x000009f7       0xea CMakeFiles/untitled.elf.dir/Core/Src/sysmem.c.obj
 .debug_abbrev  0x00000ae1      0x131 CMakeFiles/untitled.elf.dir/Core/Src/system_stm32l5xx.c.obj
 .debug_abbrev  0x00000c12       0x24 CMakeFiles/untitled.elf.dir/Core/Startup/startup_stm32l552cctx.s.obj
 .debug_abbrev  0x00000c36      0x2bf CMakeFiles/untitled.elf.dir/Drivers/STM32L5xx_HAL_Driver/Src/stm32l5xx_hal.c.obj
 .debug_abbrev  0x00000ef5      0x3c0 CMakeFiles/untitled.elf.dir/Drivers/STM32L5xx_HAL_Driver/Src/stm32l5xx_hal_cortex.c.obj
 .debug_abbrev  0x000012b5      0x210 CMakeFiles/untitled.elf.dir/Drivers/STM32L5xx_HAL_Driver/Src/stm32l5xx_hal_gpio.c.obj
 .debug_abbrev  0x000014c5      0x2a6 CMakeFiles/untitled.elf.dir/Drivers/STM32L5xx_HAL_Driver/Src/stm32l5xx_hal_i2c.c.obj
 .debug_abbrev  0x0000176b      0x21c CMakeFiles/untitled.elf.dir/Drivers/STM32L5xx_HAL_Driver/Src/stm32l5xx_hal_i2c_ex.c.obj
 .debug_abbrev  0x00001987      0x255 CMakeFiles/untitled.elf.dir/Drivers/STM32L5xx_HAL_Driver/Src/stm32l5xx_hal_icache.c.obj
 .debug_abbrev  0x00001bdc      0x2a8 CMakeFiles/untitled.elf.dir/Drivers/STM32L5xx_HAL_Driver/Src/stm32l5xx_hal_pwr_ex.c.obj
 .debug_abbrev  0x00001e84      0x2c0 CMakeFiles/untitled.elf.dir/Drivers/STM32L5xx_HAL_Driver/Src/stm32l5xx_hal_rcc.c.obj
 .debug_abbrev  0x00002144      0x2cc CMakeFiles/untitled.elf.dir/Drivers/STM32L5xx_HAL_Driver/Src/stm32l5xx_hal_rcc_ex.c.obj
 .debug_abbrev  0x00002410      0x290 CMakeFiles/untitled.elf.dir/Drivers/STM32L5xx_HAL_Driver/Src/stm32l5xx_hal_spi.c.obj

.debug_loclists
                0x00000000     0x7a57
 .debug_loclists
                0x00000000      0x212 CMakeFiles/untitled.elf.dir/Core/Src/base64.c.obj
 .debug_loclists
                0x00000212      0x1a5 CMakeFiles/untitled.elf.dir/Core/Src/main.c.obj
 .debug_loclists
                0x000003b7       0xaa CMakeFiles/untitled.elf.dir/Core/Src/stm32l5xx_hal_msp.c.obj
 .debug_loclists
                0x00000461      0x25b CMakeFiles/untitled.elf.dir/Core/Src/syscalls.c.obj
 .debug_loclists
                0x000006bc       0x46 CMakeFiles/untitled.elf.dir/Core/Src/sysmem.c.obj
 .debug_loclists
                0x00000702       0xb5 CMakeFiles/untitled.elf.dir/Core/Src/system_stm32l5xx.c.obj
 .debug_loclists
                0x000007b7      0x21c CMakeFiles/untitled.elf.dir/Drivers/STM32L5xx_HAL_Driver/Src/stm32l5xx_hal.c.obj
 .debug_loclists
                0x000009d3      0x5dd CMakeFiles/untitled.elf.dir/Drivers/STM32L5xx_HAL_Driver/Src/stm32l5xx_hal_cortex.c.obj
 .debug_loclists
                0x00000fb0      0x372 CMakeFiles/untitled.elf.dir/Drivers/STM32L5xx_HAL_Driver/Src/stm32l5xx_hal_gpio.c.obj
 .debug_loclists
                0x00001322     0x310e CMakeFiles/untitled.elf.dir/Drivers/STM32L5xx_HAL_Driver/Src/stm32l5xx_hal_i2c.c.obj
 .debug_loclists
                0x00004430       0xd9 CMakeFiles/untitled.elf.dir/Drivers/STM32L5xx_HAL_Driver/Src/stm32l5xx_hal_i2c_ex.c.obj
 .debug_loclists
                0x00004509      0x292 CMakeFiles/untitled.elf.dir/Drivers/STM32L5xx_HAL_Driver/Src/stm32l5xx_hal_icache.c.obj
 .debug_loclists
                0x0000479b      0x451 CMakeFiles/untitled.elf.dir/Drivers/STM32L5xx_HAL_Driver/Src/stm32l5xx_hal_pwr_ex.c.obj
 .debug_loclists
                0x00004bec      0x7f8 CMakeFiles/untitled.elf.dir/Drivers/STM32L5xx_HAL_Driver/Src/stm32l5xx_hal_rcc.c.obj
 .debug_loclists
                0x000053e4     0x140f CMakeFiles/untitled.elf.dir/Drivers/STM32L5xx_HAL_Driver/Src/stm32l5xx_hal_rcc_ex.c.obj
 .debug_loclists
                0x000067f3     0x1264 CMakeFiles/untitled.elf.dir/Drivers/STM32L5xx_HAL_Driver/Src/stm32l5xx_hal_spi.c.obj

.debug_aranges  0x00000000      0xde0
 .debug_aranges
                0x00000000       0x28 CMakeFiles/untitled.elf.dir/Core/Src/base64.c.obj
 .debug_aranges
                0x00000028       0x90 CMakeFiles/untitled.elf.dir/Core/Src/main.c.obj
 .debug_aranges
                0x000000b8       0x40 CMakeFiles/untitled.elf.dir/Core/Src/stm32l5xx_hal_msp.c.obj
 .debug_aranges
                0x000000f8       0x68 CMakeFiles/untitled.elf.dir/Core/Src/stm32l5xx_it.c.obj
 .debug_aranges
                0x00000160       0xa8 CMakeFiles/untitled.elf.dir/Core/Src/syscalls.c.obj
 .debug_aranges
                0x00000208       0x20 CMakeFiles/untitled.elf.dir/Core/Src/sysmem.c.obj
 .debug_aranges
                0x00000228       0x28 CMakeFiles/untitled.elf.dir/Core/Src/system_stm32l5xx.c.obj
 .debug_aranges
                0x00000250       0x28 CMakeFiles/untitled.elf.dir/Core/Startup/startup_stm32l552cctx.s.obj
 .debug_aranges
                0x00000278      0x130 CMakeFiles/untitled.elf.dir/Drivers/STM32L5xx_HAL_Driver/Src/stm32l5xx_hal.c.obj
 .debug_aranges
                0x000003a8       0xf8 CMakeFiles/untitled.elf.dir/Drivers/STM32L5xx_HAL_Driver/Src/stm32l5xx_hal_cortex.c.obj
 .debug_aranges
                0x000004a0       0x60 CMakeFiles/untitled.elf.dir/Drivers/STM32L5xx_HAL_Driver/Src/stm32l5xx_hal_gpio.c.obj
 .debug_aranges
                0x00000500      0x2a0 CMakeFiles/untitled.elf.dir/Drivers/STM32L5xx_HAL_Driver/Src/stm32l5xx_hal_i2c.c.obj
 .debug_aranges
                0x000007a0       0x48 CMakeFiles/untitled.elf.dir/Drivers/STM32L5xx_HAL_Driver/Src/stm32l5xx_hal_i2c_ex.c.obj
 .debug_aranges
                0x000007e8       0xa8 CMakeFiles/untitled.elf.dir/Drivers/STM32L5xx_HAL_Driver/Src/stm32l5xx_hal_icache.c.obj
 .debug_aranges
                0x00000890      0x1b8 CMakeFiles/untitled.elf.dir/Drivers/STM32L5xx_HAL_Driver/Src/stm32l5xx_hal_pwr_ex.c.obj
 .debug_aranges
                0x00000a48       0xa8 CMakeFiles/untitled.elf.dir/Drivers/STM32L5xx_HAL_Driver/Src/stm32l5xx_hal_rcc.c.obj
 .debug_aranges
                0x00000af0      0x118 CMakeFiles/untitled.elf.dir/Drivers/STM32L5xx_HAL_Driver/Src/stm32l5xx_hal_rcc_ex.c.obj
 .debug_aranges
                0x00000c08      0x1d8 CMakeFiles/untitled.elf.dir/Drivers/STM32L5xx_HAL_Driver/Src/stm32l5xx_hal_spi.c.obj

.debug_rnglists
                0x00000000      0xab1
 .debug_rnglists
                0x00000000       0x28 CMakeFiles/untitled.elf.dir/Core/Src/base64.c.obj
 .debug_rnglists
                0x00000028       0x77 CMakeFiles/untitled.elf.dir/Core/Src/main.c.obj
 .debug_rnglists
                0x0000009f       0x2c CMakeFiles/untitled.elf.dir/Core/Src/stm32l5xx_hal_msp.c.obj
 .debug_rnglists
                0x000000cb       0x49 CMakeFiles/untitled.elf.dir/Core/Src/stm32l5xx_it.c.obj
 .debug_rnglists
                0x00000114       0x79 CMakeFiles/untitled.elf.dir/Core/Src/syscalls.c.obj
 .debug_rnglists
                0x0000018d       0x13 CMakeFiles/untitled.elf.dir/Core/Src/sysmem.c.obj
 .debug_rnglists
                0x000001a0       0x1a CMakeFiles/untitled.elf.dir/Core/Src/system_stm32l5xx.c.obj
 .debug_rnglists
                0x000001ba       0x19 CMakeFiles/untitled.elf.dir/Core/Startup/startup_stm32l552cctx.s.obj
 .debug_rnglists